+ analyze_power_grid -net VDD -voltage_file /foss/runs/pnr_a40_v33_keepout_m2m3/run/58-openroad-irdropreport/net-VDD.csv
[INFO PSM-0040] All shapes on net VDD are connected.
########## IR report #################
Net              : VDD
Corner           : nom_tt_025C_3v30
Total power      : 2.29e-01 W
Supply voltage   : 3.30e+00 V
Worstcase voltage: 3.30e+00 V
Average voltage  : 3.30e+00 V
Average IR drop  : 1.14e-04 V
Worstcase IR drop: 2.44e-03 V
Percentage drop  : 0.07 %
######################################
+ analyze_power_grid -net VSS -voltage_file /foss/runs/pnr_a40_v33_keepout_m2m3/run/58-openroad-irdropreport/net-VSS.csv
[INFO PSM-0040] All shapes on net VSS are connected.
########## IR report #################
Net              : VSS
Corner           : nom_tt_025C_3v30
Total power      : 2.29e-01 W
Supply voltage   : 0.00e+00 V
Worstcase voltage: 2.95e-03 V
Average voltage  : 1.08e-04 V
Average IR drop  : 1.08e-04 V
Worstcase IR drop: 2.95e-03 V
Percentage drop  : 0.09 %
######################################
