
===========================================================================
report_checks -unconstrained
===========================================================================
======================= max_ss_125C_3v00 Corner ===================================

Startpoint: _62725_ (rising edge-triggered flip-flop clocked by IQ_CLK)
Endpoint: _62874_ (rising edge-triggered flip-flop clocked by IQ_CLK)
Path Group: IQ_CLK
Path Type: max

Fanout         Cap        Slew       Delay        Time   Description
---------------------------------------------------------------------------------------------
                                  0.000000    0.000000   clock IQ_CLK (rise edge)
                                  0.000000    0.000000   clock source latency
     2    0.205566    0.000000    0.000000    0.000000 ^ IQ_CLK (in)
                                                         IQ_CLK (net)
                      0.088228    0.036088    0.036088 ^ clkbuf_regs_0_IQ_CLK/I (gf180mcu_fd_sc_mcu7t5v0__clkbuf_16)
     1    0.023263    0.237430    0.542192    0.578280 ^ clkbuf_regs_0_IQ_CLK/Z (gf180mcu_fd_sc_mcu7t5v0__clkbuf_16)
                                                         IQ_CLK_regs (net)
                      0.237430    0.000270    0.578551 ^ clkbuf_0_IQ_CLK_regs/I (gf180mcu_fd_sc_mcu7t5v0__clkbuf_16)
     4    0.197646    0.655652    0.886708    1.465259 ^ clkbuf_0_IQ_CLK_regs/Z (gf180mcu_fd_sc_mcu7t5v0__clkbuf_16)
                                                         clknet_0_IQ_CLK_regs (net)
                      0.655755    0.012239    1.477498 ^ clkbuf_2_0_0_IQ_CLK_regs/I (gf180mcu_fd_sc_mcu7t5v0__clkbuf_16)
     4    0.239596    0.762799    1.055503    2.533001 ^ clkbuf_2_0_0_IQ_CLK_regs/Z (gf180mcu_fd_sc_mcu7t5v0__clkbuf_16)
                                                         clknet_2_0_0_IQ_CLK_regs (net)
                      0.763147    0.017147    2.550149 ^ clkbuf_4_2_0_IQ_CLK_regs/I (gf180mcu_fd_sc_mcu7t5v0__clkbuf_16)
    13    0.589312    1.673785    1.628916    4.179064 ^ clkbuf_4_2_0_IQ_CLK_regs/Z (gf180mcu_fd_sc_mcu7t5v0__clkbuf_16)
                                                         clknet_4_2_0_IQ_CLK_regs (net)
                      1.674010    0.010832    4.189897 ^ clkbuf_leaf_162_IQ_CLK_regs/I (gf180mcu_fd_sc_mcu7t5v0__clkbuf_16)
    30    0.207463    0.701840    1.208093    5.397989 ^ clkbuf_leaf_162_IQ_CLK_regs/Z (gf180mcu_fd_sc_mcu7t5v0__clkbuf_16)
                                                         clknet_leaf_162_IQ_CLK_regs (net)
                      0.701843    0.002315    5.400304 ^ _62725_/CLK (gf180mcu_fd_sc_mcu7t5v0__dffq_1)
     3    0.043617    1.041345    2.558358    7.958663 v _62725_/Q (gf180mcu_fd_sc_mcu7t5v0__dffq_1)
                                                         Zpair_q[3][10] (net)
                      1.041345    0.000767    7.959430 v _50912_/C1 (gf180mcu_fd_sc_mcu7t5v0__aoi222_1)
     1    0.064192   10.558168    6.834035   14.793465 ^ _50912_/ZN (gf180mcu_fd_sc_mcu7t5v0__aoi222_1)
                                                         _23622_ (net)
                     10.558168    0.002956   14.796420 ^ _50915_/A1 (gf180mcu_fd_sc_mcu7t5v0__aoi21_1)
     2    0.062445    4.284417    3.062001   17.858421 v _50915_/ZN (gf180mcu_fd_sc_mcu7t5v0__aoi21_1)
                                                         _23625_ (net)
                      4.284434    0.004999   17.863420 v _50921_/A2 (gf180mcu_fd_sc_mcu7t5v0__xor3_1)
     2    0.038113    1.799561    5.134045   22.997463 v _50921_/Z (gf180mcu_fd_sc_mcu7t5v0__xor3_1)
                                                         _23631_ (net)
                      1.799561    0.001403   22.998867 v _50929_/A2 (gf180mcu_fd_sc_mcu7t5v0__oai21_2)
     2    0.060062    3.324625    2.498643   25.497511 ^ _50929_/ZN (gf180mcu_fd_sc_mcu7t5v0__oai21_2)
                                                         _23638_ (net)
                      3.324625    0.002947   25.500458 ^ _50941_/A1 (gf180mcu_fd_sc_mcu7t5v0__aoi21_2)
     2    0.031030    1.327738    0.990953   26.491411 v _50941_/ZN (gf180mcu_fd_sc_mcu7t5v0__aoi21_2)
                                                         _23649_ (net)
                      1.327738    0.000671   26.492083 v _50961_/B1 (gf180mcu_fd_sc_mcu7t5v0__oai32_4)
     3    0.030081    3.029652    1.152035   27.644117 ^ _50961_/ZN (gf180mcu_fd_sc_mcu7t5v0__oai32_4)
                                                         _23668_ (net)
                      3.029652    0.000586   27.644703 ^ _50986_/A1 (gf180mcu_fd_sc_mcu7t5v0__aoi21_2)
     2    0.026570    1.189363    0.892046   28.536749 v _50986_/ZN (gf180mcu_fd_sc_mcu7t5v0__aoi21_2)
                                                         _23692_ (net)
                      1.189363    0.000691   28.537439 v _50995_/A1 (gf180mcu_fd_sc_mcu7t5v0__oai21_2)
     2    0.044699    2.633535    1.934037   30.471478 ^ _50995_/ZN (gf180mcu_fd_sc_mcu7t5v0__oai21_2)
                                                         _23700_ (net)
                      2.633535    0.002437   30.473913 ^ _51006_/A1 (gf180mcu_fd_sc_mcu7t5v0__nand2_2)
     2    0.037114    1.224416    0.971845   31.445759 v _51006_/ZN (gf180mcu_fd_sc_mcu7t5v0__nand2_2)
                                                         _23711_ (net)
                      1.224416    0.000611   31.446369 v _51012_/A2 (gf180mcu_fd_sc_mcu7t5v0__nand2_4)
     2    0.105965    1.621826    1.319883   32.766254 ^ _51012_/ZN (gf180mcu_fd_sc_mcu7t5v0__nand2_4)
                                                         _23716_ (net)
                      1.621841    0.007621   32.773872 ^ _51023_/A2 (gf180mcu_fd_sc_mcu7t5v0__nand2_4)
     4    0.145195    2.263955    1.195218   33.969093 v _51023_/ZN (gf180mcu_fd_sc_mcu7t5v0__nand2_4)
                                                         _23727_ (net)
                      2.263988    0.004857   33.973949 v _51074_/A1 (gf180mcu_fd_sc_mcu7t5v0__nor4_4)
     2    0.047651    3.459557    2.264542   36.238491 ^ _51074_/ZN (gf180mcu_fd_sc_mcu7t5v0__nor4_4)
                                                         _23774_ (net)
                      3.459557    0.001940   36.240429 ^ _51129_/A2 (gf180mcu_fd_sc_mcu7t5v0__nand3_2)
     2    0.084672    2.662286    2.050943   38.291374 v _51129_/ZN (gf180mcu_fd_sc_mcu7t5v0__nand3_2)
                                                         _23825_ (net)
                      2.662334    0.006832   38.298206 v _51158_/A1 (gf180mcu_fd_sc_mcu7t5v0__aoi211_4)
     2    0.040968    2.691084    1.933344   40.231548 ^ _51158_/ZN (gf180mcu_fd_sc_mcu7t5v0__aoi211_4)
                                                         _23852_ (net)
                      2.691084    0.001233   40.232780 ^ _51196_/A1 (gf180mcu_fd_sc_mcu7t5v0__aoi211_4)
     2    0.129337    2.583735    1.510479   41.743259 v _51196_/ZN (gf180mcu_fd_sc_mcu7t5v0__aoi211_4)
                                                         _23888_ (net)
                      2.583747    0.009042   41.752304 v _51210_/A1 (gf180mcu_fd_sc_mcu7t5v0__oai21_4)
     2    0.048271    1.790794    1.787683   43.539986 ^ _51210_/ZN (gf180mcu_fd_sc_mcu7t5v0__oai21_4)
                                                         _23901_ (net)
                      1.790794    0.001840   43.541824 ^ _51220_/A2 (gf180mcu_fd_sc_mcu7t5v0__nand2_2)
     1    0.017059    0.679929    0.504979   44.046806 v _51220_/ZN (gf180mcu_fd_sc_mcu7t5v0__nand2_2)
                                                         _23910_ (net)
                      0.679929    0.000174   44.046978 v _51221_/B (gf180mcu_fd_sc_mcu7t5v0__oai21_4)
     2    0.024826    1.487466    0.792291   44.839268 ^ _51221_/ZN (gf180mcu_fd_sc_mcu7t5v0__oai21_4)
                                                         _23911_ (net)
                      1.487466    0.000611   44.839882 ^ _51229_/A1 (gf180mcu_fd_sc_mcu7t5v0__aoi21_2)
     1    0.024784    1.165891    0.731173   45.571053 v _51229_/ZN (gf180mcu_fd_sc_mcu7t5v0__aoi21_2)
                                                         _23918_ (net)
                      1.165891    0.001020   45.572075 v _51230_/A3 (gf180mcu_fd_sc_mcu7t5v0__xor3_2)
     6    0.072803    1.713080    2.615931   48.188004 ^ _51230_/Z (gf180mcu_fd_sc_mcu7t5v0__xor3_2)
                                                         _23919_ (net)
                      1.713088    0.002746   48.190750 ^ _52491_/A1 (gf180mcu_fd_sc_mcu7t5v0__aoi221_1)
     1    0.009519    2.804676    0.758757   48.949509 v _52491_/ZN (gf180mcu_fd_sc_mcu7t5v0__aoi221_1)
                                                         _24860_ (net)
                      2.804676    0.000231   48.949738 v _52493_/A1 (gf180mcu_fd_sc_mcu7t5v0__oai31_1)
     1    0.004765    1.866973    1.814588   50.764324 ^ _52493_/ZN (gf180mcu_fd_sc_mcu7t5v0__oai31_1)
                                                         _03411_ (net)
                      1.866973    0.000099   50.764423 ^ _62874_/D (gf180mcu_fd_sc_mcu7t5v0__dffq_1)
                                             50.764423   data arrival time

                                 31.250000   31.250000   clock IQ_CLK (rise edge)
                                  0.000000   31.250000   clock source latency
     2    0.205566    0.000000    0.000000   31.250000 ^ IQ_CLK (in)
                                                         IQ_CLK (net)
                      0.088228    0.036088   31.286089 ^ clkbuf_regs_0_IQ_CLK/I (gf180mcu_fd_sc_mcu7t5v0__clkbuf_16)
     1    0.023263    0.237430    0.542190   31.828279 ^ clkbuf_regs_0_IQ_CLK/Z (gf180mcu_fd_sc_mcu7t5v0__clkbuf_16)
                                                         IQ_CLK_regs (net)
                      0.237430    0.000274   31.828552 ^ clkbuf_0_IQ_CLK_regs/I (gf180mcu_fd_sc_mcu7t5v0__clkbuf_16)
     4    0.197646    0.655652    0.886708   32.715260 ^ clkbuf_0_IQ_CLK_regs/Z (gf180mcu_fd_sc_mcu7t5v0__clkbuf_16)
                                                         clknet_0_IQ_CLK_regs (net)
                      0.655800    0.014570   32.729832 ^ clkbuf_2_2_0_IQ_CLK_regs/I (gf180mcu_fd_sc_mcu7t5v0__clkbuf_16)
     4    0.206574    0.675755    1.000313   33.730145 ^ clkbuf_2_2_0_IQ_CLK_regs/Z (gf180mcu_fd_sc_mcu7t5v0__clkbuf_16)
                                                         clknet_2_2_0_IQ_CLK_regs (net)
                      0.676324    0.022684   33.752827 ^ clkbuf_4_8_0_IQ_CLK_regs/I (gf180mcu_fd_sc_mcu7t5v0__clkbuf_16)
    12    0.477636    1.367448    1.421679   35.174507 ^ clkbuf_4_8_0_IQ_CLK_regs/Z (gf180mcu_fd_sc_mcu7t5v0__clkbuf_16)
                                                         clknet_4_8_0_IQ_CLK_regs (net)
                      1.371090    0.039705   35.214211 ^ clkbuf_leaf_138_IQ_CLK_regs/I (gf180mcu_fd_sc_mcu7t5v0__clkbuf_16)
    29    0.223257    0.734244    1.190124   36.404335 ^ clkbuf_leaf_138_IQ_CLK_regs/Z (gf180mcu_fd_sc_mcu7t5v0__clkbuf_16)
                                                         clknet_leaf_138_IQ_CLK_regs (net)
                      0.734245    0.001496   36.405830 ^ _62874_/CLK (gf180mcu_fd_sc_mcu7t5v0__dffq_1)
                                 -0.500000   35.905830   clock uncertainty
                                  0.000000   35.905830   clock reconvergence pessimism
                                 -0.853715   35.052120   library setup time
                                             35.052120   data required time
---------------------------------------------------------------------------------------------
                                             35.052120   data required time
                                            -50.764423   data arrival time
---------------------------------------------------------------------------------------------
                                            -15.712307   slack (VIOLATED)




===========================================================================
report_checks --slack_max -0.01
============================================================================
======================= max_ss_125C_3v00 Corner ===================================

Startpoint: _62725_ (rising edge-triggered flip-flop clocked by IQ_CLK)
Endpoint: _62874_ (rising edge-triggered flip-flop clocked by IQ_CLK)
Path Group: IQ_CLK
Path Type: max

Fanout         Cap        Slew       Delay        Time   Description
---------------------------------------------------------------------------------------------
                                  0.000000    0.000000   clock IQ_CLK (rise edge)
                                  0.000000    0.000000   clock source latency
     2    0.205566    0.000000    0.000000    0.000000 ^ IQ_CLK (in)
                                                         IQ_CLK (net)
                      0.088228    0.036088    0.036088 ^ clkbuf_regs_0_IQ_CLK/I (gf180mcu_fd_sc_mcu7t5v0__clkbuf_16)
     1    0.023263    0.237430    0.542192    0.578280 ^ clkbuf_regs_0_IQ_CLK/Z (gf180mcu_fd_sc_mcu7t5v0__clkbuf_16)
                                                         IQ_CLK_regs (net)
                      0.237430    0.000270    0.578551 ^ clkbuf_0_IQ_CLK_regs/I (gf180mcu_fd_sc_mcu7t5v0__clkbuf_16)
     4    0.197646    0.655652    0.886708    1.465259 ^ clkbuf_0_IQ_CLK_regs/Z (gf180mcu_fd_sc_mcu7t5v0__clkbuf_16)
                                                         clknet_0_IQ_CLK_regs (net)
                      0.655755    0.012239    1.477498 ^ clkbuf_2_0_0_IQ_CLK_regs/I (gf180mcu_fd_sc_mcu7t5v0__clkbuf_16)
     4    0.239596    0.762799    1.055503    2.533001 ^ clkbuf_2_0_0_IQ_CLK_regs/Z (gf180mcu_fd_sc_mcu7t5v0__clkbuf_16)
                                                         clknet_2_0_0_IQ_CLK_regs (net)
                      0.763147    0.017147    2.550149 ^ clkbuf_4_2_0_IQ_CLK_regs/I (gf180mcu_fd_sc_mcu7t5v0__clkbuf_16)
    13    0.589312    1.673785    1.628916    4.179064 ^ clkbuf_4_2_0_IQ_CLK_regs/Z (gf180mcu_fd_sc_mcu7t5v0__clkbuf_16)
                                                         clknet_4_2_0_IQ_CLK_regs (net)
                      1.674010    0.010832    4.189897 ^ clkbuf_leaf_162_IQ_CLK_regs/I (gf180mcu_fd_sc_mcu7t5v0__clkbuf_16)
    30    0.207463    0.701840    1.208093    5.397989 ^ clkbuf_leaf_162_IQ_CLK_regs/Z (gf180mcu_fd_sc_mcu7t5v0__clkbuf_16)
                                                         clknet_leaf_162_IQ_CLK_regs (net)
                      0.701843    0.002315    5.400304 ^ _62725_/CLK (gf180mcu_fd_sc_mcu7t5v0__dffq_1)
     3    0.043617    1.041345    2.558358    7.958663 v _62725_/Q (gf180mcu_fd_sc_mcu7t5v0__dffq_1)
                                                         Zpair_q[3][10] (net)
                      1.041345    0.000767    7.959430 v _50912_/C1 (gf180mcu_fd_sc_mcu7t5v0__aoi222_1)
     1    0.064192   10.558168    6.834035   14.793465 ^ _50912_/ZN (gf180mcu_fd_sc_mcu7t5v0__aoi222_1)
                                                         _23622_ (net)
                     10.558168    0.002956   14.796420 ^ _50915_/A1 (gf180mcu_fd_sc_mcu7t5v0__aoi21_1)
     2    0.062445    4.284417    3.062001   17.858421 v _50915_/ZN (gf180mcu_fd_sc_mcu7t5v0__aoi21_1)
                                                         _23625_ (net)
                      4.284434    0.004999   17.863420 v _50921_/A2 (gf180mcu_fd_sc_mcu7t5v0__xor3_1)
     2    0.038113    1.799561    5.134045   22.997463 v _50921_/Z (gf180mcu_fd_sc_mcu7t5v0__xor3_1)
                                                         _23631_ (net)
                      1.799561    0.001403   22.998867 v _50929_/A2 (gf180mcu_fd_sc_mcu7t5v0__oai21_2)
     2    0.060062    3.324625    2.498643   25.497511 ^ _50929_/ZN (gf180mcu_fd_sc_mcu7t5v0__oai21_2)
                                                         _23638_ (net)
                      3.324625    0.002947   25.500458 ^ _50941_/A1 (gf180mcu_fd_sc_mcu7t5v0__aoi21_2)
     2    0.031030    1.327738    0.990953   26.491411 v _50941_/ZN (gf180mcu_fd_sc_mcu7t5v0__aoi21_2)
                                                         _23649_ (net)
                      1.327738    0.000671   26.492083 v _50961_/B1 (gf180mcu_fd_sc_mcu7t5v0__oai32_4)
     3    0.030081    3.029652    1.152035   27.644117 ^ _50961_/ZN (gf180mcu_fd_sc_mcu7t5v0__oai32_4)
                                                         _23668_ (net)
                      3.029652    0.000586   27.644703 ^ _50986_/A1 (gf180mcu_fd_sc_mcu7t5v0__aoi21_2)
     2    0.026570    1.189363    0.892046   28.536749 v _50986_/ZN (gf180mcu_fd_sc_mcu7t5v0__aoi21_2)
                                                         _23692_ (net)
                      1.189363    0.000691   28.537439 v _50995_/A1 (gf180mcu_fd_sc_mcu7t5v0__oai21_2)
     2    0.044699    2.633535    1.934037   30.471478 ^ _50995_/ZN (gf180mcu_fd_sc_mcu7t5v0__oai21_2)
                                                         _23700_ (net)
                      2.633535    0.002437   30.473913 ^ _51006_/A1 (gf180mcu_fd_sc_mcu7t5v0__nand2_2)
     2    0.037114    1.224416    0.971845   31.445759 v _51006_/ZN (gf180mcu_fd_sc_mcu7t5v0__nand2_2)
                                                         _23711_ (net)
                      1.224416    0.000611   31.446369 v _51012_/A2 (gf180mcu_fd_sc_mcu7t5v0__nand2_4)
     2    0.105965    1.621826    1.319883   32.766254 ^ _51012_/ZN (gf180mcu_fd_sc_mcu7t5v0__nand2_4)
                                                         _23716_ (net)
                      1.621841    0.007621   32.773872 ^ _51023_/A2 (gf180mcu_fd_sc_mcu7t5v0__nand2_4)
     4    0.145195    2.263955    1.195218   33.969093 v _51023_/ZN (gf180mcu_fd_sc_mcu7t5v0__nand2_4)
                                                         _23727_ (net)
                      2.263988    0.004857   33.973949 v _51074_/A1 (gf180mcu_fd_sc_mcu7t5v0__nor4_4)
     2    0.047651    3.459557    2.264542   36.238491 ^ _51074_/ZN (gf180mcu_fd_sc_mcu7t5v0__nor4_4)
                                                         _23774_ (net)
                      3.459557    0.001940   36.240429 ^ _51129_/A2 (gf180mcu_fd_sc_mcu7t5v0__nand3_2)
     2    0.084672    2.662286    2.050943   38.291374 v _51129_/ZN (gf180mcu_fd_sc_mcu7t5v0__nand3_2)
                                                         _23825_ (net)
                      2.662334    0.006832   38.298206 v _51158_/A1 (gf180mcu_fd_sc_mcu7t5v0__aoi211_4)
     2    0.040968    2.691084    1.933344   40.231548 ^ _51158_/ZN (gf180mcu_fd_sc_mcu7t5v0__aoi211_4)
                                                         _23852_ (net)
                      2.691084    0.001233   40.232780 ^ _51196_/A1 (gf180mcu_fd_sc_mcu7t5v0__aoi211_4)
     2    0.129337    2.583735    1.510479   41.743259 v _51196_/ZN (gf180mcu_fd_sc_mcu7t5v0__aoi211_4)
                                                         _23888_ (net)
                      2.583747    0.009042   41.752304 v _51210_/A1 (gf180mcu_fd_sc_mcu7t5v0__oai21_4)
     2    0.048271    1.790794    1.787683   43.539986 ^ _51210_/ZN (gf180mcu_fd_sc_mcu7t5v0__oai21_4)
                                                         _23901_ (net)
                      1.790794    0.001840   43.541824 ^ _51220_/A2 (gf180mcu_fd_sc_mcu7t5v0__nand2_2)
     1    0.017059    0.679929    0.504979   44.046806 v _51220_/ZN (gf180mcu_fd_sc_mcu7t5v0__nand2_2)
                                                         _23910_ (net)
                      0.679929    0.000174   44.046978 v _51221_/B (gf180mcu_fd_sc_mcu7t5v0__oai21_4)
     2    0.024826    1.487466    0.792291   44.839268 ^ _51221_/ZN (gf180mcu_fd_sc_mcu7t5v0__oai21_4)
                                                         _23911_ (net)
                      1.487466    0.000611   44.839882 ^ _51229_/A1 (gf180mcu_fd_sc_mcu7t5v0__aoi21_2)
     1    0.024784    1.165891    0.731173   45.571053 v _51229_/ZN (gf180mcu_fd_sc_mcu7t5v0__aoi21_2)
                                                         _23918_ (net)
                      1.165891    0.001020   45.572075 v _51230_/A3 (gf180mcu_fd_sc_mcu7t5v0__xor3_2)
     6    0.072803    1.713080    2.615931   48.188004 ^ _51230_/Z (gf180mcu_fd_sc_mcu7t5v0__xor3_2)
                                                         _23919_ (net)
                      1.713088    0.002746   48.190750 ^ _52491_/A1 (gf180mcu_fd_sc_mcu7t5v0__aoi221_1)
     1    0.009519    2.804676    0.758757   48.949509 v _52491_/ZN (gf180mcu_fd_sc_mcu7t5v0__aoi221_1)
                                                         _24860_ (net)
                      2.804676    0.000231   48.949738 v _52493_/A1 (gf180mcu_fd_sc_mcu7t5v0__oai31_1)
     1    0.004765    1.866973    1.814588   50.764324 ^ _52493_/ZN (gf180mcu_fd_sc_mcu7t5v0__oai31_1)
                                                         _03411_ (net)
                      1.866973    0.000099   50.764423 ^ _62874_/D (gf180mcu_fd_sc_mcu7t5v0__dffq_1)
                                             50.764423   data arrival time

                                 31.250000   31.250000   clock IQ_CLK (rise edge)
                                  0.000000   31.250000   clock source latency
     2    0.205566    0.000000    0.000000   31.250000 ^ IQ_CLK (in)
                                                         IQ_CLK (net)
                      0.088228    0.036088   31.286089 ^ clkbuf_regs_0_IQ_CLK/I (gf180mcu_fd_sc_mcu7t5v0__clkbuf_16)
     1    0.023263    0.237430    0.542190   31.828279 ^ clkbuf_regs_0_IQ_CLK/Z (gf180mcu_fd_sc_mcu7t5v0__clkbuf_16)
                                                         IQ_CLK_regs (net)
                      0.237430    0.000274   31.828552 ^ clkbuf_0_IQ_CLK_regs/I (gf180mcu_fd_sc_mcu7t5v0__clkbuf_16)
     4    0.197646    0.655652    0.886708   32.715260 ^ clkbuf_0_IQ_CLK_regs/Z (gf180mcu_fd_sc_mcu7t5v0__clkbuf_16)
                                                         clknet_0_IQ_CLK_regs (net)
                      0.655800    0.014570   32.729832 ^ clkbuf_2_2_0_IQ_CLK_regs/I (gf180mcu_fd_sc_mcu7t5v0__clkbuf_16)
     4    0.206574    0.675755    1.000313   33.730145 ^ clkbuf_2_2_0_IQ_CLK_regs/Z (gf180mcu_fd_sc_mcu7t5v0__clkbuf_16)
                                                         clknet_2_2_0_IQ_CLK_regs (net)
                      0.676324    0.022684   33.752827 ^ clkbuf_4_8_0_IQ_CLK_regs/I (gf180mcu_fd_sc_mcu7t5v0__clkbuf_16)
    12    0.477636    1.367448    1.421679   35.174507 ^ clkbuf_4_8_0_IQ_CLK_regs/Z (gf180mcu_fd_sc_mcu7t5v0__clkbuf_16)
                                                         clknet_4_8_0_IQ_CLK_regs (net)
                      1.371090    0.039705   35.214211 ^ clkbuf_leaf_138_IQ_CLK_regs/I (gf180mcu_fd_sc_mcu7t5v0__clkbuf_16)
    29    0.223257    0.734244    1.190124   36.404335 ^ clkbuf_leaf_138_IQ_CLK_regs/Z (gf180mcu_fd_sc_mcu7t5v0__clkbuf_16)
                                                         clknet_leaf_138_IQ_CLK_regs (net)
                      0.734245    0.001496   36.405830 ^ _62874_/CLK (gf180mcu_fd_sc_mcu7t5v0__dffq_1)
                                 -0.500000   35.905830   clock uncertainty
                                  0.000000   35.905830   clock reconvergence pessimism
                                 -0.853715   35.052120   library setup time
                                             35.052120   data required time
---------------------------------------------------------------------------------------------
                                             35.052120   data required time
                                            -50.764423   data arrival time
---------------------------------------------------------------------------------------------
                                            -15.712307   slack (VIOLATED)




===========================================================================
 report_check_types -max_slew -max_cap -max_fanout -violators
============================================================================
======================= max_ss_125C_3v00 Corner ===================================

max slew

Pin                                        Limit        Slew       Slack
------------------------------------------------------------------------
_51035_/A2                             15.600000   19.896292   -4.296291 (VIOLATED)
_51034_/ZN                             15.600000   19.896215   -4.296215 (VIOLATED)
_46587_/ZN                             15.600000   19.246386   -3.646386 (VIOLATED)
_46588_/B                              15.600000   19.246386   -3.646386 (VIOLATED)
_37004_/ZN                             15.600000   19.226391   -3.626390 (VIOLATED)
_37005_/A1                             15.600000   19.226391   -3.626390 (VIOLATED)
_46708_/A1                             15.600000   19.226391   -3.626390 (VIOLATED)
output44/I                             15.600000   19.180271   -3.580270 (VIOLATED)
_63973_/I                              15.600000   19.180090   -3.580089 (VIOLATED)
_31718_/ZN                             15.600000   19.179977   -3.579977 (VIOLATED)
_34318_/A2                             15.600000   17.450224   -1.850223 (VIOLATED)
_34304_/ZN                             15.600000   17.450047   -1.850047 (VIOLATED)
_34307_/A3                             15.600000   17.450047   -1.850047 (VIOLATED)
_46684_/ZN                             15.600000   17.172842   -1.572841 (VIOLATED)
_46685_/A2                             15.600000   17.172842   -1.572841 (VIOLATED)

max capacitance

Pin                                        Limit         Cap       Slack
------------------------------------------------------------------------
_31718_/ZN                              0.318300    0.412748   -0.094448 (VIOLATED)
_37004_/ZN                              0.112000    0.147633   -0.035633 (VIOLATED)
_34304_/ZN                              0.171400    0.203755   -0.032355 (VIOLATED)
_46587_/ZN                              0.097510    0.129045   -0.031535 (VIOLATED)
_51034_/ZN                              0.133600    0.148192   -0.014592 (VIOLATED)
_46583_/ZN                              0.110200    0.112400   -0.002200 (VIOLATED)



===========================================================================
report_parasitic_annotation -report_unannotated
============================================================================
Found 172 unannotated drivers.
 clkload0/ZN
 clkload1/ZN
 clkload10/ZN
 clkload100/ZN
 clkload101/ZN
 clkload102/ZN
 clkload103/ZN
 clkload104/ZN
 clkload105/Z
 clkload106/Z
 clkload107/ZN
 clkload108/Z
 clkload109/Z
 clkload11/ZN
 clkload110/Z
 clkload111/ZN
 clkload112/Z
 clkload113/Z
 clkload114/ZN
 clkload115/Z
 clkload116/ZN
 clkload117/ZN
 clkload118/Z
 clkload119/ZN
 clkload12/ZN
 clkload120/ZN
 clkload121/ZN
 clkload122/ZN
 clkload123/ZN
 clkload124/ZN
 clkload125/Z
 clkload126/ZN
 clkload127/ZN
 clkload128/Z
 clkload129/ZN
 clkload13/ZN
 clkload130/ZN
 clkload131/Z
 clkload132/ZN
 clkload133/ZN
 clkload134/ZN
 clkload135/ZN
 clkload136/ZN
 clkload137/Z
 clkload138/ZN
 clkload139/Z
 clkload14/Z
 clkload140/ZN
 clkload141/Z
 clkload142/Z
 clkload143/ZN
 clkload144/Z
 clkload145/ZN
 clkload146/Z
 clkload147/ZN
 clkload148/Z
 clkload149/ZN
 clkload15/Z
 clkload150/ZN
 clkload151/ZN
 clkload152/ZN
 clkload153/ZN
 clkload154/ZN
 clkload155/ZN
 clkload156/ZN
 clkload157/ZN
 clkload158/ZN
 clkload159/ZN
 clkload16/ZN
 clkload160/Z
 clkload161/Z
 clkload162/ZN
 clkload163/Z
 clkload164/ZN
 clkload165/Z
 clkload166/ZN
 clkload167/ZN
 clkload168/ZN
 clkload169/Z
 clkload17/ZN
 clkload170/Z
 clkload171/ZN
 clkload18/Z
 clkload19/ZN
 clkload2/Z
 clkload20/ZN
 clkload21/ZN
 clkload22/ZN
 clkload23/ZN
 clkload24/Z
 clkload25/Z
 clkload26/Z
 clkload27/ZN
 clkload28/Z
 clkload29/ZN
 clkload3/ZN
 clkload30/Z
 clkload31/Z
 clkload32/ZN
 clkload33/Z
 clkload34/ZN
 clkload35/ZN
 clkload36/Z
 clkload37/ZN
 clkload38/ZN
 clkload39/ZN
 clkload4/ZN
 clkload40/ZN
 clkload41/Z
 clkload42/ZN
 clkload43/ZN
 clkload44/ZN
 clkload45/ZN
 clkload46/ZN
 clkload47/Z
 clkload48/ZN
 clkload49/Z
 clkload5/ZN
 clkload50/ZN
 clkload51/Z
 clkload52/Z
 clkload53/ZN
 clkload54/Z
 clkload55/ZN
 clkload56/ZN
 clkload57/ZN
 clkload58/Z
 clkload59/Z
 clkload6/ZN
 clkload60/Z
 clkload61/ZN
 clkload62/Z
 clkload63/Z
 clkload64/Z
 clkload65/Z
 clkload66/ZN
 clkload67/ZN
 clkload68/Z
 clkload69/ZN
 clkload7/ZN
 clkload70/ZN
 clkload71/Z
 clkload72/Z
 clkload73/ZN
 clkload74/ZN
 clkload75/Z
 clkload76/ZN
 clkload77/ZN
 clkload78/ZN
 clkload79/ZN
 clkload8/ZN
 clkload80/ZN
 clkload81/Z
 clkload82/ZN
 clkload83/Z
 clkload84/Z
 clkload85/Z
 clkload86/ZN
 clkload87/Z
 clkload88/Z
 clkload89/Z
 clkload9/ZN
 clkload90/ZN
 clkload91/Z
 clkload92/ZN
 clkload93/Z
 clkload94/ZN
 clkload95/ZN
 clkload96/ZN
 clkload97/Z
 clkload98/ZN
 clkload99/Z
Found 0 partially unannotated drivers.

===========================================================================
max slew violation count 15
max fanout violation count 0
max cap violation count 6
============================================================================

===========================================================================
check_setup -verbose -unconstrained_endpoints -multiple_clock -no_clock -no_input_delay -loops -generated_clocks
===========================================================================
Warning: There are 25 input ports missing set_input_delay.
  GRP_ADDR_0
  GRP_ADDR_1
  GRP_ADDR_2
  GRP_ADDR_3
  GRP_ADDR_4
  GRP_ADDR_5
  GRP_ADDR_6
  GRP_ADDR_7
  GRP_RE
  GRP_WDATA_0
  GRP_WDATA_1
  GRP_WDATA_2
  GRP_WDATA_3
  GRP_WDATA_4
  GRP_WDATA_5
  GRP_WDATA_6
  GRP_WDATA_7
  GRP_WE
  HOST_CS
  PSRAM_SIO_IN_0
  PSRAM_SIO_IN_1
  PSRAM_SIO_IN_2
  PSRAM_SIO_IN_3
  RESETB
  SPI_SCK
Warning: There are 51 unclocked register/latch pins.
  _62408_/CLK
  _62409_/CLK
  _62410_/CLK
  _62411_/CLK
  _62412_/CLK
  _62413_/CLK
  _62414_/CLK
  _62415_/CLK
  _62416_/CLK
  _62417_/CLK
  _62418_/CLK
  _62419_/CLK
  _62420_/CLK
  _62421_/CLK
  _62422_/CLK
  _62423_/CLK
  _62424_/CLK
  _62425_/CLK
  _62426_/CLK
  _62427_/CLK
  _62428_/CLK
  _62429_/CLK
  _62430_/CLK
  _62431_/CLK
  _62432_/CLK
  _62433_/CLK
  _62434_/CLK
  _62435_/CLK
  _62436_/CLK
  _62437_/CLK
  _62438_/CLK
  _62439_/CLK
  _62440_/CLK
  _63945_/CLKN
  _63946_/CLKN
  _63947_/CLKN
  _63948_/CLKN
  _63949_/CLKN
  _63950_/CLKN
  _63951_/CLKN
  _63952_/CLKN
  _63956_/CLK
  _63957_/CLK
  _63958_/CLK
  _63964_/CLK
  _63965_/CLK
  _63966_/CLK
  _63967_/CLK
  _63968_/CLK
  _63969_/CLK
  _63970_/CLK
Warning: There are 54 unconstrained endpoints.
  SPI_MISO
  _62408_/D
  _62409_/D
  _62410_/D
  _62411_/D
  _62412_/D
  _62413_/D
  _62414_/D
  _62415_/D
  _62416_/D
  _62417_/D
  _62418_/D
  _62419_/D
  _62420_/D
  _62421_/D
  _62422_/D
  _62423_/D
  _62424_/D
  _62425_/D
  _62426_/D
  _62427_/D
  _62428_/D
  _62429_/D
  _62430_/D
  _62431_/D
  _62432_/D
  _62433_/D
  _62434_/D
  _62435_/D
  _62436_/D
  _62437_/D
  _62438_/D
  _62439_/D
  _62440_/D
  _63945_/D
  _63946_/D
  _63947_/D
  _63948_/D
  _63949_/D
  _63950_/D
  _63951_/D
  _63952_/D
  _63956_/D
  _63957_/D
  _63958_/D
  _63959_/D
  _63962_/D
  _63964_/D
  _63965_/D
  _63966_/D
  _63967_/D
  _63968_/D
  _63969_/D
  _63970_/D
