
===========================================================================
report_checks -unconstrained
===========================================================================
======================= max_ss_125C_3v00 Corner ===================================

Startpoint: _63059_ (rising edge-triggered flip-flop clocked by IQ_CLK)
Endpoint: _61495_ (rising edge-triggered flip-flop clocked by IQ_CLK)
Path Group: IQ_CLK
Path Type: max

Fanout         Cap        Slew       Delay        Time   Description
---------------------------------------------------------------------------------------------
                                  0.000000    0.000000   clock IQ_CLK (rise edge)
                                  0.000000    0.000000   clock source latency
     2    0.219340    0.000000    0.000000    0.000000 ^ IQ_CLK (in)
                                                         IQ_CLK (net)
                      0.047995    0.019632    0.019632 ^ clkbuf_regs_0_IQ_CLK/I (gf180mcu_fd_sc_mcu7t5v0__clkbuf_16)
     1    0.023393    0.237898    0.532429    0.552061 ^ clkbuf_regs_0_IQ_CLK/Z (gf180mcu_fd_sc_mcu7t5v0__clkbuf_16)
                                                         IQ_CLK_regs (net)
                      0.237898    0.000292    0.552353 ^ clkbuf_0_IQ_CLK_regs/I (gf180mcu_fd_sc_mcu7t5v0__clkbuf_16)
     4    0.199855    0.661408    0.890455    1.442808 ^ clkbuf_0_IQ_CLK_regs/Z (gf180mcu_fd_sc_mcu7t5v0__clkbuf_16)
                                                         clknet_0_IQ_CLK_regs (net)
                      0.661503    0.011831    1.454639 ^ clkbuf_2_0_0_IQ_CLK_regs/I (gf180mcu_fd_sc_mcu7t5v0__clkbuf_16)
     4    0.218909    0.704591    1.018148    2.472787 ^ clkbuf_2_0_0_IQ_CLK_regs/Z (gf180mcu_fd_sc_mcu7t5v0__clkbuf_16)
                                                         clknet_2_0_0_IQ_CLK_regs (net)
                      0.706036    0.027926    2.500713 ^ clkbuf_4_2_0_IQ_CLK_regs/I (gf180mcu_fd_sc_mcu7t5v0__clkbuf_16)
    14    0.543272    1.545322    1.535149    4.035862 ^ clkbuf_4_2_0_IQ_CLK_regs/Z (gf180mcu_fd_sc_mcu7t5v0__clkbuf_16)
                                                         clknet_4_2_0_IQ_CLK_regs (net)
                      1.547281    0.030429    4.066292 ^ clkbuf_leaf_171_IQ_CLK_regs/I (gf180mcu_fd_sc_mcu7t5v0__clkbuf_16)
    27    0.186474    0.645929    1.156777    5.223069 ^ clkbuf_leaf_171_IQ_CLK_regs/Z (gf180mcu_fd_sc_mcu7t5v0__clkbuf_16)
                                                         clknet_leaf_171_IQ_CLK_regs (net)
                      0.645929    0.001262    5.224331 ^ _63059_/CLK (gf180mcu_fd_sc_mcu7t5v0__dffrnq_4)
    17    0.222538    2.558830    4.681103    9.905434 ^ _63059_/Q (gf180mcu_fd_sc_mcu7t5v0__dffrnq_4)
                                                         ahb_re (net)
                      2.558850    0.004091    9.909525 ^ _29337_/I (gf180mcu_fd_sc_mcu7t5v0__clkinv_1)
     7    0.111472    4.103965    3.206357   13.115882 v _29337_/ZN (gf180mcu_fd_sc_mcu7t5v0__clkinv_1)
                                                         _05229_ (net)
                      4.104000    0.006771   13.122654 v _36211_/A1 (gf180mcu_fd_sc_mcu7t5v0__nor2_1)
     1    0.029846    3.106456    2.977707   16.100361 ^ _36211_/ZN (gf180mcu_fd_sc_mcu7t5v0__nor2_1)
                                                         _11440_ (net)
                      3.106456    0.001078   16.101439 ^ _36214_/B (gf180mcu_fd_sc_mcu7t5v0__aoi21_4)
    15    0.209795    2.729455    2.161933   18.263372 v _36214_/ZN (gf180mcu_fd_sc_mcu7t5v0__aoi21_4)
                                                         _11443_ (net)
                      2.729495    0.005892   18.269264 v _36215_/I (gf180mcu_fd_sc_mcu7t5v0__inv_2)
     9    0.148876    3.300151    2.889751   21.159014 ^ _36215_/ZN (gf180mcu_fd_sc_mcu7t5v0__inv_2)
                                                         _11444_ (net)
                      3.300221    0.008617   21.167631 ^ clone1177/A2 (gf180mcu_fd_sc_mcu7t5v0__nand2_2)
    13    0.289673    5.504137    3.858498   25.026129 v clone1177/ZN (gf180mcu_fd_sc_mcu7t5v0__nand2_2)
                                                         net1177 (net)
                      5.504137    0.004002   25.030132 v _36503_/A3 (gf180mcu_fd_sc_mcu7t5v0__nor4_4)
     7    0.223710   10.527704    7.585468   32.615601 ^ _36503_/ZN (gf180mcu_fd_sc_mcu7t5v0__nor4_4)
                                                         _11731_ (net)
                     10.527787    0.016477   32.632076 ^ _36794_/B1 (gf180mcu_fd_sc_mcu7t5v0__aoi22_1)
     2    0.132666    6.709428    5.568907   38.200985 v _36794_/ZN (gf180mcu_fd_sc_mcu7t5v0__aoi22_1)
                                                         _12018_ (net)
                      6.709520    0.013802   38.214787 v _36795_/A4 (gf180mcu_fd_sc_mcu7t5v0__and4_1)
     1    0.015423    0.734058    3.041635   41.256420 v _36795_/Z (gf180mcu_fd_sc_mcu7t5v0__and4_1)
                                                         _12019_ (net)
                      0.734058    0.000533   41.256954 v _36796_/A3 (gf180mcu_fd_sc_mcu7t5v0__nand3_1)
     1    0.073028    4.299916    2.838849   44.095802 ^ _36796_/ZN (gf180mcu_fd_sc_mcu7t5v0__nand3_1)
                                                         _12020_ (net)
                      4.299938    0.005478   44.101280 ^ _36812_/A1 (gf180mcu_fd_sc_mcu7t5v0__nor4_1)
     1    0.006943    1.349642    0.773813   44.875095 v _36812_/ZN (gf180mcu_fd_sc_mcu7t5v0__nor4_1)
                                                         _12036_ (net)
                      1.349642    0.000156   44.875252 v _36813_/A3 (gf180mcu_fd_sc_mcu7t5v0__and3_1)
     2    0.056161    1.419591    2.225697   47.100948 v _36813_/Z (gf180mcu_fd_sc_mcu7t5v0__and3_1)
                                                         _12037_ (net)
                      1.419633    0.004366   47.105316 v _44513_/A1 (gf180mcu_fd_sc_mcu7t5v0__oai21_1)
     1    0.004974    1.064421    0.946372   48.051685 ^ _44513_/ZN (gf180mcu_fd_sc_mcu7t5v0__oai21_1)
                                                         _02294_ (net)
                      1.064421    0.000099   48.051785 ^ _61495_/D (gf180mcu_fd_sc_mcu7t5v0__dffrnq_1)
                                             48.051785   data arrival time

                                 31.250000   31.250000   clock IQ_CLK (rise edge)
                                  0.000000   31.250000   clock source latency
     2    0.219340    0.000000    0.000000   31.250000 ^ IQ_CLK (in)
                                                         IQ_CLK (net)
                      0.047995    0.019632   31.269632 ^ clkbuf_regs_0_IQ_CLK/I (gf180mcu_fd_sc_mcu7t5v0__clkbuf_16)
     1    0.023393    0.237898    0.532427   31.802061 ^ clkbuf_regs_0_IQ_CLK/Z (gf180mcu_fd_sc_mcu7t5v0__clkbuf_16)
                                                         IQ_CLK_regs (net)
                      0.237898    0.000295   31.802355 ^ clkbuf_0_IQ_CLK_regs/I (gf180mcu_fd_sc_mcu7t5v0__clkbuf_16)
     4    0.199855    0.661408    0.890452   32.692806 ^ clkbuf_0_IQ_CLK_regs/Z (gf180mcu_fd_sc_mcu7t5v0__clkbuf_16)
                                                         clknet_0_IQ_CLK_regs (net)
                      0.661544    0.014122   32.706928 ^ clkbuf_2_2_0_IQ_CLK_regs/I (gf180mcu_fd_sc_mcu7t5v0__clkbuf_16)
     4    0.227997    0.728232    1.032959   33.739887 ^ clkbuf_2_2_0_IQ_CLK_regs/Z (gf180mcu_fd_sc_mcu7t5v0__clkbuf_16)
                                                         clknet_2_2_0_IQ_CLK_regs (net)
                      0.729910    0.028631   33.768520 ^ clkbuf_4_8_0_IQ_CLK_regs/I (gf180mcu_fd_sc_mcu7t5v0__clkbuf_16)
    12    0.509815    1.455947    1.487596   35.256115 ^ clkbuf_4_8_0_IQ_CLK_regs/Z (gf180mcu_fd_sc_mcu7t5v0__clkbuf_16)
                                                         clknet_4_8_0_IQ_CLK_regs (net)
                      1.458712    0.036060   35.292175 ^ clkbuf_leaf_144_IQ_CLK_regs/I (gf180mcu_fd_sc_mcu7t5v0__clkbuf_16)
    29    0.182033    0.633163    1.138012   36.430187 ^ clkbuf_leaf_144_IQ_CLK_regs/Z (gf180mcu_fd_sc_mcu7t5v0__clkbuf_16)
                                                         clknet_leaf_144_IQ_CLK_regs (net)
                      0.633174    0.005258   36.435448 ^ _61495_/CLK (gf180mcu_fd_sc_mcu7t5v0__dffrnq_1)
                                 -0.500000   35.935448   clock uncertainty
                                  0.000000   35.935448   clock reconvergence pessimism
                                 -1.029641   34.905807   library setup time
                                             34.905807   data required time
---------------------------------------------------------------------------------------------
                                             34.905807   data required time
                                            -48.051785   data arrival time
---------------------------------------------------------------------------------------------
                                            -13.145979   slack (VIOLATED)




===========================================================================
report_checks --slack_max -0.01
============================================================================
======================= max_ss_125C_3v00 Corner ===================================

Startpoint: _63059_ (rising edge-triggered flip-flop clocked by IQ_CLK)
Endpoint: _61495_ (rising edge-triggered flip-flop clocked by IQ_CLK)
Path Group: IQ_CLK
Path Type: max

Fanout         Cap        Slew       Delay        Time   Description
---------------------------------------------------------------------------------------------
                                  0.000000    0.000000   clock IQ_CLK (rise edge)
                                  0.000000    0.000000   clock source latency
     2    0.219340    0.000000    0.000000    0.000000 ^ IQ_CLK (in)
                                                         IQ_CLK (net)
                      0.047995    0.019632    0.019632 ^ clkbuf_regs_0_IQ_CLK/I (gf180mcu_fd_sc_mcu7t5v0__clkbuf_16)
     1    0.023393    0.237898    0.532429    0.552061 ^ clkbuf_regs_0_IQ_CLK/Z (gf180mcu_fd_sc_mcu7t5v0__clkbuf_16)
                                                         IQ_CLK_regs (net)
                      0.237898    0.000292    0.552353 ^ clkbuf_0_IQ_CLK_regs/I (gf180mcu_fd_sc_mcu7t5v0__clkbuf_16)
     4    0.199855    0.661408    0.890455    1.442808 ^ clkbuf_0_IQ_CLK_regs/Z (gf180mcu_fd_sc_mcu7t5v0__clkbuf_16)
                                                         clknet_0_IQ_CLK_regs (net)
                      0.661503    0.011831    1.454639 ^ clkbuf_2_0_0_IQ_CLK_regs/I (gf180mcu_fd_sc_mcu7t5v0__clkbuf_16)
     4    0.218909    0.704591    1.018148    2.472787 ^ clkbuf_2_0_0_IQ_CLK_regs/Z (gf180mcu_fd_sc_mcu7t5v0__clkbuf_16)
                                                         clknet_2_0_0_IQ_CLK_regs (net)
                      0.706036    0.027926    2.500713 ^ clkbuf_4_2_0_IQ_CLK_regs/I (gf180mcu_fd_sc_mcu7t5v0__clkbuf_16)
    14    0.543272    1.545322    1.535149    4.035862 ^ clkbuf_4_2_0_IQ_CLK_regs/Z (gf180mcu_fd_sc_mcu7t5v0__clkbuf_16)
                                                         clknet_4_2_0_IQ_CLK_regs (net)
                      1.547281    0.030429    4.066292 ^ clkbuf_leaf_171_IQ_CLK_regs/I (gf180mcu_fd_sc_mcu7t5v0__clkbuf_16)
    27    0.186474    0.645929    1.156777    5.223069 ^ clkbuf_leaf_171_IQ_CLK_regs/Z (gf180mcu_fd_sc_mcu7t5v0__clkbuf_16)
                                                         clknet_leaf_171_IQ_CLK_regs (net)
                      0.645929    0.001262    5.224331 ^ _63059_/CLK (gf180mcu_fd_sc_mcu7t5v0__dffrnq_4)
    17    0.222538    2.558830    4.681103    9.905434 ^ _63059_/Q (gf180mcu_fd_sc_mcu7t5v0__dffrnq_4)
                                                         ahb_re (net)
                      2.558850    0.004091    9.909525 ^ _29337_/I (gf180mcu_fd_sc_mcu7t5v0__clkinv_1)
     7    0.111472    4.103965    3.206357   13.115882 v _29337_/ZN (gf180mcu_fd_sc_mcu7t5v0__clkinv_1)
                                                         _05229_ (net)
                      4.104000    0.006771   13.122654 v _36211_/A1 (gf180mcu_fd_sc_mcu7t5v0__nor2_1)
     1    0.029846    3.106456    2.977707   16.100361 ^ _36211_/ZN (gf180mcu_fd_sc_mcu7t5v0__nor2_1)
                                                         _11440_ (net)
                      3.106456    0.001078   16.101439 ^ _36214_/B (gf180mcu_fd_sc_mcu7t5v0__aoi21_4)
    15    0.209795    2.729455    2.161933   18.263372 v _36214_/ZN (gf180mcu_fd_sc_mcu7t5v0__aoi21_4)
                                                         _11443_ (net)
                      2.729495    0.005892   18.269264 v _36215_/I (gf180mcu_fd_sc_mcu7t5v0__inv_2)
     9    0.148876    3.300151    2.889751   21.159014 ^ _36215_/ZN (gf180mcu_fd_sc_mcu7t5v0__inv_2)
                                                         _11444_ (net)
                      3.300221    0.008617   21.167631 ^ clone1177/A2 (gf180mcu_fd_sc_mcu7t5v0__nand2_2)
    13    0.289673    5.504137    3.858498   25.026129 v clone1177/ZN (gf180mcu_fd_sc_mcu7t5v0__nand2_2)
                                                         net1177 (net)
                      5.504137    0.004002   25.030132 v _36503_/A3 (gf180mcu_fd_sc_mcu7t5v0__nor4_4)
     7    0.223710   10.527704    7.585468   32.615601 ^ _36503_/ZN (gf180mcu_fd_sc_mcu7t5v0__nor4_4)
                                                         _11731_ (net)
                     10.527787    0.016477   32.632076 ^ _36794_/B1 (gf180mcu_fd_sc_mcu7t5v0__aoi22_1)
     2    0.132666    6.709428    5.568907   38.200985 v _36794_/ZN (gf180mcu_fd_sc_mcu7t5v0__aoi22_1)
                                                         _12018_ (net)
                      6.709520    0.013802   38.214787 v _36795_/A4 (gf180mcu_fd_sc_mcu7t5v0__and4_1)
     1    0.015423    0.734058    3.041635   41.256420 v _36795_/Z (gf180mcu_fd_sc_mcu7t5v0__and4_1)
                                                         _12019_ (net)
                      0.734058    0.000533   41.256954 v _36796_/A3 (gf180mcu_fd_sc_mcu7t5v0__nand3_1)
     1    0.073028    4.299916    2.838849   44.095802 ^ _36796_/ZN (gf180mcu_fd_sc_mcu7t5v0__nand3_1)
                                                         _12020_ (net)
                      4.299938    0.005478   44.101280 ^ _36812_/A1 (gf180mcu_fd_sc_mcu7t5v0__nor4_1)
     1    0.006943    1.349642    0.773813   44.875095 v _36812_/ZN (gf180mcu_fd_sc_mcu7t5v0__nor4_1)
                                                         _12036_ (net)
                      1.349642    0.000156   44.875252 v _36813_/A3 (gf180mcu_fd_sc_mcu7t5v0__and3_1)
     2    0.056161    1.419591    2.225697   47.100948 v _36813_/Z (gf180mcu_fd_sc_mcu7t5v0__and3_1)
                                                         _12037_ (net)
                      1.419633    0.004366   47.105316 v _44513_/A1 (gf180mcu_fd_sc_mcu7t5v0__oai21_1)
     1    0.004974    1.064421    0.946372   48.051685 ^ _44513_/ZN (gf180mcu_fd_sc_mcu7t5v0__oai21_1)
                                                         _02294_ (net)
                      1.064421    0.000099   48.051785 ^ _61495_/D (gf180mcu_fd_sc_mcu7t5v0__dffrnq_1)
                                             48.051785   data arrival time

                                 31.250000   31.250000   clock IQ_CLK (rise edge)
                                  0.000000   31.250000   clock source latency
     2    0.219340    0.000000    0.000000   31.250000 ^ IQ_CLK (in)
                                                         IQ_CLK (net)
                      0.047995    0.019632   31.269632 ^ clkbuf_regs_0_IQ_CLK/I (gf180mcu_fd_sc_mcu7t5v0__clkbuf_16)
     1    0.023393    0.237898    0.532427   31.802061 ^ clkbuf_regs_0_IQ_CLK/Z (gf180mcu_fd_sc_mcu7t5v0__clkbuf_16)
                                                         IQ_CLK_regs (net)
                      0.237898    0.000295   31.802355 ^ clkbuf_0_IQ_CLK_regs/I (gf180mcu_fd_sc_mcu7t5v0__clkbuf_16)
     4    0.199855    0.661408    0.890452   32.692806 ^ clkbuf_0_IQ_CLK_regs/Z (gf180mcu_fd_sc_mcu7t5v0__clkbuf_16)
                                                         clknet_0_IQ_CLK_regs (net)
                      0.661544    0.014122   32.706928 ^ clkbuf_2_2_0_IQ_CLK_regs/I (gf180mcu_fd_sc_mcu7t5v0__clkbuf_16)
     4    0.227997    0.728232    1.032959   33.739887 ^ clkbuf_2_2_0_IQ_CLK_regs/Z (gf180mcu_fd_sc_mcu7t5v0__clkbuf_16)
                                                         clknet_2_2_0_IQ_CLK_regs (net)
                      0.729910    0.028631   33.768520 ^ clkbuf_4_8_0_IQ_CLK_regs/I (gf180mcu_fd_sc_mcu7t5v0__clkbuf_16)
    12    0.509815    1.455947    1.487596   35.256115 ^ clkbuf_4_8_0_IQ_CLK_regs/Z (gf180mcu_fd_sc_mcu7t5v0__clkbuf_16)
                                                         clknet_4_8_0_IQ_CLK_regs (net)
                      1.458712    0.036060   35.292175 ^ clkbuf_leaf_144_IQ_CLK_regs/I (gf180mcu_fd_sc_mcu7t5v0__clkbuf_16)
    29    0.182033    0.633163    1.138012   36.430187 ^ clkbuf_leaf_144_IQ_CLK_regs/Z (gf180mcu_fd_sc_mcu7t5v0__clkbuf_16)
                                                         clknet_leaf_144_IQ_CLK_regs (net)
                      0.633174    0.005258   36.435448 ^ _61495_/CLK (gf180mcu_fd_sc_mcu7t5v0__dffrnq_1)
                                 -0.500000   35.935448   clock uncertainty
                                  0.000000   35.935448   clock reconvergence pessimism
                                 -1.029641   34.905807   library setup time
                                             34.905807   data required time
---------------------------------------------------------------------------------------------
                                             34.905807   data required time
                                            -48.051785   data arrival time
---------------------------------------------------------------------------------------------
                                            -13.145979   slack (VIOLATED)




===========================================================================
 report_check_types -max_slew -max_cap -max_fanout -violators
============================================================================
======================= max_ss_125C_3v00 Corner ===================================

max slew

Pin                                        Limit        Slew       Slack
------------------------------------------------------------------------
ANTENNA_23/I                           15.600000   24.528362   -8.928362 (VIOLATED)
_33983_/ZN                             15.600000   24.528362   -8.928362 (VIOLATED)
_34009_/C                              15.600000   24.528362   -8.928362 (VIOLATED)
_34009_/A1                             15.600000   23.004301   -7.404301 (VIOLATED)
_34012_/A2                             15.600000   23.004303   -7.404303 (VIOLATED)
_33980_/ZN                             15.600000   23.004011   -7.404012 (VIOLATED)
ANTENNA_91/I                           15.600000   20.397964   -4.797965 (VIOLATED)
ANTENNA_92/I                           15.600000   20.397964   -4.797965 (VIOLATED)
_53114_/A2                             15.600000   20.397964   -4.797965 (VIOLATED)
ANTENNA_89/I                           15.600000   20.397955   -4.797954 (VIOLATED)
ANTENNA_90/I                           15.600000   20.397957   -4.797958 (VIOLATED)
_36208_/B                              15.600000   20.397953   -4.797952 (VIOLATED)
_36207_/ZN                             15.600000   20.397766   -4.797766 (VIOLATED)
_33988_/A2                             15.600000   17.908369   -2.308369 (VIOLATED)
_34006_/A2                             15.600000   17.908369   -2.308369 (VIOLATED)
_34013_/A3                             15.600000   17.908369   -2.308369 (VIOLATED)
_33987_/ZN                             15.600000   17.908279   -2.308280 (VIOLATED)
ANTENNA_25/I                           15.600000   15.825281   -0.225281 (VIOLATED)
_53104_/A2                             15.600000   15.825281   -0.225281 (VIOLATED)
ANTENNA_24/I                           15.600000   15.825279   -0.225279 (VIOLATED)
_36198_/B                              15.600000   15.825277   -0.225278 (VIOLATED)
_36197_/ZN                             15.600000   15.825145   -0.225144 (VIOLATED)

max capacitance

Pin                                        Limit         Cap       Slack
------------------------------------------------------------------------
_33980_/ZN                              0.168500    0.266869   -0.098369 (VIOLATED)
_33983_/ZN                              0.104200    0.181766   -0.077566 (VIOLATED)
_36207_/ZN                              0.170700    0.238015   -0.067315 (VIOLATED)
_33987_/ZN                              0.168500    0.206453   -0.037953 (VIOLATED)
_36197_/ZN                              0.170700    0.183581   -0.012881 (VIOLATED)



===========================================================================
report_parasitic_annotation -report_unannotated
============================================================================
Found 187 unannotated drivers.
 HBURST[0]
 HBURST[1]
 HBURST[2]
 HMASTLOCK
 HPROT[0]
 HPROT[1]
 HPROT[2]
 HPROT[3]
 HTRANS[0]
 clkload0/ZN
 clkload1/ZN
 clkload10/ZN
 clkload100/ZN
 clkload101/ZN
 clkload102/Z
 clkload103/ZN
 clkload104/ZN
 clkload105/ZN
 clkload106/ZN
 clkload107/ZN
 clkload108/Z
 clkload109/ZN
 clkload11/ZN
 clkload110/ZN
 clkload111/ZN
 clkload112/Z
 clkload113/ZN
 clkload114/ZN
 clkload115/ZN
 clkload116/ZN
 clkload117/Z
 clkload118/Z
 clkload119/ZN
 clkload12/ZN
 clkload120/Z
 clkload121/Z
 clkload122/ZN
 clkload123/ZN
 clkload124/ZN
 clkload125/ZN
 clkload126/ZN
 clkload127/ZN
 clkload128/Z
 clkload129/ZN
 clkload13/ZN
 clkload130/ZN
 clkload131/ZN
 clkload132/ZN
 clkload133/Z
 clkload134/Z
 clkload135/Z
 clkload136/ZN
 clkload137/Z
 clkload138/ZN
 clkload139/ZN
 clkload14/ZN
 clkload140/Z
 clkload141/Z
 clkload142/ZN
 clkload143/ZN
 clkload144/ZN
 clkload145/Z
 clkload146/ZN
 clkload147/ZN
 clkload148/Z
 clkload149/Z
 clkload15/ZN
 clkload150/ZN
 clkload151/Z
 clkload152/ZN
 clkload153/Z
 clkload154/Z
 clkload155/Z
 clkload156/ZN
 clkload157/ZN
 clkload158/Z
 clkload159/ZN
 clkload16/ZN
 clkload160/ZN
 clkload161/ZN
 clkload162/ZN
 clkload163/ZN
 clkload164/ZN
 clkload165/Z
 clkload166/Z
 clkload167/Z
 clkload168/ZN
 clkload169/ZN
 clkload17/Z
 clkload170/ZN
 clkload171/Z
 clkload172/Z
 clkload173/Z
 clkload174/ZN
 clkload175/ZN
 clkload176/ZN
 clkload177/Z
 clkload18/ZN
 clkload19/ZN
 clkload2/Z
 clkload20/ZN
 clkload21/Z
 clkload22/ZN
 clkload23/ZN
 clkload24/ZN
 clkload25/ZN
 clkload26/ZN
 clkload27/ZN
 clkload28/ZN
 clkload29/Z
 clkload3/ZN
 clkload30/ZN
 clkload31/ZN
 clkload32/Z
 clkload33/Z
 clkload34/Z
 clkload35/Z
 clkload36/Z
 clkload37/ZN
 clkload38/ZN
 clkload39/Z
 clkload4/ZN
 clkload40/ZN
 clkload41/ZN
 clkload42/ZN
 clkload43/Z
 clkload44/Z
 clkload45/Z
 clkload46/ZN
 clkload47/ZN
 clkload48/ZN
 clkload49/ZN
 clkload5/ZN
 clkload50/Z
 clkload51/Z
 clkload52/Z
 clkload53/ZN
 clkload54/ZN
 clkload55/ZN
 clkload56/ZN
 clkload57/Z
 clkload58/ZN
 clkload59/ZN
 clkload6/Z
 clkload60/Z
 clkload61/Z
 clkload62/Z
 clkload63/ZN
 clkload64/ZN
 clkload65/ZN
 clkload66/Z
 clkload67/ZN
 clkload68/ZN
 clkload69/Z
 clkload7/ZN
 clkload70/Z
 clkload71/ZN
 clkload72/ZN
 clkload73/ZN
 clkload74/Z
 clkload75/ZN
 clkload76/Z
 clkload77/ZN
 clkload78/Z
 clkload79/Z
 clkload8/ZN
 clkload80/ZN
 clkload81/ZN
 clkload82/Z
 clkload83/ZN
 clkload84/ZN
 clkload85/Z
 clkload86/ZN
 clkload87/Z
 clkload88/Z
 clkload89/ZN
 clkload9/ZN
 clkload90/Z
 clkload91/ZN
 clkload92/Z
 clkload93/Z
 clkload94/Z
 clkload95/Z
 clkload96/Z
 clkload97/Z
 clkload98/ZN
 clkload99/ZN
Found 0 partially unannotated drivers.

===========================================================================
max slew violation count 22
max fanout violation count 0
max cap violation count 5
============================================================================

===========================================================================
check_setup -verbose -unconstrained_endpoints -multiple_clock -no_clock -no_input_delay -loops -generated_clocks
===========================================================================
Warning: There are 55 input ports missing set_input_delay.
  GRP_ADDR_0
  GRP_ADDR_1
  GRP_ADDR_2
  GRP_ADDR_3
  GRP_ADDR_4
  GRP_ADDR_5
  GRP_ADDR_6
  GRP_ADDR_7
  GRP_RE
  GRP_WDATA_0
  GRP_WDATA_1
  GRP_WDATA_2
  GRP_WDATA_3
  GRP_WDATA_4
  GRP_WDATA_5
  GRP_WDATA_6
  GRP_WDATA_7
  GRP_WE
  HADDR[0]
  HADDR[1]
  HADDR[2]
  HADDR[3]
  HADDR[4]
  HADDR[5]
  HADDR[6]
  HADDR[7]
  HBURST[0]
  HBURST[1]
  HBURST[2]
  HMASTLOCK
  HOST_CS
  HPROT[0]
  HPROT[1]
  HPROT[2]
  HPROT[3]
  HSIZE[0]
  HSIZE[1]
  HSIZE[2]
  HTRANS[0]
  HTRANS[1]
  HWDATA[0]
  HWDATA[1]
  HWDATA[2]
  HWDATA[3]
  HWDATA[4]
  HWDATA[5]
  HWDATA[6]
  HWDATA[7]
  HWRITE
  PSRAM_SIO_IN_0
  PSRAM_SIO_IN_1
  PSRAM_SIO_IN_2
  PSRAM_SIO_IN_3
  RESETB
  SPI_SCK
Warning: There are 51 unclocked register/latch pins.
  _62241_/CLK
  _62242_/CLK
  _62243_/CLK
  _62244_/CLK
  _62245_/CLK
  _62246_/CLK
  _62247_/CLK
  _62248_/CLK
  _62249_/CLK
  _62250_/CLK
  _62251_/CLK
  _62252_/CLK
  _62253_/CLK
  _62254_/CLK
  _62255_/CLK
  _62256_/CLK
  _62257_/CLK
  _62258_/CLK
  _62259_/CLK
  _62260_/CLK
  _62261_/CLK
  _62262_/CLK
  _62263_/CLK
  _62264_/CLK
  _62265_/CLK
  _62266_/CLK
  _62267_/CLK
  _62268_/CLK
  _62269_/CLK
  _62270_/CLK
  _62271_/CLK
  _62272_/CLK
  _62273_/CLK
  _63782_/CLKN
  _63783_/CLKN
  _63784_/CLKN
  _63785_/CLKN
  _63786_/CLKN
  _63787_/CLKN
  _63788_/CLKN
  _63789_/CLKN
  _63793_/CLK
  _63794_/CLK
  _63795_/CLK
  _63801_/CLK
  _63802_/CLK
  _63803_/CLK
  _63804_/CLK
  _63805_/CLK
  _63806_/CLK
  _63807_/CLK
Warning: There are 54 unconstrained endpoints.
  SPI_MISO
  _62241_/D
  _62242_/D
  _62243_/D
  _62244_/D
  _62245_/D
  _62246_/D
  _62247_/D
  _62248_/D
  _62249_/D
  _62250_/D
  _62251_/D
  _62252_/D
  _62253_/D
  _62254_/D
  _62255_/D
  _62256_/D
  _62257_/D
  _62258_/D
  _62259_/D
  _62260_/D
  _62261_/D
  _62262_/D
  _62263_/D
  _62264_/D
  _62265_/D
  _62266_/D
  _62267_/D
  _62268_/D
  _62269_/D
  _62270_/D
  _62271_/D
  _62272_/D
  _62273_/D
  _63782_/D
  _63783_/D
  _63784_/D
  _63785_/D
  _63786_/D
  _63787_/D
  _63788_/D
  _63789_/D
  _63793_/D
  _63794_/D
  _63795_/D
  _63796_/D
  _63799_/D
  _63801_/D
  _63802_/D
  _63803_/D
  _63804_/D
  _63805_/D
  _63806_/D
  _63807_/D
