
===========================================================================
report_checks -unconstrained
===========================================================================
======================= max_ss_125C_3v00 Corner ===================================

Startpoint: _66519_ (rising edge-triggered flip-flop clocked by IQ_CLK)
Endpoint: IRQ_OUT_OUT (output port clocked by IQ_CLK)
Path Group: IQ_CLK
Path Type: max

Fanout         Cap        Slew       Delay        Time   Description
---------------------------------------------------------------------------------------------
                                  0.000000    0.000000   clock IQ_CLK (rise edge)
                                  0.000000    0.000000   clock source latency
     2    0.245012    0.000000    0.000000    0.000000 ^ IQ_CLK (in)
                                                         IQ_CLK (net)
                      0.117787    0.048179    0.048179 ^ clkbuf_regs_0_IQ_CLK/I (gf180mcu_fd_sc_mcu7t5v0__clkbuf_16)
     1    0.022555    0.235554    0.547969    0.596148 ^ clkbuf_regs_0_IQ_CLK/Z (gf180mcu_fd_sc_mcu7t5v0__clkbuf_16)
                                                         IQ_CLK_regs (net)
                      0.235554    0.000232    0.596380 ^ clkbuf_0_IQ_CLK_regs/I (gf180mcu_fd_sc_mcu7t5v0__clkbuf_16)
     4    0.203427    0.669513    0.894193    1.490572 ^ clkbuf_0_IQ_CLK_regs/Z (gf180mcu_fd_sc_mcu7t5v0__clkbuf_16)
                                                         clknet_0_IQ_CLK_regs (net)
                      0.669647    0.014039    1.504611 ^ clkbuf_2_1_0_IQ_CLK_regs/I (gf180mcu_fd_sc_mcu7t5v0__clkbuf_16)
     4    0.239462    0.757815    1.053164    2.557775 ^ clkbuf_2_1_0_IQ_CLK_regs/Z (gf180mcu_fd_sc_mcu7t5v0__clkbuf_16)
                                                         clknet_2_1_0_IQ_CLK_regs (net)
                      0.759183    0.024842    2.582616 ^ clkbuf_4_6_0_IQ_CLK_regs/I (gf180mcu_fd_sc_mcu7t5v0__clkbuf_16)
    13    0.443123    1.284163    1.397836    3.980453 ^ clkbuf_4_6_0_IQ_CLK_regs/Z (gf180mcu_fd_sc_mcu7t5v0__clkbuf_16)
                                                         clknet_4_6_0_IQ_CLK_regs (net)
                      1.284688    0.013668    3.994121 ^ clkbuf_leaf_69_IQ_CLK_regs/I (gf180mcu_fd_sc_mcu7t5v0__clkbuf_16)
    29    0.186035    0.635974    1.116381    5.110502 ^ clkbuf_leaf_69_IQ_CLK_regs/Z (gf180mcu_fd_sc_mcu7t5v0__clkbuf_16)
                                                         clknet_leaf_69_IQ_CLK_regs (net)
                      0.636158    0.012925    5.123427 ^ _66519_/CLK (gf180mcu_fd_sc_mcu7t5v0__dffrnq_4)
    28    0.298679    3.318397    5.123992   10.247419 ^ _66519_/Q (gf180mcu_fd_sc_mcu7t5v0__dffrnq_4)
                                                         rb_remod_backoff_shift[1] (net)
                      3.322215    0.063482   10.310901 ^ _32100_/I (gf180mcu_fd_sc_mcu7t5v0__clkinv_1)
     6    0.274334    9.929396    6.896693   17.207594 v _32100_/ZN (gf180mcu_fd_sc_mcu7t5v0__clkinv_1)
                                                         _05559_ (net)
                      9.929396    0.004949   17.212543 v _34183_/A2 (gf180mcu_fd_sc_mcu7t5v0__nor2_1)
     1    0.007356    2.014642    2.234758   19.447302 ^ _34183_/ZN (gf180mcu_fd_sc_mcu7t5v0__nor2_1)
                                                         _07294_ (net)
                      2.014642    0.000171   19.447472 ^ _34185_/A1 (gf180mcu_fd_sc_mcu7t5v0__nor4_1)
     1    0.005289    0.875655    0.629221   20.076693 v _34185_/ZN (gf180mcu_fd_sc_mcu7t5v0__nor4_1)
                                                         _07296_ (net)
                      0.875655    0.000103   20.076796 v _34186_/B (gf180mcu_fd_sc_mcu7t5v0__aoi21_1)
     2    0.162420   14.207156    8.839521   28.916317 ^ _34186_/ZN (gf180mcu_fd_sc_mcu7t5v0__aoi21_1)
                                                         _07297_ (net)
                     14.207156    0.012884   28.929201 ^ _34187_/A2 (gf180mcu_fd_sc_mcu7t5v0__oai21_1)
     1    0.005657    2.273540    0.496989   29.426189 v _34187_/ZN (gf180mcu_fd_sc_mcu7t5v0__oai21_1)
                                                         _07298_ (net)
                      2.273540    0.000124   29.426315 v _34192_/A1 (gf180mcu_fd_sc_mcu7t5v0__and3_1)
     1    0.006142    0.493215    1.551882   30.978197 v _34192_/Z (gf180mcu_fd_sc_mcu7t5v0__and3_1)
                                                         _07303_ (net)
                      0.493215    0.000071   30.978268 v _34193_/B (gf180mcu_fd_sc_mcu7t5v0__oai21_1)
     1    0.004793    1.173417    0.621871   31.600138 ^ _34193_/ZN (gf180mcu_fd_sc_mcu7t5v0__oai21_1)
                                                         _07304_ (net)
                      1.173417    0.000050   31.600187 ^ _34219_/A2 (gf180mcu_fd_sc_mcu7t5v0__nand4_1)
     1    0.046663    3.535140    2.372456   33.972645 v _34219_/ZN (gf180mcu_fd_sc_mcu7t5v0__nand4_1)
                                                         _07330_ (net)
                      3.535140    0.003251   33.975895 v _34220_/A1 (gf180mcu_fd_sc_mcu7t5v0__nand3_1)
     2    0.013161    1.530067    1.633882   35.609779 ^ _34220_/ZN (gf180mcu_fd_sc_mcu7t5v0__nand3_1)
                                                         _07331_ (net)
                      1.530067    0.000259   35.610035 ^ _34245_/A1 (gf180mcu_fd_sc_mcu7t5v0__aoi21_1)
     1    0.118517    4.494403    3.103239   38.713276 v _34245_/ZN (gf180mcu_fd_sc_mcu7t5v0__aoi21_1)
                                                         net20 (net)
                      4.494542    0.014271   38.727547 v output20/I (gf180mcu_fd_sc_mcu7t5v0__dlyb_1)
     1    0.004170    0.540371    4.458450   43.185997 v output20/Z (gf180mcu_fd_sc_mcu7t5v0__dlyb_1)
                                                         IRQ_OUT_OUT (net)
                      0.540371    0.000046   43.186043 v IRQ_OUT_OUT (out)
                                             43.186043   data arrival time

                                 31.250000   31.250000   clock IQ_CLK (rise edge)
                                  0.000000   31.250000   clock network delay (propagated)
                                 -0.500000   30.750002   clock uncertainty
                                  0.000000   30.750002   clock reconvergence pessimism
                                 -2.000000   28.750002   output external delay
                                             28.750002   data required time
---------------------------------------------------------------------------------------------
                                             28.750002   data required time
                                            -43.186043   data arrival time
---------------------------------------------------------------------------------------------
                                            -14.436040   slack (VIOLATED)


Startpoint: _68094_ (falling edge-triggered flip-flop clocked by IQ_CLK)
Endpoint: PSRAM_SIO_1_OUT (output port clocked by PSRAM_SCK)
Path Group: PSRAM_SCK
Path Type: max

Fanout         Cap        Slew       Delay        Time   Description
---------------------------------------------------------------------------------------------
                                 15.625000   15.625000   clock IQ_CLK (fall edge)
                                  0.000000   15.625000   clock source latency
     2    0.245012    0.000000    0.000000   15.625000 v IQ_CLK (in)
                                                         IQ_CLK (net)
                      0.117787    0.048178   15.673179 v clkbuf_regs_0_IQ_CLK/I (gf180mcu_fd_sc_mcu7t5v0__clkbuf_16)
     1    0.022555    0.228344    0.575877   16.249056 v clkbuf_regs_0_IQ_CLK/Z (gf180mcu_fd_sc_mcu7t5v0__clkbuf_16)
                                                         IQ_CLK_regs (net)
                      0.228344    0.000233   16.249289 v clkbuf_0_IQ_CLK_regs/I (gf180mcu_fd_sc_mcu7t5v0__clkbuf_16)
     4    0.203427    0.597326    0.916485   17.165773 v clkbuf_0_IQ_CLK_regs/Z (gf180mcu_fd_sc_mcu7t5v0__clkbuf_16)
                                                         clknet_0_IQ_CLK_regs (net)
                      0.597476    0.014033   17.179806 v clkbuf_2_1_0_IQ_CLK_regs/I (gf180mcu_fd_sc_mcu7t5v0__clkbuf_16)
     4    0.239462    0.667190    1.085697   18.265503 v clkbuf_2_1_0_IQ_CLK_regs/Z (gf180mcu_fd_sc_mcu7t5v0__clkbuf_16)
                                                         clknet_2_1_0_IQ_CLK_regs (net)
                      0.669832    0.026249   18.291752 v clkbuf_4_7_0_IQ_CLK_regs/I (gf180mcu_fd_sc_mcu7t5v0__clkbuf_16)
    13    0.526622    1.271742    1.508033   19.799786 v clkbuf_4_7_0_IQ_CLK_regs/Z (gf180mcu_fd_sc_mcu7t5v0__clkbuf_16)
                                                         clknet_4_7_0_IQ_CLK_regs (net)
                      1.274116    0.031147   19.830933 v clkbuf_leaf_57_IQ_CLK_regs/I (gf180mcu_fd_sc_mcu7t5v0__clkbuf_16)
    27    0.202215    0.607764    1.268463   21.099396 v clkbuf_leaf_57_IQ_CLK_regs/Z (gf180mcu_fd_sc_mcu7t5v0__clkbuf_16)
                                                         clknet_leaf_57_IQ_CLK_regs (net)
                      0.607764    0.001284   21.100679 v _68094_/CLKN (gf180mcu_fd_sc_mcu7t5v0__dffnrnq_1)
     1    0.037121    1.818287    3.740537   24.841215 ^ _68094_/Q (gf180mcu_fd_sc_mcu7t5v0__dffnrnq_1)
                                                         net28 (net)
                      1.818292    0.002432   24.843647 ^ output28/I (gf180mcu_fd_sc_mcu7t5v0__dlyb_1)
     1    0.003688    0.425370    2.861446   27.705093 ^ output28/Z (gf180mcu_fd_sc_mcu7t5v0__dlyb_1)
                                                         PSRAM_SIO_1_OUT (net)
                      0.425370    0.000039   27.705133 ^ PSRAM_SIO_1_OUT (out)
                                             27.705133   data arrival time

                                 31.250000   31.250000   clock PSRAM_SCK (rise edge)
                                  0.000000   31.250000   clock source latency
     2    0.245012    0.000000    0.000000   31.250000 ^ IQ_CLK (in)
                                                         IQ_CLK (net)
                      0.097328    0.039812   31.289812 ^ clkbuf_0_IQ_CLK/I (gf180mcu_fd_sc_mcu7t5v0__clkbuf_16)
     1    0.022625    0.235800    0.543015   31.832827 ^ clkbuf_0_IQ_CLK/Z (gf180mcu_fd_sc_mcu7t5v0__clkbuf_16)
                                                         clknet_0_IQ_CLK (net)
                      0.235800    0.000231   31.833057 ^ clkbuf_1_0__f_IQ_CLK/I (gf180mcu_fd_sc_mcu7t5v0__clkbuf_16)
     1    0.005335    0.190981    0.539924   32.372982 ^ clkbuf_1_0__f_IQ_CLK/Z (gf180mcu_fd_sc_mcu7t5v0__clkbuf_16)
                                                         clknet_1_0__leaf_IQ_CLK (net)
                      0.190981    0.000068   32.373051 ^ _32593_/A1 (gf180mcu_fd_sc_mcu7t5v0__and2_1)
     1    0.075485    3.352929    2.554124   34.927174 ^ _32593_/Z (gf180mcu_fd_sc_mcu7t5v0__and2_1)
                                                         net22 (net)
                      3.353028    0.010271   34.937443 ^ output22/I (gf180mcu_fd_sc_mcu7t5v0__dlyb_1)
     1    0.003258    0.408454    2.853319   37.790764 ^ output22/Z (gf180mcu_fd_sc_mcu7t5v0__dlyb_1)
                                                         PSRAM_SCK_OUT (net)
                      0.408454    0.000032   37.790794 ^ PSRAM_SCK_OUT (out)
                                  0.000000   37.790794   clock reconvergence pessimism
                                 -2.000000   35.790794   output external delay
                                             35.790794   data required time
---------------------------------------------------------------------------------------------
                                             35.790794   data required time
                                            -27.705133   data arrival time
---------------------------------------------------------------------------------------------
                                              8.085662   slack (MET)


Startpoint: _67263_ (rising edge-triggered flip-flop clocked by SPI_SCK)
Endpoint: _68812_ (falling edge-triggered flip-flop clocked by SPI_SCK)
Path Group: SPI_SCK
Path Type: max

Fanout         Cap        Slew       Delay        Time   Description
---------------------------------------------------------------------------------------------
                                  0.000000    0.000000   clock SPI_SCK (rise edge)
                                  0.000000    0.000000   clock source latency
     1    0.012880    0.000000    0.000000    0.000000 ^ SPI_SCK (in)
                                                         SPI_SCK (net)
                      0.000228    0.000093    0.000093 ^ input17/I (gf180mcu_fd_sc_mcu7t5v0__clkbuf_8)
    51    0.383807    2.115476    1.654707    1.654800 ^ input17/Z (gf180mcu_fd_sc_mcu7t5v0__clkbuf_8)
                                                         net17 (net)
                      2.121251    0.061900    1.716700 ^ _67263_/CLK (gf180mcu_fd_sc_mcu7t5v0__dffrnq_4)
    35    0.611176    6.594346    7.310245    9.026945 ^ _67263_/Q (gf180mcu_fd_sc_mcu7t5v0__dffrnq_4)
                                                         rb_raddr[3] (net)
                      6.595833    0.056306    9.083251 ^ _31763_/I (gf180mcu_fd_sc_mcu7t5v0__inv_4)
    13    0.235756    2.570946    1.919242   11.002493 v _31763_/ZN (gf180mcu_fd_sc_mcu7t5v0__inv_4)
                                                         _05224_ (net)
                      2.571098    0.010812   11.013305 v _32544_/A1 (gf180mcu_fd_sc_mcu7t5v0__nand2_4)
    21    0.427896    5.152317    3.899334   14.912639 ^ _32544_/ZN (gf180mcu_fd_sc_mcu7t5v0__nand2_4)
                                                         _05990_ (net)
                      5.152339    0.006203   14.918841 ^ _38987_/A1 (gf180mcu_fd_sc_mcu7t5v0__nor4_4)
     8    0.183584    3.726331    2.593884   17.512726 v _38987_/ZN (gf180mcu_fd_sc_mcu7t5v0__nor4_4)
                                                         _11781_ (net)
                      3.726348    0.012468   17.525194 v _39358_/A2 (gf180mcu_fd_sc_mcu7t5v0__aoi22_1)
     1    0.093177    8.522371    6.251485   23.776680 ^ _39358_/ZN (gf180mcu_fd_sc_mcu7t5v0__aoi22_1)
                                                         _12150_ (net)
                      8.522371    0.007674   23.784353 ^ _39360_/A3 (gf180mcu_fd_sc_mcu7t5v0__nand4_1)
     1    0.025123    2.902894    1.824493   25.608845 v _39360_/ZN (gf180mcu_fd_sc_mcu7t5v0__nand4_1)
                                                         _12152_ (net)
                      2.902894    0.001142   25.609987 v _39366_/A3 (gf180mcu_fd_sc_mcu7t5v0__or4_1)
     1    0.004726    0.747425    3.169037   28.779024 v _39366_/Z (gf180mcu_fd_sc_mcu7t5v0__or4_1)
                                                         _12158_ (net)
                      0.747425    0.000048   28.779072 v _39367_/A4 (gf180mcu_fd_sc_mcu7t5v0__nor4_1)
     1    0.127165   22.354942   13.879599   42.658672 ^ _39367_/ZN (gf180mcu_fd_sc_mcu7t5v0__nor4_1)
                                                         _12159_ (net)
                     22.354942    0.016733   42.675404 ^ _39378_/A2 (gf180mcu_fd_sc_mcu7t5v0__nand3_1)
     1    0.009233    3.297046    0.452921   43.128326 v _39378_/ZN (gf180mcu_fd_sc_mcu7t5v0__nand3_1)
                                                         _12170_ (net)
                      3.297046    0.000220   43.128544 v _39379_/A1 (gf180mcu_fd_sc_mcu7t5v0__aoi22_1)
     1    0.004969    1.321460    1.519201   44.647747 ^ _39379_/ZN (gf180mcu_fd_sc_mcu7t5v0__aoi22_1)
                                                         _12171_ (net)
                      1.321460    0.000096   44.647842 ^ _39380_/I (gf180mcu_fd_sc_mcu7t5v0__clkinv_1)
     1    0.005730    0.540245    0.451362   45.099205 v _39380_/ZN (gf180mcu_fd_sc_mcu7t5v0__clkinv_1)
                                                         _00013_ (net)
                      0.540245    0.000124   45.099327 v _68812_/D (gf180mcu_fd_sc_mcu7t5v0__dffnrnq_1)
                                             45.099327   data arrival time

                                250.000000  250.000000   clock SPI_SCK (fall edge)
                                  0.000000  250.000000   clock source latency
     1    0.012880    0.000000    0.000000  250.000000 v SPI_SCK (in)
                                                         SPI_SCK (net)
                      0.000228    0.000085  250.000092 v input17/I (gf180mcu_fd_sc_mcu7t5v0__clkbuf_8)
    51    0.383807    1.971156    1.670259  251.670349 v input17/Z (gf180mcu_fd_sc_mcu7t5v0__clkbuf_8)
                                                         net17 (net)
                      1.975305    0.051045  251.721390 v _68812_/CLKN (gf180mcu_fd_sc_mcu7t5v0__dffnrnq_1)
                                  0.000000  251.721390   clock reconvergence pessimism
                                 -0.323445  251.397949   library setup time
                                            251.397949   data required time
---------------------------------------------------------------------------------------------
                                            251.397949   data required time
                                            -45.099327   data arrival time
---------------------------------------------------------------------------------------------
                                            206.298630   slack (MET)




===========================================================================
report_checks --slack_max -0.01
============================================================================
======================= max_ss_125C_3v00 Corner ===================================

Startpoint: _66519_ (rising edge-triggered flip-flop clocked by IQ_CLK)
Endpoint: IRQ_OUT_OUT (output port clocked by IQ_CLK)
Path Group: IQ_CLK
Path Type: max

Fanout         Cap        Slew       Delay        Time   Description
---------------------------------------------------------------------------------------------
                                  0.000000    0.000000   clock IQ_CLK (rise edge)
                                  0.000000    0.000000   clock source latency
     2    0.245012    0.000000    0.000000    0.000000 ^ IQ_CLK (in)
                                                         IQ_CLK (net)
                      0.117787    0.048179    0.048179 ^ clkbuf_regs_0_IQ_CLK/I (gf180mcu_fd_sc_mcu7t5v0__clkbuf_16)
     1    0.022555    0.235554    0.547969    0.596148 ^ clkbuf_regs_0_IQ_CLK/Z (gf180mcu_fd_sc_mcu7t5v0__clkbuf_16)
                                                         IQ_CLK_regs (net)
                      0.235554    0.000232    0.596380 ^ clkbuf_0_IQ_CLK_regs/I (gf180mcu_fd_sc_mcu7t5v0__clkbuf_16)
     4    0.203427    0.669513    0.894193    1.490572 ^ clkbuf_0_IQ_CLK_regs/Z (gf180mcu_fd_sc_mcu7t5v0__clkbuf_16)
                                                         clknet_0_IQ_CLK_regs (net)
                      0.669647    0.014039    1.504611 ^ clkbuf_2_1_0_IQ_CLK_regs/I (gf180mcu_fd_sc_mcu7t5v0__clkbuf_16)
     4    0.239462    0.757815    1.053164    2.557775 ^ clkbuf_2_1_0_IQ_CLK_regs/Z (gf180mcu_fd_sc_mcu7t5v0__clkbuf_16)
                                                         clknet_2_1_0_IQ_CLK_regs (net)
                      0.759183    0.024842    2.582616 ^ clkbuf_4_6_0_IQ_CLK_regs/I (gf180mcu_fd_sc_mcu7t5v0__clkbuf_16)
    13    0.443123    1.284163    1.397836    3.980453 ^ clkbuf_4_6_0_IQ_CLK_regs/Z (gf180mcu_fd_sc_mcu7t5v0__clkbuf_16)
                                                         clknet_4_6_0_IQ_CLK_regs (net)
                      1.284688    0.013668    3.994121 ^ clkbuf_leaf_69_IQ_CLK_regs/I (gf180mcu_fd_sc_mcu7t5v0__clkbuf_16)
    29    0.186035    0.635974    1.116381    5.110502 ^ clkbuf_leaf_69_IQ_CLK_regs/Z (gf180mcu_fd_sc_mcu7t5v0__clkbuf_16)
                                                         clknet_leaf_69_IQ_CLK_regs (net)
                      0.636158    0.012925    5.123427 ^ _66519_/CLK (gf180mcu_fd_sc_mcu7t5v0__dffrnq_4)
    28    0.298679    3.318397    5.123992   10.247419 ^ _66519_/Q (gf180mcu_fd_sc_mcu7t5v0__dffrnq_4)
                                                         rb_remod_backoff_shift[1] (net)
                      3.322215    0.063482   10.310901 ^ _32100_/I (gf180mcu_fd_sc_mcu7t5v0__clkinv_1)
     6    0.274334    9.929396    6.896693   17.207594 v _32100_/ZN (gf180mcu_fd_sc_mcu7t5v0__clkinv_1)
                                                         _05559_ (net)
                      9.929396    0.004949   17.212543 v _34183_/A2 (gf180mcu_fd_sc_mcu7t5v0__nor2_1)
     1    0.007356    2.014642    2.234758   19.447302 ^ _34183_/ZN (gf180mcu_fd_sc_mcu7t5v0__nor2_1)
                                                         _07294_ (net)
                      2.014642    0.000171   19.447472 ^ _34185_/A1 (gf180mcu_fd_sc_mcu7t5v0__nor4_1)
     1    0.005289    0.875655    0.629221   20.076693 v _34185_/ZN (gf180mcu_fd_sc_mcu7t5v0__nor4_1)
                                                         _07296_ (net)
                      0.875655    0.000103   20.076796 v _34186_/B (gf180mcu_fd_sc_mcu7t5v0__aoi21_1)
     2    0.162420   14.207156    8.839521   28.916317 ^ _34186_/ZN (gf180mcu_fd_sc_mcu7t5v0__aoi21_1)
                                                         _07297_ (net)
                     14.207156    0.012884   28.929201 ^ _34187_/A2 (gf180mcu_fd_sc_mcu7t5v0__oai21_1)
     1    0.005657    2.273540    0.496989   29.426189 v _34187_/ZN (gf180mcu_fd_sc_mcu7t5v0__oai21_1)
                                                         _07298_ (net)
                      2.273540    0.000124   29.426315 v _34192_/A1 (gf180mcu_fd_sc_mcu7t5v0__and3_1)
     1    0.006142    0.493215    1.551882   30.978197 v _34192_/Z (gf180mcu_fd_sc_mcu7t5v0__and3_1)
                                                         _07303_ (net)
                      0.493215    0.000071   30.978268 v _34193_/B (gf180mcu_fd_sc_mcu7t5v0__oai21_1)
     1    0.004793    1.173417    0.621871   31.600138 ^ _34193_/ZN (gf180mcu_fd_sc_mcu7t5v0__oai21_1)
                                                         _07304_ (net)
                      1.173417    0.000050   31.600187 ^ _34219_/A2 (gf180mcu_fd_sc_mcu7t5v0__nand4_1)
     1    0.046663    3.535140    2.372456   33.972645 v _34219_/ZN (gf180mcu_fd_sc_mcu7t5v0__nand4_1)
                                                         _07330_ (net)
                      3.535140    0.003251   33.975895 v _34220_/A1 (gf180mcu_fd_sc_mcu7t5v0__nand3_1)
     2    0.013161    1.530067    1.633882   35.609779 ^ _34220_/ZN (gf180mcu_fd_sc_mcu7t5v0__nand3_1)
                                                         _07331_ (net)
                      1.530067    0.000259   35.610035 ^ _34245_/A1 (gf180mcu_fd_sc_mcu7t5v0__aoi21_1)
     1    0.118517    4.494403    3.103239   38.713276 v _34245_/ZN (gf180mcu_fd_sc_mcu7t5v0__aoi21_1)
                                                         net20 (net)
                      4.494542    0.014271   38.727547 v output20/I (gf180mcu_fd_sc_mcu7t5v0__dlyb_1)
     1    0.004170    0.540371    4.458450   43.185997 v output20/Z (gf180mcu_fd_sc_mcu7t5v0__dlyb_1)
                                                         IRQ_OUT_OUT (net)
                      0.540371    0.000046   43.186043 v IRQ_OUT_OUT (out)
                                             43.186043   data arrival time

                                 31.250000   31.250000   clock IQ_CLK (rise edge)
                                  0.000000   31.250000   clock network delay (propagated)
                                 -0.500000   30.750002   clock uncertainty
                                  0.000000   30.750002   clock reconvergence pessimism
                                 -2.000000   28.750002   output external delay
                                             28.750002   data required time
---------------------------------------------------------------------------------------------
                                             28.750002   data required time
                                            -43.186043   data arrival time
---------------------------------------------------------------------------------------------
                                            -14.436040   slack (VIOLATED)




===========================================================================
 report_check_types -max_slew -max_cap -max_fanout -violators
============================================================================
======================= max_ss_125C_3v00 Corner ===================================

max slew

Pin                                        Limit        Slew       Slack
------------------------------------------------------------------------
_39367_/ZN                             15.600000   22.354942   -6.754941 (VIOLATED)
_39378_/A2                             15.600000   22.354942   -6.754941 (VIOLATED)
_39520_/A4                             15.600000   18.188833   -2.588832 (VIOLATED)
_39500_/ZN                             15.600000   18.188633   -2.588633 (VIOLATED)
_41718_/A2                             15.600000   15.975348   -0.375348 (VIOLATED)
_41715_/A2                             15.600000   15.975344   -0.375344 (VIOLATED)
_41714_/ZN                             15.600000   15.975284   -0.375284 (VIOLATED)
_39685_/ZN                             15.600000   15.636636   -0.036636 (VIOLATED)
_39686_/A3                             15.600000   15.636636   -0.036636 (VIOLATED)

max capacitance

Pin                                        Limit         Cap       Slack
------------------------------------------------------------------------
_39367_/ZN                              0.082210    0.127165   -0.044955 (VIOLATED)
_39500_/ZN                              0.165800    0.200285   -0.034485 (VIOLATED)
_41714_/ZN                              0.168500    0.183557   -0.015057 (VIOLATED)



===========================================================================
report_parasitic_annotation -report_unannotated
============================================================================
Found 186 unannotated drivers.
 DBG0_IN
 IRQ_OUT_IN
 PSRAM_CE_N_IN
 PSRAM_SCK_IN
 REMOD_A_I_IN
 REMOD_A_Q_IN
 SPI_MISO_IN
 clkload0/ZN
 clkload1/ZN
 clkload10/ZN
 clkload100/ZN
 clkload101/Z
 clkload102/ZN
 clkload103/ZN
 clkload104/ZN
 clkload105/ZN
 clkload106/ZN
 clkload107/Z
 clkload108/Z
 clkload109/Z
 clkload11/Z
 clkload110/ZN
 clkload111/ZN
 clkload112/Z
 clkload113/ZN
 clkload114/ZN
 clkload115/ZN
 clkload116/ZN
 clkload117/Z
 clkload118/ZN
 clkload119/Z
 clkload12/Z
 clkload120/Z
 clkload121/Z
 clkload122/ZN
 clkload123/Z
 clkload124/Z
 clkload125/Z
 clkload126/Z
 clkload127/Z
 clkload128/ZN
 clkload129/ZN
 clkload13/ZN
 clkload130/Z
 clkload131/ZN
 clkload132/Z
 clkload133/ZN
 clkload134/Z
 clkload135/Z
 clkload136/ZN
 clkload137/ZN
 clkload138/ZN
 clkload139/ZN
 clkload14/Z
 clkload140/Z
 clkload141/ZN
 clkload142/ZN
 clkload143/ZN
 clkload144/ZN
 clkload145/ZN
 clkload146/Z
 clkload147/Z
 clkload148/ZN
 clkload149/ZN
 clkload15/Z
 clkload150/Z
 clkload151/ZN
 clkload152/ZN
 clkload153/Z
 clkload154/ZN
 clkload155/Z
 clkload156/ZN
 clkload157/ZN
 clkload158/Z
 clkload159/ZN
 clkload16/Z
 clkload160/ZN
 clkload161/Z
 clkload162/ZN
 clkload163/ZN
 clkload164/ZN
 clkload165/ZN
 clkload166/ZN
 clkload167/Z
 clkload168/ZN
 clkload169/ZN
 clkload17/Z
 clkload170/ZN
 clkload171/ZN
 clkload172/ZN
 clkload173/Z
 clkload174/ZN
 clkload175/ZN
 clkload176/Z
 clkload177/ZN
 clkload178/ZN
 clkload18/ZN
 clkload19/ZN
 clkload2/ZN
 clkload20/Z
 clkload21/Z
 clkload22/ZN
 clkload23/ZN
 clkload24/ZN
 clkload25/ZN
 clkload26/Z
 clkload27/Z
 clkload28/Z
 clkload29/Z
 clkload3/ZN
 clkload30/ZN
 clkload31/ZN
 clkload32/ZN
 clkload33/Z
 clkload34/Z
 clkload35/Z
 clkload36/Z
 clkload37/ZN
 clkload38/Z
 clkload39/Z
 clkload4/ZN
 clkload40/Z
 clkload41/ZN
 clkload42/ZN
 clkload43/Z
 clkload44/Z
 clkload45/ZN
 clkload46/Z
 clkload47/Z
 clkload48/ZN
 clkload49/Z
 clkload5/Z
 clkload50/ZN
 clkload51/Z
 clkload52/Z
 clkload53/ZN
 clkload54/ZN
 clkload55/ZN
 clkload56/ZN
 clkload57/Z
 clkload58/Z
 clkload59/Z
 clkload6/Z
 clkload60/ZN
 clkload61/ZN
 clkload62/ZN
 clkload63/Z
 clkload64/ZN
 clkload65/Z
 clkload66/Z
 clkload67/ZN
 clkload68/ZN
 clkload69/ZN
 clkload7/ZN
 clkload70/ZN
 clkload71/Z
 clkload72/ZN
 clkload73/ZN
 clkload74/ZN
 clkload75/ZN
 clkload76/Z
 clkload77/Z
 clkload78/ZN
 clkload79/Z
 clkload8/ZN
 clkload80/ZN
 clkload81/Z
 clkload82/ZN
 clkload83/ZN
 clkload84/Z
 clkload85/Z
 clkload86/ZN
 clkload87/Z
 clkload88/ZN
 clkload89/ZN
 clkload9/ZN
 clkload90/ZN
 clkload91/ZN
 clkload92/ZN
 clkload93/ZN
 clkload94/ZN
 clkload95/Z
 clkload96/Z
 clkload97/ZN
 clkload98/ZN
 clkload99/Z
Found 0 partially unannotated drivers.

===========================================================================
max slew violation count 9
max fanout violation count 0
max cap violation count 3
============================================================================

===========================================================================
check_setup -verbose -unconstrained_endpoints -multiple_clock -no_clock -no_input_delay -loops -generated_clocks
===========================================================================
Warning: There are 10 input ports missing set_input_delay.
  ARRAY_ACQ_N_IN
  DBG0_IN
  HOST_CS
  IRQ_OUT_IN
  PSRAM_CE_N_IN
  PSRAM_SCK_IN
  REMOD_A_I_IN
  REMOD_A_Q_IN
  RESETB
  SPI_MISO_IN
Warning: There are 2 unconstrained endpoints.
  PSRAM_SCK_OUT
  _68606_/D
