
===========================================================================
report_checks -unconstrained
===========================================================================
======================= max_ff_n40C_3v60 Corner ===================================

Startpoint: IQ_CLK (clock source 'IQ_CLK')
Endpoint: PSRAM_SCK_OUT (output port clocked by IQ_CLK)
Path Group: IQ_CLK
Path Type: max

Fanout         Cap        Slew       Delay        Time   Description
---------------------------------------------------------------------------------------------
                                 15.625000   15.625000   clock IQ_CLK (fall edge)
                                  0.000000   15.625000   clock source latency
     2    0.223739    0.000000    0.000000   15.625000 v IQ_CLK (in)
                                                         IQ_CLK (net)
                      0.042181    0.017254   15.642254 v clkbuf_0_IQ_CLK/I (gf180mcu_fd_sc_mcu7t5v0__clkbuf_16)
     1    0.023261    0.070646    0.175463   15.817718 v clkbuf_0_IQ_CLK/Z (gf180mcu_fd_sc_mcu7t5v0__clkbuf_16)
                                                         clknet_0_IQ_CLK (net)
                      0.070647    0.000279   15.817996 v clkbuf_1_0__f_IQ_CLK/I (gf180mcu_fd_sc_mcu7t5v0__clkbuf_16)
     1    0.004346    0.055879    0.169742   15.987738 v clkbuf_1_0__f_IQ_CLK/Z (gf180mcu_fd_sc_mcu7t5v0__clkbuf_16)
                                                         clknet_1_0__leaf_IQ_CLK (net)
                      0.055879    0.000089   15.987826 v _30455_/A1 (gf180mcu_fd_sc_mcu7t5v0__and2_1)
     1    0.003661    0.115185    0.190825   16.178652 v _30455_/Z (gf180mcu_fd_sc_mcu7t5v0__and2_1)
                                                         net77 (net)
                      0.115185    0.000039   16.178690 v output77/I (gf180mcu_fd_sc_mcu7t5v0__dlyb_1)
     1    0.003756    0.153094    0.805375   16.984066 v output77/Z (gf180mcu_fd_sc_mcu7t5v0__dlyb_1)
                                                         PSRAM_SCK_OUT (net)
                      0.153094    0.000039   16.984106 v PSRAM_SCK_OUT (out)
                                             16.984106   data arrival time

                                 31.250000   31.250000   clock IQ_CLK (rise edge)
                                  0.000000   31.250000   clock network delay (propagated)
                                 -0.500000   30.750002   clock uncertainty
                                  0.000000   30.750002   clock reconvergence pessimism
                                 -2.000000   28.750002   output external delay
                                             28.750002   data required time
---------------------------------------------------------------------------------------------
                                             28.750002   data required time
                                            -16.984106   data arrival time
---------------------------------------------------------------------------------------------
                                             11.765897   slack (MET)


Startpoint: _62663_ (rising edge-triggered flip-flop clocked by SPI_SCK)
Endpoint: _64181_ (falling edge-triggered flip-flop clocked by SPI_SCK)
Path Group: SPI_SCK
Path Type: max

Fanout         Cap        Slew       Delay        Time   Description
---------------------------------------------------------------------------------------------
                                  0.000000    0.000000   clock SPI_SCK (rise edge)
                                  0.000000    0.000000   clock source latency
     1    0.125876    0.000000    0.000000    0.000000 ^ SPI_SCK (in)
                                                         SPI_SCK (net)
                      0.047680    0.019503    0.019503 ^ clkbuf_0_SPI_SCK/I (gf180mcu_fd_sc_mcu7t5v0__clkbuf_16)
     4    0.150218    0.167944    0.235969    0.255472 ^ clkbuf_0_SPI_SCK/Z (gf180mcu_fd_sc_mcu7t5v0__clkbuf_16)
                                                         clknet_0_SPI_SCK (net)
                      0.172677    0.017832    0.273305 ^ clkbuf_2_3__f_SPI_SCK/I (gf180mcu_fd_sc_mcu7t5v0__clkbuf_16)
    17    0.286885    0.280250    0.333751    0.607056 ^ clkbuf_2_3__f_SPI_SCK/Z (gf180mcu_fd_sc_mcu7t5v0__clkbuf_16)
                                                         clknet_2_3__leaf_SPI_SCK (net)
                      0.281377    0.008453    0.615509 ^ _62663_/CLK (gf180mcu_fd_sc_mcu7t5v0__dffrnq_1)
     7    0.051601    0.771589    1.150746    1.766255 ^ _62663_/Q (gf180mcu_fd_sc_mcu7t5v0__dffrnq_1)
                                                         spi_reg_rd_addr[2] (net)
                      0.771589    0.000309    1.766563 ^ _29483_/I (gf180mcu_fd_sc_mcu7t5v0__clkinv_1)
     3    0.020978    0.403765    0.327944    2.094507 v _29483_/ZN (gf180mcu_fd_sc_mcu7t5v0__clkinv_1)
                                                         _05179_ (net)
                      0.403765    0.000303    2.094810 v _36551_/A1 (gf180mcu_fd_sc_mcu7t5v0__oai21_1)
     2    0.034671    0.985595    0.689785    2.784595 ^ _36551_/ZN (gf180mcu_fd_sc_mcu7t5v0__oai21_1)
                                                         _11583_ (net)
                      0.985595    0.000264    2.784859 ^ _36552_/I0 (gf180mcu_fd_sc_mcu7t5v0__mux2_4)
    14    0.317407    1.145352    0.993343    3.778202 ^ _36552_/Z (gf180mcu_fd_sc_mcu7t5v0__mux2_4)
                                                         _11584_ (net)
                      1.146214    0.017843    3.796045 ^ _36553_/I (gf180mcu_fd_sc_mcu7t5v0__clkinv_4)
    11    0.222315    0.825792    0.683656    4.479701 v _36553_/ZN (gf180mcu_fd_sc_mcu7t5v0__clkinv_4)
                                                         _11585_ (net)
                      0.826329    0.011734    4.491435 v _36593_/A1 (gf180mcu_fd_sc_mcu7t5v0__nand2_4)
     5    0.077908    0.442568    0.447748    4.939183 ^ _36593_/ZN (gf180mcu_fd_sc_mcu7t5v0__nand2_4)
                                                         _11625_ (net)
                      0.442576    0.002958    4.942141 ^ load_slew195/I (gf180mcu_fd_sc_mcu7t5v0__buf_4)
     5    0.116068    0.435269    0.390541    5.332682 ^ load_slew195/Z (gf180mcu_fd_sc_mcu7t5v0__buf_4)
                                                         net195 (net)
                      0.435576    0.006466    5.339148 ^ load_slew193/I (gf180mcu_fd_sc_mcu7t5v0__clkbuf_4)
     5    0.094530    0.364860    0.451385    5.790533 ^ load_slew193/Z (gf180mcu_fd_sc_mcu7t5v0__clkbuf_4)
                                                         net193 (net)
                      0.364927    0.002757    5.793290 ^ _36730_/A3 (gf180mcu_fd_sc_mcu7t5v0__nor4_4)
     8    0.168875    0.897433    0.579028    6.372317 v _36730_/ZN (gf180mcu_fd_sc_mcu7t5v0__nor4_4)
                                                         _11762_ (net)
                      0.897548    0.015235    6.387552 v _37005_/A2 (gf180mcu_fd_sc_mcu7t5v0__aoi222_1)
     1    0.120767    5.043431    3.143173    9.530725 ^ _37005_/ZN (gf180mcu_fd_sc_mcu7t5v0__aoi222_1)
                                                         _12034_ (net)
                      5.043538    0.012895    9.543620 ^ _37006_/A4 (gf180mcu_fd_sc_mcu7t5v0__nand4_1)
     2    0.081604    2.211551    1.061530   10.605150 v _37006_/ZN (gf180mcu_fd_sc_mcu7t5v0__nand4_1)
                                                         _12035_ (net)
                      2.211570    0.009900   10.615049 v _37007_/A4 (gf180mcu_fd_sc_mcu7t5v0__or4_1)
     1    0.074412    0.757977    1.656081   12.271131 v _37007_/Z (gf180mcu_fd_sc_mcu7t5v0__or4_1)
                                                         _12036_ (net)
                      0.758259    0.005478   12.276608 v _37022_/A1 (gf180mcu_fd_sc_mcu7t5v0__or4_1)
     1    0.025209    0.393276    0.945019   13.221628 v _37022_/Z (gf180mcu_fd_sc_mcu7t5v0__or4_1)
                                                         _12051_ (net)
                      0.393280    0.000842   13.222469 v _37023_/A4 (gf180mcu_fd_sc_mcu7t5v0__nor4_4)
     2    0.059480    1.075575    0.730016   13.952486 ^ _37023_/ZN (gf180mcu_fd_sc_mcu7t5v0__nor4_4)
                                                         _12052_ (net)
                      1.075581    0.004179   13.956665 ^ _37024_/A1 (gf180mcu_fd_sc_mcu7t5v0__oai21_1)
     1    0.005540    0.383996    0.124723   14.081388 v _37024_/ZN (gf180mcu_fd_sc_mcu7t5v0__oai21_1)
                                                         _00017_ (net)
                      0.383996    0.000117   14.081505 v _64181_/D (gf180mcu_fd_sc_mcu7t5v0__dffnrnq_1)
                                             14.081505   data arrival time

                                250.000000  250.000000   clock SPI_SCK (fall edge)
                                  0.000000  250.000000   clock source latency
     1    0.125876    0.000000    0.000000  250.000000 v SPI_SCK (in)
                                                         SPI_SCK (net)
                      0.047680    0.019497  250.019501 v clkbuf_0_SPI_SCK/I (gf180mcu_fd_sc_mcu7t5v0__clkbuf_16)
     4    0.150218    0.154435    0.239083  250.258591 v clkbuf_0_SPI_SCK/Z (gf180mcu_fd_sc_mcu7t5v0__clkbuf_16)
                                                         clknet_0_SPI_SCK (net)
                      0.161013    0.017764  250.276352 v clkbuf_2_3__f_SPI_SCK/I (gf180mcu_fd_sc_mcu7t5v0__clkbuf_16)
    17    0.286885    0.247347    0.338019  250.614365 v clkbuf_2_3__f_SPI_SCK/Z (gf180mcu_fd_sc_mcu7t5v0__clkbuf_16)
                                                         clknet_2_3__leaf_SPI_SCK (net)
                      0.248616    0.008185  250.622559 v _64181_/CLKN (gf180mcu_fd_sc_mcu7t5v0__dffnrnq_1)
                                  0.000000  250.622559   clock reconvergence pessimism
                                 -0.223231  250.399338   library setup time
                                            250.399338   data required time
---------------------------------------------------------------------------------------------
                                            250.399338   data required time
                                            -14.081505   data arrival time
---------------------------------------------------------------------------------------------
                                            236.317825   slack (MET)




===========================================================================
report_checks --slack_max -0.01
============================================================================
======================= max_ff_n40C_3v60 Corner ===================================

No paths found.


===========================================================================
 report_check_types -max_slew -max_cap -max_fanout -violators
============================================================================
======================= max_ff_n40C_3v60 Corner ===================================



===========================================================================
report_parasitic_annotation -report_unannotated
============================================================================
Found 196 unannotated drivers.
 HBURST[0]
 HBURST[1]
 HBURST[2]
 HMASTLOCK
 HPROT[0]
 HPROT[1]
 HPROT[2]
 HPROT[3]
 HTRANS[0]
 IRQ_OUT_IN
 PSRAM_CE_N_IN
 PSRAM_SCK_IN
 REMOD_A_I_IN
 REMOD_A_Q_IN
 SPI_MISO_IN
 clkload0/ZN
 clkload1/ZN
 clkload10/ZN
 clkload100/Z
 clkload101/ZN
 clkload102/Z
 clkload103/ZN
 clkload104/ZN
 clkload105/ZN
 clkload106/ZN
 clkload107/ZN
 clkload108/ZN
 clkload109/Z
 clkload11/ZN
 clkload110/Z
 clkload111/ZN
 clkload112/ZN
 clkload113/ZN
 clkload114/Z
 clkload115/ZN
 clkload116/Z
 clkload117/ZN
 clkload118/ZN
 clkload119/Z
 clkload12/Z
 clkload120/ZN
 clkload121/Z
 clkload122/ZN
 clkload123/Z
 clkload124/Z
 clkload125/Z
 clkload126/ZN
 clkload127/Z
 clkload128/Z
 clkload129/ZN
 clkload13/Z
 clkload130/Z
 clkload131/Z
 clkload132/ZN
 clkload133/Z
 clkload134/Z
 clkload135/ZN
 clkload136/Z
 clkload137/Z
 clkload138/ZN
 clkload139/Z
 clkload14/ZN
 clkload140/ZN
 clkload141/ZN
 clkload142/Z
 clkload143/Z
 clkload144/Z
 clkload145/ZN
 clkload146/ZN
 clkload147/ZN
 clkload148/Z
 clkload149/Z
 clkload15/ZN
 clkload150/Z
 clkload151/ZN
 clkload152/ZN
 clkload153/Z
 clkload154/ZN
 clkload155/ZN
 clkload156/ZN
 clkload157/Z
 clkload158/Z
 clkload159/Z
 clkload16/ZN
 clkload160/ZN
 clkload161/ZN
 clkload162/ZN
 clkload163/Z
 clkload164/ZN
 clkload165/Z
 clkload166/ZN
 clkload167/ZN
 clkload168/Z
 clkload169/ZN
 clkload17/ZN
 clkload170/ZN
 clkload171/ZN
 clkload172/Z
 clkload173/ZN
 clkload174/ZN
 clkload175/Z
 clkload176/ZN
 clkload177/ZN
 clkload178/Z
 clkload179/ZN
 clkload18/ZN
 clkload180/ZN
 clkload19/Z
 clkload2/ZN
 clkload20/ZN
 clkload21/ZN
 clkload22/Z
 clkload23/Z
 clkload24/ZN
 clkload25/ZN
 clkload26/ZN
 clkload27/Z
 clkload28/ZN
 clkload29/ZN
 clkload3/Z
 clkload30/ZN
 clkload31/Z
 clkload32/Z
 clkload33/ZN
 clkload34/ZN
 clkload35/Z
 clkload36/ZN
 clkload37/ZN
 clkload38/ZN
 clkload39/ZN
 clkload4/ZN
 clkload40/ZN
 clkload41/Z
 clkload42/ZN
 clkload43/Z
 clkload44/Z
 clkload45/ZN
 clkload46/ZN
 clkload47/Z
 clkload48/Z
 clkload49/ZN
 clkload5/ZN
 clkload50/ZN
 clkload51/ZN
 clkload52/ZN
 clkload53/Z
 clkload54/ZN
 clkload55/Z
 clkload56/ZN
 clkload57/Z
 clkload58/ZN
 clkload59/Z
 clkload6/ZN
 clkload60/Z
 clkload61/Z
 clkload62/ZN
 clkload63/ZN
 clkload64/ZN
 clkload65/ZN
 clkload66/ZN
 clkload67/Z
 clkload68/Z
 clkload69/ZN
 clkload7/Z
 clkload70/ZN
 clkload71/ZN
 clkload72/Z
 clkload73/ZN
 clkload74/ZN
 clkload75/ZN
 clkload76/ZN
 clkload77/ZN
 clkload78/Z
 clkload79/Z
 clkload8/ZN
 clkload80/Z
 clkload81/Z
 clkload82/Z
 clkload83/ZN
 clkload84/Z
 clkload85/Z
 clkload86/Z
 clkload87/ZN
 clkload88/Z
 clkload89/ZN
 clkload9/ZN
 clkload90/Z
 clkload91/ZN
 clkload92/ZN
 clkload93/ZN
 clkload94/ZN
 clkload95/Z
 clkload96/Z
 clkload97/ZN
 clkload98/ZN
 clkload99/ZN
Found 0 partially unannotated drivers.

===========================================================================
max slew violation count 0
max fanout violation count 0
max cap violation count 0
============================================================================

===========================================================================
check_setup -verbose -unconstrained_endpoints -multiple_clock -no_clock -no_input_delay -loops -generated_clocks
===========================================================================
Warning: There are 60 input ports missing set_input_delay.
  GRP_ADDR_0
  GRP_ADDR_1
  GRP_ADDR_2
  GRP_ADDR_3
  GRP_ADDR_4
  GRP_ADDR_5
  GRP_ADDR_6
  GRP_ADDR_7
  GRP_RE
  GRP_WDATA_0
  GRP_WDATA_1
  GRP_WDATA_2
  GRP_WDATA_3
  GRP_WDATA_4
  GRP_WDATA_5
  GRP_WDATA_6
  GRP_WDATA_7
  GRP_WE
  HADDR[0]
  HADDR[1]
  HADDR[2]
  HADDR[3]
  HADDR[4]
  HADDR[5]
  HADDR[6]
  HADDR[7]
  HBURST[0]
  HBURST[1]
  HBURST[2]
  HMASTLOCK
  HOST_CS
  HPROT[0]
  HPROT[1]
  HPROT[2]
  HPROT[3]
  HSIZE[0]
  HSIZE[1]
  HSIZE[2]
  HTRANS[0]
  HTRANS[1]
  HWDATA[0]
  HWDATA[1]
  HWDATA[2]
  HWDATA[3]
  HWDATA[4]
  HWDATA[5]
  HWDATA[6]
  HWDATA[7]
  HWRITE
  IRQ_OUT_IN
  PSRAM_CE_N_IN
  PSRAM_SCK_IN
  PSRAM_SIO_0_IN
  PSRAM_SIO_1_IN
  PSRAM_SIO_2_IN
  PSRAM_SIO_3_IN
  REMOD_A_I_IN
  REMOD_A_Q_IN
  RESETB
  SPI_MISO_IN
Warning: There are 2 unconstrained endpoints.
  _63483_/D
  _63484_/D
