
===========================================================================
report_checks -unconstrained
===========================================================================
======================= max_ff_n40C_3v60 Corner ===================================

Startpoint: IQ_CLK (clock source 'IQ_CLK')
Endpoint: PSRAM_SCK (output port clocked by IQ_CLK)
Path Group: IQ_CLK
Path Type: max

Fanout         Cap        Slew       Delay        Time   Description
---------------------------------------------------------------------------------------------
                                 15.625000   15.625000   clock IQ_CLK (fall edge)
                                  0.000000   15.625000   clock source latency
     2    0.205966    0.000000    0.000000   15.625000 v IQ_CLK (in)
                                                         IQ_CLK (net)
                      0.006617    0.002707   15.627707 v clkbuf_0_IQ_CLK/I (gf180mcu_fd_sc_mcu7t5v0__clkbuf_16)
     1    0.022662    0.070150    0.165734   15.793442 v clkbuf_0_IQ_CLK/Z (gf180mcu_fd_sc_mcu7t5v0__clkbuf_16)
                                                         clknet_0_IQ_CLK (net)
                      0.070150    0.000233   15.793674 v clkbuf_1_0__f_IQ_CLK/I (gf180mcu_fd_sc_mcu7t5v0__clkbuf_16)
     1    0.003762    0.055403    0.169173   15.962848 v clkbuf_1_0__f_IQ_CLK/Z (gf180mcu_fd_sc_mcu7t5v0__clkbuf_16)
                                                         clknet_1_0__leaf_IQ_CLK (net)
                      0.055403    0.000041   15.962889 v _30371_/A1 (gf180mcu_fd_sc_mcu7t5v0__and2_1)
     1    0.003133    0.101962    0.186882   16.149771 v _30371_/Z (gf180mcu_fd_sc_mcu7t5v0__and2_1)
                                                         net47 (net)
                      0.101962    0.000030   16.149799 v output47/I (gf180mcu_fd_sc_mcu7t5v0__dlyb_1)
     1    0.001974    0.134372    0.781458   16.931259 v output47/Z (gf180mcu_fd_sc_mcu7t5v0__dlyb_1)
                                                         PSRAM_SCK (net)
                      0.134372    0.000012   16.931271 v PSRAM_SCK (out)
                                             16.931271   data arrival time

                                 31.250000   31.250000   clock IQ_CLK (rise edge)
                                  0.000000   31.250000   clock network delay (propagated)
                                 -0.500000   30.750002   clock uncertainty
                                  0.000000   30.750002   clock reconvergence pessimism
                                 -2.000000   28.750002   output external delay
                                             28.750002   data required time
---------------------------------------------------------------------------------------------
                                             28.750002   data required time
                                            -16.931271   data arrival time
---------------------------------------------------------------------------------------------
                                             11.818731   slack (MET)




===========================================================================
report_checks --slack_max -0.01
============================================================================
======================= max_ff_n40C_3v60 Corner ===================================

No paths found.


===========================================================================
 report_check_types -max_slew -max_cap -max_fanout -violators
============================================================================
======================= max_ff_n40C_3v60 Corner ===================================

max slew

Pin                                        Limit        Slew       Slack
------------------------------------------------------------------------
output44/I                              5.200000    6.335800   -1.135800 (VIOLATED)
_63973_/I                               5.200000    6.335249   -1.135250 (VIOLATED)
_31718_/ZN                              5.200000    6.334910   -1.134911 (VIOLATED)
_51035_/A2                              5.200000    5.670563   -0.470564 (VIOLATED)
_51034_/ZN                              5.200000    5.670284   -0.470284 (VIOLATED)
_37005_/A1                              5.200000    5.468573   -0.268573 (VIOLATED)
_46708_/A1                              5.200000    5.468520   -0.268520 (VIOLATED)
_37004_/ZN                              5.200000    5.468413   -0.268413 (VIOLATED)
_46588_/B                               5.200000    5.412906   -0.212907 (VIOLATED)
_46587_/ZN                              5.200000    5.412817   -0.212818 (VIOLATED)

max capacitance

Pin                                        Limit         Cap       Slack
------------------------------------------------------------------------
_31718_/ZN                              0.317800    0.412812   -0.095012 (VIOLATED)
_37004_/ZN                              0.131800    0.147487   -0.015687 (VIOLATED)
_46587_/ZN                              0.116700    0.128980   -0.012280 (VIOLATED)
_34304_/ZN                              0.192000    0.203201   -0.011201 (VIOLATED)



===========================================================================
report_parasitic_annotation -report_unannotated
============================================================================
Found 172 unannotated drivers.
 clkload0/ZN
 clkload1/ZN
 clkload10/ZN
 clkload100/ZN
 clkload101/ZN
 clkload102/ZN
 clkload103/ZN
 clkload104/ZN
 clkload105/Z
 clkload106/Z
 clkload107/ZN
 clkload108/Z
 clkload109/Z
 clkload11/ZN
 clkload110/Z
 clkload111/ZN
 clkload112/Z
 clkload113/Z
 clkload114/ZN
 clkload115/Z
 clkload116/ZN
 clkload117/ZN
 clkload118/Z
 clkload119/ZN
 clkload12/ZN
 clkload120/ZN
 clkload121/ZN
 clkload122/ZN
 clkload123/ZN
 clkload124/ZN
 clkload125/Z
 clkload126/ZN
 clkload127/ZN
 clkload128/Z
 clkload129/ZN
 clkload13/ZN
 clkload130/ZN
 clkload131/Z
 clkload132/ZN
 clkload133/ZN
 clkload134/ZN
 clkload135/ZN
 clkload136/ZN
 clkload137/Z
 clkload138/ZN
 clkload139/Z
 clkload14/Z
 clkload140/ZN
 clkload141/Z
 clkload142/Z
 clkload143/ZN
 clkload144/Z
 clkload145/ZN
 clkload146/Z
 clkload147/ZN
 clkload148/Z
 clkload149/ZN
 clkload15/Z
 clkload150/ZN
 clkload151/ZN
 clkload152/ZN
 clkload153/ZN
 clkload154/ZN
 clkload155/ZN
 clkload156/ZN
 clkload157/ZN
 clkload158/ZN
 clkload159/ZN
 clkload16/ZN
 clkload160/Z
 clkload161/Z
 clkload162/ZN
 clkload163/Z
 clkload164/ZN
 clkload165/Z
 clkload166/ZN
 clkload167/ZN
 clkload168/ZN
 clkload169/Z
 clkload17/ZN
 clkload170/Z
 clkload171/ZN
 clkload18/Z
 clkload19/ZN
 clkload2/Z
 clkload20/ZN
 clkload21/ZN
 clkload22/ZN
 clkload23/ZN
 clkload24/Z
 clkload25/Z
 clkload26/Z
 clkload27/ZN
 clkload28/Z
 clkload29/ZN
 clkload3/ZN
 clkload30/Z
 clkload31/Z
 clkload32/ZN
 clkload33/Z
 clkload34/ZN
 clkload35/ZN
 clkload36/Z
 clkload37/ZN
 clkload38/ZN
 clkload39/ZN
 clkload4/ZN
 clkload40/ZN
 clkload41/Z
 clkload42/ZN
 clkload43/ZN
 clkload44/ZN
 clkload45/ZN
 clkload46/ZN
 clkload47/Z
 clkload48/ZN
 clkload49/Z
 clkload5/ZN
 clkload50/ZN
 clkload51/Z
 clkload52/Z
 clkload53/ZN
 clkload54/Z
 clkload55/ZN
 clkload56/ZN
 clkload57/ZN
 clkload58/Z
 clkload59/Z
 clkload6/ZN
 clkload60/Z
 clkload61/ZN
 clkload62/Z
 clkload63/Z
 clkload64/Z
 clkload65/Z
 clkload66/ZN
 clkload67/ZN
 clkload68/Z
 clkload69/ZN
 clkload7/ZN
 clkload70/ZN
 clkload71/Z
 clkload72/Z
 clkload73/ZN
 clkload74/ZN
 clkload75/Z
 clkload76/ZN
 clkload77/ZN
 clkload78/ZN
 clkload79/ZN
 clkload8/ZN
 clkload80/ZN
 clkload81/Z
 clkload82/ZN
 clkload83/Z
 clkload84/Z
 clkload85/Z
 clkload86/ZN
 clkload87/Z
 clkload88/Z
 clkload89/Z
 clkload9/ZN
 clkload90/ZN
 clkload91/Z
 clkload92/ZN
 clkload93/Z
 clkload94/ZN
 clkload95/ZN
 clkload96/ZN
 clkload97/Z
 clkload98/ZN
 clkload99/Z
Found 0 partially unannotated drivers.

===========================================================================
max slew violation count 10
max fanout violation count 0
max cap violation count 4
============================================================================

===========================================================================
check_setup -verbose -unconstrained_endpoints -multiple_clock -no_clock -no_input_delay -loops -generated_clocks
===========================================================================
Warning: There are 25 input ports missing set_input_delay.
  GRP_ADDR_0
  GRP_ADDR_1
  GRP_ADDR_2
  GRP_ADDR_3
  GRP_ADDR_4
  GRP_ADDR_5
  GRP_ADDR_6
  GRP_ADDR_7
  GRP_RE
  GRP_WDATA_0
  GRP_WDATA_1
  GRP_WDATA_2
  GRP_WDATA_3
  GRP_WDATA_4
  GRP_WDATA_5
  GRP_WDATA_6
  GRP_WDATA_7
  GRP_WE
  HOST_CS
  PSRAM_SIO_IN_0
  PSRAM_SIO_IN_1
  PSRAM_SIO_IN_2
  PSRAM_SIO_IN_3
  RESETB
  SPI_SCK
Warning: There are 51 unclocked register/latch pins.
  _62408_/CLK
  _62409_/CLK
  _62410_/CLK
  _62411_/CLK
  _62412_/CLK
  _62413_/CLK
  _62414_/CLK
  _62415_/CLK
  _62416_/CLK
  _62417_/CLK
  _62418_/CLK
  _62419_/CLK
  _62420_/CLK
  _62421_/CLK
  _62422_/CLK
  _62423_/CLK
  _62424_/CLK
  _62425_/CLK
  _62426_/CLK
  _62427_/CLK
  _62428_/CLK
  _62429_/CLK
  _62430_/CLK
  _62431_/CLK
  _62432_/CLK
  _62433_/CLK
  _62434_/CLK
  _62435_/CLK
  _62436_/CLK
  _62437_/CLK
  _62438_/CLK
  _62439_/CLK
  _62440_/CLK
  _63945_/CLKN
  _63946_/CLKN
  _63947_/CLKN
  _63948_/CLKN
  _63949_/CLKN
  _63950_/CLKN
  _63951_/CLKN
  _63952_/CLKN
  _63956_/CLK
  _63957_/CLK
  _63958_/CLK
  _63964_/CLK
  _63965_/CLK
  _63966_/CLK
  _63967_/CLK
  _63968_/CLK
  _63969_/CLK
  _63970_/CLK
Warning: There are 54 unconstrained endpoints.
  SPI_MISO
  _62408_/D
  _62409_/D
  _62410_/D
  _62411_/D
  _62412_/D
  _62413_/D
  _62414_/D
  _62415_/D
  _62416_/D
  _62417_/D
  _62418_/D
  _62419_/D
  _62420_/D
  _62421_/D
  _62422_/D
  _62423_/D
  _62424_/D
  _62425_/D
  _62426_/D
  _62427_/D
  _62428_/D
  _62429_/D
  _62430_/D
  _62431_/D
  _62432_/D
  _62433_/D
  _62434_/D
  _62435_/D
  _62436_/D
  _62437_/D
  _62438_/D
  _62439_/D
  _62440_/D
  _63945_/D
  _63946_/D
  _63947_/D
  _63948_/D
  _63949_/D
  _63950_/D
  _63951_/D
  _63952_/D
  _63956_/D
  _63957_/D
  _63958_/D
  _63959_/D
  _63962_/D
  _63964_/D
  _63965_/D
  _63966_/D
  _63967_/D
  _63968_/D
  _63969_/D
  _63970_/D
