
===========================================================================
report_checks -unconstrained
===========================================================================
======================= max_ff_n40C_3v60 Corner ===================================

Startpoint: IQ_CLK (clock source 'IQ_CLK')
Endpoint: PSRAM_SCK (output port clocked by IQ_CLK)
Path Group: IQ_CLK
Path Type: max

Fanout         Cap        Slew       Delay        Time   Description
---------------------------------------------------------------------------------------------
                                 15.625000   15.625000   clock IQ_CLK (fall edge)
                                  0.000000   15.625000   clock source latency
     2    0.218272    0.000000    0.000000   15.625000 v IQ_CLK (in)
                                                         IQ_CLK (net)
                      0.028323    0.011585   15.636586 v clkbuf_0_IQ_CLK/I (gf180mcu_fd_sc_mcu7t5v0__clkbuf_16)
     1    0.023124    0.070526    0.171740   15.808326 v clkbuf_0_IQ_CLK/Z (gf180mcu_fd_sc_mcu7t5v0__clkbuf_16)
                                                         clknet_0_IQ_CLK (net)
                      0.070527    0.000268   15.808594 v clkbuf_1_0__f_IQ_CLK/I (gf180mcu_fd_sc_mcu7t5v0__clkbuf_16)
     1    0.004243    0.055795    0.169633   15.978228 v clkbuf_1_0__f_IQ_CLK/Z (gf180mcu_fd_sc_mcu7t5v0__clkbuf_16)
                                                         clknet_1_0__leaf_IQ_CLK (net)
                      0.055795    0.000050   15.978277 v _30241_/A1 (gf180mcu_fd_sc_mcu7t5v0__and2_1)
     1    0.003255    0.108767    0.187937   16.166214 v _30241_/Z (gf180mcu_fd_sc_mcu7t5v0__and2_1)
                                                         net78 (net)
                      0.108767    0.000032   16.166246 v output78/I (gf180mcu_fd_sc_mcu7t5v0__dlyb_1)
     1    0.001720    0.131625    0.780672   16.946917 v output78/Z (gf180mcu_fd_sc_mcu7t5v0__dlyb_1)
                                                         PSRAM_SCK (net)
                      0.131625    0.000011   16.946928 v PSRAM_SCK (out)
                                             16.946928   data arrival time

                                 31.250000   31.250000   clock IQ_CLK (rise edge)
                                  0.000000   31.250000   clock network delay (propagated)
                                 -0.500000   30.750002   clock uncertainty
                                  0.000000   30.750002   clock reconvergence pessimism
                                 -2.000000   28.750002   output external delay
                                             28.750002   data required time
---------------------------------------------------------------------------------------------
                                             28.750002   data required time
                                            -16.946928   data arrival time
---------------------------------------------------------------------------------------------
                                             11.803075   slack (MET)




===========================================================================
report_checks --slack_max -0.01
============================================================================
======================= max_ff_n40C_3v60 Corner ===================================

No paths found.


===========================================================================
 report_check_types -max_slew -max_cap -max_fanout -violators
============================================================================
======================= max_ff_n40C_3v60 Corner ===================================

max slew

Pin                                        Limit        Slew       Slack
------------------------------------------------------------------------
_34012_/A2                              5.200000    6.689294   -1.489295 (VIOLATED)
_34009_/A1                              5.200000    6.689292   -1.489293 (VIOLATED)
_33980_/ZN                              5.200000    6.688453   -1.488453 (VIOLATED)
_34009_/C                               5.200000    6.544794   -1.344794 (VIOLATED)
_33983_/ZN                              5.200000    6.544643   -1.344643 (VIOLATED)
_53114_/A2                              5.200000    6.021241   -0.821241 (VIOLATED)
_36208_/B                               5.200000    6.021185   -0.821185 (VIOLATED)
_36207_/ZN                              5.200000    6.019807   -0.819808 (VIOLATED)

max capacitance

Pin                                        Limit         Cap       Slack
------------------------------------------------------------------------
_33980_/ZN                              0.189000    0.261984   -0.072984 (VIOLATED)
_33983_/ZN                              0.123700    0.169396   -0.045696 (VIOLATED)
_36207_/ZN                              0.191500    0.237111   -0.045611 (VIOLATED)
_36197_/ZN                              0.191500    0.201531   -0.010031 (VIOLATED)
_33987_/ZN                              0.189000    0.196507   -0.007507 (VIOLATED)



===========================================================================
report_parasitic_annotation -report_unannotated
============================================================================
Found 187 unannotated drivers.
 HBURST[0]
 HBURST[1]
 HBURST[2]
 HMASTLOCK
 HPROT[0]
 HPROT[1]
 HPROT[2]
 HPROT[3]
 HTRANS[0]
 clkload0/ZN
 clkload1/ZN
 clkload10/ZN
 clkload100/ZN
 clkload101/ZN
 clkload102/Z
 clkload103/ZN
 clkload104/ZN
 clkload105/ZN
 clkload106/ZN
 clkload107/ZN
 clkload108/Z
 clkload109/ZN
 clkload11/ZN
 clkload110/ZN
 clkload111/ZN
 clkload112/Z
 clkload113/ZN
 clkload114/ZN
 clkload115/ZN
 clkload116/ZN
 clkload117/Z
 clkload118/Z
 clkload119/ZN
 clkload12/ZN
 clkload120/Z
 clkload121/Z
 clkload122/ZN
 clkload123/ZN
 clkload124/ZN
 clkload125/ZN
 clkload126/ZN
 clkload127/ZN
 clkload128/Z
 clkload129/ZN
 clkload13/ZN
 clkload130/ZN
 clkload131/ZN
 clkload132/ZN
 clkload133/Z
 clkload134/Z
 clkload135/Z
 clkload136/ZN
 clkload137/Z
 clkload138/ZN
 clkload139/ZN
 clkload14/ZN
 clkload140/Z
 clkload141/Z
 clkload142/ZN
 clkload143/ZN
 clkload144/ZN
 clkload145/Z
 clkload146/ZN
 clkload147/ZN
 clkload148/Z
 clkload149/Z
 clkload15/ZN
 clkload150/ZN
 clkload151/Z
 clkload152/ZN
 clkload153/Z
 clkload154/Z
 clkload155/Z
 clkload156/ZN
 clkload157/ZN
 clkload158/Z
 clkload159/ZN
 clkload16/ZN
 clkload160/ZN
 clkload161/ZN
 clkload162/ZN
 clkload163/ZN
 clkload164/ZN
 clkload165/Z
 clkload166/Z
 clkload167/Z
 clkload168/ZN
 clkload169/ZN
 clkload17/Z
 clkload170/ZN
 clkload171/Z
 clkload172/Z
 clkload173/Z
 clkload174/ZN
 clkload175/ZN
 clkload176/ZN
 clkload177/Z
 clkload18/ZN
 clkload19/ZN
 clkload2/Z
 clkload20/ZN
 clkload21/Z
 clkload22/ZN
 clkload23/ZN
 clkload24/ZN
 clkload25/ZN
 clkload26/ZN
 clkload27/ZN
 clkload28/ZN
 clkload29/Z
 clkload3/ZN
 clkload30/ZN
 clkload31/ZN
 clkload32/Z
 clkload33/Z
 clkload34/Z
 clkload35/Z
 clkload36/Z
 clkload37/ZN
 clkload38/ZN
 clkload39/Z
 clkload4/ZN
 clkload40/ZN
 clkload41/ZN
 clkload42/ZN
 clkload43/Z
 clkload44/Z
 clkload45/Z
 clkload46/ZN
 clkload47/ZN
 clkload48/ZN
 clkload49/ZN
 clkload5/ZN
 clkload50/Z
 clkload51/Z
 clkload52/Z
 clkload53/ZN
 clkload54/ZN
 clkload55/ZN
 clkload56/ZN
 clkload57/Z
 clkload58/ZN
 clkload59/ZN
 clkload6/Z
 clkload60/Z
 clkload61/Z
 clkload62/Z
 clkload63/ZN
 clkload64/ZN
 clkload65/ZN
 clkload66/Z
 clkload67/ZN
 clkload68/ZN
 clkload69/Z
 clkload7/ZN
 clkload70/Z
 clkload71/ZN
 clkload72/ZN
 clkload73/ZN
 clkload74/Z
 clkload75/ZN
 clkload76/Z
 clkload77/ZN
 clkload78/Z
 clkload79/Z
 clkload8/ZN
 clkload80/ZN
 clkload81/ZN
 clkload82/Z
 clkload83/ZN
 clkload84/ZN
 clkload85/Z
 clkload86/ZN
 clkload87/Z
 clkload88/Z
 clkload89/ZN
 clkload9/ZN
 clkload90/Z
 clkload91/ZN
 clkload92/Z
 clkload93/Z
 clkload94/Z
 clkload95/Z
 clkload96/Z
 clkload97/Z
 clkload98/ZN
 clkload99/ZN
Found 0 partially unannotated drivers.

===========================================================================
max slew violation count 8
max fanout violation count 0
max cap violation count 5
============================================================================

===========================================================================
check_setup -verbose -unconstrained_endpoints -multiple_clock -no_clock -no_input_delay -loops -generated_clocks
===========================================================================
Warning: There are 55 input ports missing set_input_delay.
  GRP_ADDR_0
  GRP_ADDR_1
  GRP_ADDR_2
  GRP_ADDR_3
  GRP_ADDR_4
  GRP_ADDR_5
  GRP_ADDR_6
  GRP_ADDR_7
  GRP_RE
  GRP_WDATA_0
  GRP_WDATA_1
  GRP_WDATA_2
  GRP_WDATA_3
  GRP_WDATA_4
  GRP_WDATA_5
  GRP_WDATA_6
  GRP_WDATA_7
  GRP_WE
  HADDR[0]
  HADDR[1]
  HADDR[2]
  HADDR[3]
  HADDR[4]
  HADDR[5]
  HADDR[6]
  HADDR[7]
  HBURST[0]
  HBURST[1]
  HBURST[2]
  HMASTLOCK
  HOST_CS
  HPROT[0]
  HPROT[1]
  HPROT[2]
  HPROT[3]
  HSIZE[0]
  HSIZE[1]
  HSIZE[2]
  HTRANS[0]
  HTRANS[1]
  HWDATA[0]
  HWDATA[1]
  HWDATA[2]
  HWDATA[3]
  HWDATA[4]
  HWDATA[5]
  HWDATA[6]
  HWDATA[7]
  HWRITE
  PSRAM_SIO_IN_0
  PSRAM_SIO_IN_1
  PSRAM_SIO_IN_2
  PSRAM_SIO_IN_3
  RESETB
  SPI_SCK
Warning: There are 51 unclocked register/latch pins.
  _62241_/CLK
  _62242_/CLK
  _62243_/CLK
  _62244_/CLK
  _62245_/CLK
  _62246_/CLK
  _62247_/CLK
  _62248_/CLK
  _62249_/CLK
  _62250_/CLK
  _62251_/CLK
  _62252_/CLK
  _62253_/CLK
  _62254_/CLK
  _62255_/CLK
  _62256_/CLK
  _62257_/CLK
  _62258_/CLK
  _62259_/CLK
  _62260_/CLK
  _62261_/CLK
  _62262_/CLK
  _62263_/CLK
  _62264_/CLK
  _62265_/CLK
  _62266_/CLK
  _62267_/CLK
  _62268_/CLK
  _62269_/CLK
  _62270_/CLK
  _62271_/CLK
  _62272_/CLK
  _62273_/CLK
  _63782_/CLKN
  _63783_/CLKN
  _63784_/CLKN
  _63785_/CLKN
  _63786_/CLKN
  _63787_/CLKN
  _63788_/CLKN
  _63789_/CLKN
  _63793_/CLK
  _63794_/CLK
  _63795_/CLK
  _63801_/CLK
  _63802_/CLK
  _63803_/CLK
  _63804_/CLK
  _63805_/CLK
  _63806_/CLK
  _63807_/CLK
Warning: There are 54 unconstrained endpoints.
  SPI_MISO
  _62241_/D
  _62242_/D
  _62243_/D
  _62244_/D
  _62245_/D
  _62246_/D
  _62247_/D
  _62248_/D
  _62249_/D
  _62250_/D
  _62251_/D
  _62252_/D
  _62253_/D
  _62254_/D
  _62255_/D
  _62256_/D
  _62257_/D
  _62258_/D
  _62259_/D
  _62260_/D
  _62261_/D
  _62262_/D
  _62263_/D
  _62264_/D
  _62265_/D
  _62266_/D
  _62267_/D
  _62268_/D
  _62269_/D
  _62270_/D
  _62271_/D
  _62272_/D
  _62273_/D
  _63782_/D
  _63783_/D
  _63784_/D
  _63785_/D
  _63786_/D
  _63787_/D
  _63788_/D
  _63789_/D
  _63793_/D
  _63794_/D
  _63795_/D
  _63796_/D
  _63799_/D
  _63801_/D
  _63802_/D
  _63803_/D
  _63804_/D
  _63805_/D
  _63806_/D
  _63807_/D
