
===========================================================================
report_checks -unconstrained
===========================================================================
======================= nom_tt_025C_3v30 Corner ===================================

Startpoint: IQ_CLK (clock source 'IQ_CLK')
Endpoint: PSRAM_SCK_OUT (output port clocked by IQ_CLK)
Path Group: IQ_CLK
Path Type: max

Fanout         Cap        Slew       Delay        Time   Description
---------------------------------------------------------------------------------------------
                                 15.625000   15.625000   clock IQ_CLK (fall edge)
                                  0.000000   15.625000   clock source latency
     2    0.223127    0.000000    0.000000   15.625000 v IQ_CLK (in)
                                                         IQ_CLK (net)
                      0.035705    0.014605   15.639606 v clkbuf_0_IQ_CLK/I (gf180mcu_fd_sc_mcu7t5v0__clkbuf_16)
     1    0.022414    0.118839    0.286613   15.926219 v clkbuf_0_IQ_CLK/Z (gf180mcu_fd_sc_mcu7t5v0__clkbuf_16)
                                                         clknet_0_IQ_CLK (net)
                      0.118839    0.000227   15.926446 v clkbuf_1_0__f_IQ_CLK/I (gf180mcu_fd_sc_mcu7t5v0__clkbuf_16)
     1    0.004283    0.094913    0.289836   16.216282 v clkbuf_1_0__f_IQ_CLK/Z (gf180mcu_fd_sc_mcu7t5v0__clkbuf_16)
                                                         clknet_1_0__leaf_IQ_CLK (net)
                      0.094913    0.000050   16.216331 v _30937_/A1 (gf180mcu_fd_sc_mcu7t5v0__and2_1)
     1    0.006280    0.183531    0.356604   16.572935 v _30937_/Z (gf180mcu_fd_sc_mcu7t5v0__and2_1)
                                                         net23 (net)
                      0.183531    0.000144   16.573080 v output23/I (gf180mcu_fd_sc_mcu7t5v0__dlyb_1)
     1    0.003274    0.260922    1.455073   18.028152 v output23/Z (gf180mcu_fd_sc_mcu7t5v0__dlyb_1)
                                                         PSRAM_SCK_OUT (net)
                      0.260922    0.000032   18.028183 v PSRAM_SCK_OUT (out)
                                             18.028183   data arrival time

                                 31.250000   31.250000   clock IQ_CLK (rise edge)
                                  0.000000   31.250000   clock network delay (propagated)
                                 -0.500000   30.750002   clock uncertainty
                                  0.000000   30.750002   clock reconvergence pessimism
                                 -2.000000   28.750002   output external delay
                                             28.750002   data required time
---------------------------------------------------------------------------------------------
                                             28.750002   data required time
                                            -18.028183   data arrival time
---------------------------------------------------------------------------------------------
                                             10.721818   slack (MET)


Startpoint: _63569_ (rising edge-triggered flip-flop clocked by SPI_SCK)
Endpoint: _65081_ (falling edge-triggered flip-flop clocked by SPI_SCK)
Path Group: SPI_SCK
Path Type: max

Fanout         Cap        Slew       Delay        Time   Description
---------------------------------------------------------------------------------------------
                                  0.000000    0.000000   clock SPI_SCK (rise edge)
                                  0.000000    0.000000   clock source latency
     1    0.012728    0.000000    0.000000    0.000000 ^ SPI_SCK (in)
                                                         SPI_SCK (net)
                      0.000208    0.000085    0.000085 ^ input17/I (gf180mcu_fd_sc_mcu7t5v0__clkbuf_8)
    51    0.399008    1.161349    0.855599    0.855685 ^ input17/Z (gf180mcu_fd_sc_mcu7t5v0__clkbuf_8)
                                                         net17 (net)
                      1.199262    0.117418    0.973103 ^ _63569_/CLK (gf180mcu_fd_sc_mcu7t5v0__dffrnq_4)
    14    0.244715    1.495494    2.520539    3.493642 ^ _63569_/Q (gf180mcu_fd_sc_mcu7t5v0__dffrnq_4)
                                                         rb_raddr[2] (net)
                      1.495543    0.004857    3.498499 ^ load_slew861/I (gf180mcu_fd_sc_mcu7t5v0__buf_8)
    13    0.261965    0.801161    0.724218    4.222716 ^ load_slew861/Z (gf180mcu_fd_sc_mcu7t5v0__buf_8)
                                                         net861 (net)
                      0.802260    0.016333    4.239050 ^ _29939_/I (gf180mcu_fd_sc_mcu7t5v0__inv_4)
    10    0.204060    0.708001    0.596669    4.835719 v _29939_/ZN (gf180mcu_fd_sc_mcu7t5v0__inv_4)
                                                         _05163_ (net)
                      0.708230    0.007394    4.843113 v _30648_/A1 (gf180mcu_fd_sc_mcu7t5v0__nand2_4)
     5    0.087546    0.673779    0.610456    5.453569 ^ _30648_/ZN (gf180mcu_fd_sc_mcu7t5v0__nand2_4)
                                                         _05857_ (net)
                      0.673786    0.003193    5.456762 ^ load_slew661/I (gf180mcu_fd_sc_mcu7t5v0__buf_4)
     6    0.087258    0.552615    0.556888    6.013650 ^ load_slew661/Z (gf180mcu_fd_sc_mcu7t5v0__buf_4)
                                                         net661 (net)
                      0.552683    0.003411    6.017061 ^ load_slew660/I (gf180mcu_fd_sc_mcu7t5v0__clkbuf_4)
     5    0.082560    0.531855    0.679669    6.696730 ^ load_slew660/Z (gf180mcu_fd_sc_mcu7t5v0__clkbuf_4)
                                                         net660 (net)
                      0.531882    0.002082    6.698812 ^ load_slew659/I (gf180mcu_fd_sc_mcu7t5v0__clkbuf_4)
     5    0.078767    0.510745    0.662301    7.361113 ^ load_slew659/Z (gf180mcu_fd_sc_mcu7t5v0__clkbuf_4)
                                                         net659 (net)
                      0.510796    0.002829    7.363942 ^ load_slew658/I (gf180mcu_fd_sc_mcu7t5v0__clkbuf_4)
     4    0.077728    0.505262    0.654814    8.018756 ^ load_slew658/Z (gf180mcu_fd_sc_mcu7t5v0__clkbuf_4)
                                                         net658 (net)
                      0.505282    0.001748    8.020504 ^ _37391_/A3 (gf180mcu_fd_sc_mcu7t5v0__nor4_4)
     6    0.051929    0.610631    0.493662    8.514166 v _37391_/ZN (gf180mcu_fd_sc_mcu7t5v0__nor4_4)
                                                         _11949_ (net)
                      0.610632    0.001446    8.515612 v _38029_/A2 (gf180mcu_fd_sc_mcu7t5v0__aoi22_1)
     1    0.081056    3.875303    2.465013   10.980625 ^ _38029_/ZN (gf180mcu_fd_sc_mcu7t5v0__aoi22_1)
                                                         _12581_ (net)
                      3.875332    0.005922   10.986547 ^ _38030_/A4 (gf180mcu_fd_sc_mcu7t5v0__nand4_1)
     1    0.030595    1.551715    0.850747   11.837295 v _38030_/ZN (gf180mcu_fd_sc_mcu7t5v0__nand4_1)
                                                         _12582_ (net)
                      1.551715    0.001416   11.838710 v _38031_/A4 (gf180mcu_fd_sc_mcu7t5v0__or4_1)
     1    0.005128    0.382119    1.503737   13.342446 v _38031_/Z (gf180mcu_fd_sc_mcu7t5v0__or4_1)
                                                         _12583_ (net)
                      0.382119    0.000065   13.342511 v _38045_/A1 (gf180mcu_fd_sc_mcu7t5v0__or4_1)
     1    0.022301    0.632980    1.350497   14.693009 v _38045_/Z (gf180mcu_fd_sc_mcu7t5v0__or4_1)
                                                         _12597_ (net)
                      0.632980    0.000995   14.694004 v _38069_/A1 (gf180mcu_fd_sc_mcu7t5v0__nor4_1)
     1    0.055809    5.157571    3.110594   17.804598 ^ _38069_/ZN (gf180mcu_fd_sc_mcu7t5v0__nor4_1)
                                                         _12621_ (net)
                      5.157571    0.002563   17.807161 ^ _38070_/A1 (gf180mcu_fd_sc_mcu7t5v0__nand2_1)
     1    0.006273    0.891136    0.177264   17.984425 v _38070_/ZN (gf180mcu_fd_sc_mcu7t5v0__nand2_1)
                                                         _12622_ (net)
                      0.891136    0.000071   17.984497 v _38071_/A1 (gf180mcu_fd_sc_mcu7t5v0__aoi22_1)
     1    0.007339    0.795618    0.621718   18.606215 ^ _38071_/ZN (gf180mcu_fd_sc_mcu7t5v0__aoi22_1)
                                                         _12623_ (net)
                      0.795618    0.000215   18.606428 ^ _38072_/I (gf180mcu_fd_sc_mcu7t5v0__clkinv_1)
     1    0.004733    0.279477    0.215307   18.821735 v _38072_/ZN (gf180mcu_fd_sc_mcu7t5v0__clkinv_1)
                                                         _00016_ (net)
                      0.279477    0.000055   18.821791 v _65081_/D (gf180mcu_fd_sc_mcu7t5v0__dffnrnq_1)
                                             18.821791   data arrival time

                                250.000000  250.000000   clock SPI_SCK (fall edge)
                                  0.000000  250.000000   clock source latency
     1    0.012728    0.000000    0.000000  250.000000 v SPI_SCK (in)
                                                         SPI_SCK (net)
                      0.000208    0.000085  250.000092 v input17/I (gf180mcu_fd_sc_mcu7t5v0__clkbuf_8)
    51    0.399008    1.088785    0.862741  250.862839 v input17/Z (gf180mcu_fd_sc_mcu7t5v0__clkbuf_8)
                                                         net17 (net)
                      1.098390    0.055053  250.917892 v _65081_/CLKN (gf180mcu_fd_sc_mcu7t5v0__dffnrnq_1)
                                  0.000000  250.917892   clock reconvergence pessimism
                                 -0.135733  250.782150   library setup time
                                            250.782150   data required time
---------------------------------------------------------------------------------------------
                                            250.782150   data required time
                                            -18.821791   data arrival time
---------------------------------------------------------------------------------------------
                                            231.960342   slack (MET)




===========================================================================
report_checks --slack_max -0.01
============================================================================
======================= nom_tt_025C_3v30 Corner ===================================

No paths found.


===========================================================================
 report_check_types -max_slew -max_cap -max_fanout -violators
============================================================================
======================= nom_tt_025C_3v30 Corner ===================================



===========================================================================
report_parasitic_annotation -report_unannotated
============================================================================
Found 188 unannotated drivers.
 DBG0_IN
 DBG1_IN
 IRQ_OUT_IN
 PSRAM_CE_N_IN
 PSRAM_SCK_IN
 REMOD_A_I_IN
 REMOD_A_Q_IN
 SPI_MISO_IN
 clkload0/ZN
 clkload1/ZN
 clkload10/ZN
 clkload100/Z
 clkload101/ZN
 clkload102/Z
 clkload103/Z
 clkload104/ZN
 clkload105/ZN
 clkload106/ZN
 clkload107/ZN
 clkload108/ZN
 clkload109/ZN
 clkload11/Z
 clkload110/ZN
 clkload111/Z
 clkload112/Z
 clkload113/Z
 clkload114/Z
 clkload115/Z
 clkload116/ZN
 clkload117/Z
 clkload118/Z
 clkload119/ZN
 clkload12/ZN
 clkload120/Z
 clkload121/ZN
 clkload122/Z
 clkload123/Z
 clkload124/ZN
 clkload125/ZN
 clkload126/ZN
 clkload127/ZN
 clkload128/ZN
 clkload129/ZN
 clkload13/Z
 clkload130/Z
 clkload131/ZN
 clkload132/Z
 clkload133/ZN
 clkload134/ZN
 clkload135/ZN
 clkload136/ZN
 clkload137/Z
 clkload138/Z
 clkload139/ZN
 clkload14/Z
 clkload140/ZN
 clkload141/ZN
 clkload142/ZN
 clkload143/ZN
 clkload144/ZN
 clkload145/Z
 clkload146/ZN
 clkload147/ZN
 clkload148/Z
 clkload149/ZN
 clkload15/Z
 clkload150/ZN
 clkload151/Z
 clkload152/ZN
 clkload153/Z
 clkload154/ZN
 clkload155/ZN
 clkload156/ZN
 clkload157/ZN
 clkload158/ZN
 clkload159/ZN
 clkload16/Z
 clkload160/ZN
 clkload161/ZN
 clkload162/ZN
 clkload163/Z
 clkload164/ZN
 clkload165/Z
 clkload166/ZN
 clkload167/ZN
 clkload168/ZN
 clkload169/ZN
 clkload17/Z
 clkload170/ZN
 clkload171/ZN
 clkload172/ZN
 clkload173/ZN
 clkload174/ZN
 clkload175/ZN
 clkload176/Z
 clkload177/Z
 clkload178/ZN
 clkload179/ZN
 clkload18/ZN
 clkload19/Z
 clkload2/Z
 clkload20/Z
 clkload21/Z
 clkload22/ZN
 clkload23/Z
 clkload24/Z
 clkload25/ZN
 clkload26/ZN
 clkload27/Z
 clkload28/Z
 clkload29/ZN
 clkload3/Z
 clkload30/ZN
 clkload31/Z
 clkload32/ZN
 clkload33/ZN
 clkload34/Z
 clkload35/Z
 clkload36/Z
 clkload37/Z
 clkload38/Z
 clkload39/ZN
 clkload4/ZN
 clkload40/ZN
 clkload41/Z
 clkload42/Z
 clkload43/ZN
 clkload44/ZN
 clkload45/Z
 clkload46/Z
 clkload47/Z
 clkload48/Z
 clkload49/Z
 clkload5/ZN
 clkload50/Z
 clkload51/ZN
 clkload52/Z
 clkload53/ZN
 clkload54/ZN
 clkload55/ZN
 clkload56/Z
 clkload57/Z
 clkload58/ZN
 clkload59/ZN
 clkload6/ZN
 clkload60/ZN
 clkload61/Z
 clkload62/Z
 clkload63/ZN
 clkload64/Z
 clkload65/ZN
 clkload66/ZN
 clkload67/Z
 clkload68/ZN
 clkload69/ZN
 clkload7/ZN
 clkload70/Z
 clkload71/Z
 clkload72/ZN
 clkload73/Z
 clkload74/ZN
 clkload75/ZN
 clkload76/Z
 clkload77/Z
 clkload78/ZN
 clkload79/ZN
 clkload8/ZN
 clkload80/ZN
 clkload81/ZN
 clkload82/Z
 clkload83/Z
 clkload84/ZN
 clkload85/ZN
 clkload86/Z
 clkload87/ZN
 clkload88/Z
 clkload89/ZN
 clkload9/Z
 clkload90/Z
 clkload91/Z
 clkload92/ZN
 clkload93/ZN
 clkload94/Z
 clkload95/ZN
 clkload96/ZN
 clkload97/Z
 clkload98/Z
 clkload99/ZN
Found 0 partially unannotated drivers.

===========================================================================
max slew violation count 0
max fanout violation count 0
max cap violation count 0
============================================================================

===========================================================================
check_setup -verbose -unconstrained_endpoints -multiple_clock -no_clock -no_input_delay -loops -generated_clocks
===========================================================================
Warning: There are 15 input ports missing set_input_delay.
  ARRAY_ACQ_N_IN
  DBG0_IN
  DBG1_IN
  HOST_CS
  IRQ_OUT_IN
  PSRAM_CE_N_IN
  PSRAM_SCK_IN
  PSRAM_SIO_0_IN
  PSRAM_SIO_1_IN
  PSRAM_SIO_2_IN
  PSRAM_SIO_3_IN
  REMOD_A_I_IN
  REMOD_A_Q_IN
  RESETB
  SPI_MISO_IN
Warning: There is 1 unconstrained endpoint.
  _64870_/D
