
===========================================================================
report_checks -unconstrained
===========================================================================
======================= nom_tt_025C_3v30 Corner ===================================

Startpoint: PSRAM_SIO_3_IN (input port clocked by PSRAM_SCK)
Endpoint: _67606_ (rising edge-triggered flip-flop clocked by IQ_CLK)
Path Group: IQ_CLK
Path Type: max

Fanout         Cap        Slew       Delay        Time   Description
---------------------------------------------------------------------------------------------
                                 15.625000   15.625000   clock PSRAM_SCK (fall edge)
                                  6.109580   21.734579   clock network delay (propagated)
                                  5.500000   27.234579 ^ input external delay
     1    0.007650    0.000000    0.000000   27.234579 ^ PSRAM_SIO_3_IN (in)
                                                         PSRAM_SIO_3_IN (net)
                      0.000160    0.000066   27.234646 ^ input14/I (gf180mcu_fd_sc_mcu7t5v0__dlyb_1)
     1    0.072548    1.743370    2.211243   29.445889 ^ input14/Z (gf180mcu_fd_sc_mcu7t5v0__dlyb_1)
                                                         net14 (net)
                      1.743508    0.008731   29.454618 ^ _64802_/I1 (gf180mcu_fd_sc_mcu7t5v0__mux2_2)
     1    0.004753    0.182362    0.481933   29.936552 ^ _64802_/Z (gf180mcu_fd_sc_mcu7t5v0__mux2_2)
                                                         _05493_ (net)
                      0.182362    0.000096   29.936647 ^ _67606_/D (gf180mcu_fd_sc_mcu7t5v0__dffrnq_1)
                                             29.936647   data arrival time

                                 31.250000   31.250000   clock IQ_CLK (rise edge)
                                  0.000000   31.250000   clock source latency
     2    0.220761    0.000000    0.000000   31.250000 ^ IQ_CLK (in)
                                                         IQ_CLK (net)
                      0.090092    0.036852   31.286854 ^ clkbuf_regs_0_IQ_CLK/I (gf180mcu_fd_sc_mcu7t5v0__clkbuf_16)
     1    0.022552    0.121823    0.291109   31.577963 ^ clkbuf_regs_0_IQ_CLK/Z (gf180mcu_fd_sc_mcu7t5v0__clkbuf_16)
                                                         IQ_CLK_regs (net)
                      0.121823    0.000238   31.578201 ^ clkbuf_0_IQ_CLK_regs/I (gf180mcu_fd_sc_mcu7t5v0__clkbuf_16)
     4    0.186972    0.331436    0.448502   32.026703 ^ clkbuf_0_IQ_CLK_regs/Z (gf180mcu_fd_sc_mcu7t5v0__clkbuf_16)
                                                         clknet_0_IQ_CLK_regs (net)
                      0.331700    0.011458   32.038158 ^ clkbuf_2_1_0_IQ_CLK_regs/I (gf180mcu_fd_sc_mcu7t5v0__clkbuf_16)
     4    0.216953    0.367637    0.516458   32.554619 ^ clkbuf_2_1_0_IQ_CLK_regs/Z (gf180mcu_fd_sc_mcu7t5v0__clkbuf_16)
                                                         clknet_2_1_0_IQ_CLK_regs (net)
                      0.370960    0.022606   32.577225 ^ clkbuf_4_6_0_IQ_CLK_regs/I (gf180mcu_fd_sc_mcu7t5v0__clkbuf_16)
    16    0.548421    0.842285    0.809116   33.386341 ^ clkbuf_4_6_0_IQ_CLK_regs/Z (gf180mcu_fd_sc_mcu7t5v0__clkbuf_16)
                                                         clknet_4_6_0_IQ_CLK_regs (net)
                      0.842631    0.009464   33.395805 ^ clkbuf_leaf_74_IQ_CLK_regs/I (gf180mcu_fd_sc_mcu7t5v0__clkbuf_16)
    32    0.183800    0.340217    0.592120   33.987923 ^ clkbuf_leaf_74_IQ_CLK_regs/Z (gf180mcu_fd_sc_mcu7t5v0__clkbuf_16)
                                                         clknet_leaf_74_IQ_CLK_regs (net)
                      0.340270    0.003698   33.991623 ^ _67606_/CLK (gf180mcu_fd_sc_mcu7t5v0__dffrnq_1)
                                 -0.500000   33.491623   clock uncertainty
                                  0.000000   33.491623   clock reconvergence pessimism
                                 -0.404763   33.086861   library setup time
                                             33.086861   data required time
---------------------------------------------------------------------------------------------
                                             33.086861   data required time
                                            -29.936647   data arrival time
---------------------------------------------------------------------------------------------
                                              3.150213   slack (MET)


Startpoint: _69653_ (falling edge-triggered flip-flop clocked by IQ_CLK)
Endpoint: PSRAM_CE_N_OUT (output port clocked by PSRAM_SCK)
Path Group: PSRAM_SCK
Path Type: max

Fanout         Cap        Slew       Delay        Time   Description
---------------------------------------------------------------------------------------------
                                 15.625000   15.625000   clock IQ_CLK (fall edge)
                                  0.000000   15.625000   clock source latency
     2    0.220761    0.000000    0.000000   15.625000 v IQ_CLK (in)
                                                         IQ_CLK (net)
                      0.090092    0.036851   15.661851 v clkbuf_regs_0_IQ_CLK/I (gf180mcu_fd_sc_mcu7t5v0__clkbuf_16)
     1    0.022552    0.119033    0.302974   15.964825 v clkbuf_regs_0_IQ_CLK/Z (gf180mcu_fd_sc_mcu7t5v0__clkbuf_16)
                                                         IQ_CLK_regs (net)
                      0.119033    0.000236   15.965061 v clkbuf_0_IQ_CLK_regs/I (gf180mcu_fd_sc_mcu7t5v0__clkbuf_16)
     4    0.186972    0.299040    0.459703   16.424765 v clkbuf_0_IQ_CLK_regs/Z (gf180mcu_fd_sc_mcu7t5v0__clkbuf_16)
                                                         clknet_0_IQ_CLK_regs (net)
                      0.299747    0.013957   16.438721 v clkbuf_2_3_0_IQ_CLK_regs/I (gf180mcu_fd_sc_mcu7t5v0__clkbuf_16)
     4    0.214782    0.327452    0.532230   16.970951 v clkbuf_2_3_0_IQ_CLK_regs/Z (gf180mcu_fd_sc_mcu7t5v0__clkbuf_16)
                                                         clknet_2_3_0_IQ_CLK_regs (net)
                      0.331625    0.022526   16.993477 v clkbuf_4_13_0_IQ_CLK_regs/I (gf180mcu_fd_sc_mcu7t5v0__clkbuf_16)
    10    0.471296    0.618304    0.736108   17.729586 v clkbuf_4_13_0_IQ_CLK_regs/Z (gf180mcu_fd_sc_mcu7t5v0__clkbuf_16)
                                                         clknet_4_13_0_IQ_CLK_regs (net)
                      0.623049    0.030852   17.760437 v clkbuf_leaf_85_IQ_CLK_regs/I (gf180mcu_fd_sc_mcu7t5v0__clkbuf_16)
    28    0.190029    0.310840    0.622984   18.383421 v clkbuf_leaf_85_IQ_CLK_regs/Z (gf180mcu_fd_sc_mcu7t5v0__clkbuf_16)
                                                         clknet_leaf_85_IQ_CLK_regs (net)
                      0.310854    0.003887   18.387308 v _69653_/CLKN (gf180mcu_fd_sc_mcu7t5v0__dffnsnq_1)
     3    0.071892    1.725039    2.010344   20.397652 ^ _69653_/Q (gf180mcu_fd_sc_mcu7t5v0__dffnsnq_1)
                                                         net21 (net)
                      1.725223    0.010067   20.407719 ^ output21/I (gf180mcu_fd_sc_mcu7t5v0__dlyb_1)
     1    0.003933    0.218152    1.366196   21.773914 ^ output21/Z (gf180mcu_fd_sc_mcu7t5v0__dlyb_1)
                                                         PSRAM_CE_N_OUT (net)
                      0.218152    0.000041   21.773956 ^ PSRAM_CE_N_OUT (out)
                                             21.773956   data arrival time

                                 31.250000   31.250000   clock PSRAM_SCK (rise edge)
                                  0.000000   31.250000   clock source latency
     2    0.220761    0.000000    0.000000   31.250000 ^ IQ_CLK (in)
                                                         IQ_CLK (net)
                      0.052486    0.021469   31.271469 ^ clkbuf_0_IQ_CLK/I (gf180mcu_fd_sc_mcu7t5v0__clkbuf_16)
     1    0.022997    0.122407    0.283073   31.554543 ^ clkbuf_0_IQ_CLK/Z (gf180mcu_fd_sc_mcu7t5v0__clkbuf_16)
                                                         clknet_0_IQ_CLK (net)
                      0.122407    0.000266   31.554810 ^ clkbuf_1_0__f_IQ_CLK/I (gf180mcu_fd_sc_mcu7t5v0__clkbuf_16)
     1    0.004659    0.097175    0.278085   31.832895 ^ clkbuf_1_0__f_IQ_CLK/Z (gf180mcu_fd_sc_mcu7t5v0__clkbuf_16)
                                                         clknet_1_0__leaf_IQ_CLK (net)
                      0.097175    0.000057   31.832951 ^ _33317_/A1 (gf180mcu_fd_sc_mcu7t5v0__and2_1)
     1    0.019275    0.531334    0.588177   32.421127 ^ _33317_/Z (gf180mcu_fd_sc_mcu7t5v0__and2_1)
                                                         net22 (net)
                      0.531335    0.000803   32.421932 ^ output22/I (gf180mcu_fd_sc_mcu7t5v0__dlyb_1)
     1    0.002137    0.180212    1.325347   33.747276 ^ output22/Z (gf180mcu_fd_sc_mcu7t5v0__dlyb_1)
                                                         PSRAM_SCK_OUT (net)
                      0.180212    0.000018   33.747295 ^ PSRAM_SCK_OUT (out)
                                  0.000000   33.747295   clock reconvergence pessimism
                                 -2.500000   31.247297   output external delay
                                             31.247297   data required time
---------------------------------------------------------------------------------------------
                                             31.247297   data required time
                                            -21.773956   data arrival time
---------------------------------------------------------------------------------------------
                                              9.473342   slack (MET)


Startpoint: _68817_ (rising edge-triggered flip-flop clocked by SPI_SCK)
Endpoint: _70398_ (falling edge-triggered flip-flop clocked by SPI_SCK)
Path Group: SPI_SCK
Path Type: max

Fanout         Cap        Slew       Delay        Time   Description
---------------------------------------------------------------------------------------------
                                  0.000000    0.000000   clock SPI_SCK (rise edge)
                                  0.000000    0.000000   clock source latency
     1    0.013123    0.000000    0.000000    0.000000 ^ SPI_SCK (in)
                                                         SPI_SCK (net)
                      0.000216    0.000088    0.000088 ^ input17/I (gf180mcu_fd_sc_mcu7t5v0__clkbuf_8)
    51    0.398260    1.167881    0.870907    0.870995 ^ input17/Z (gf180mcu_fd_sc_mcu7t5v0__clkbuf_8)
                                                         net17 (net)
                      1.186068    0.080197    0.951193 ^ _68817_/CLK (gf180mcu_fd_sc_mcu7t5v0__dffrnq_4)
    13    0.256192    1.565205    2.559935    3.511128 ^ _68817_/Q (gf180mcu_fd_sc_mcu7t5v0__dffrnq_4)
                                                         rb_raddr[3] (net)
                      1.565513    0.012309    3.523437 ^ load_slew1387/I (gf180mcu_fd_sc_mcu7t5v0__buf_12)
    23    0.409027    0.834078    0.745879    4.269316 ^ load_slew1387/Z (gf180mcu_fd_sc_mcu7t5v0__buf_12)
                                                         net1388 (net)
                      0.837669    0.031251    4.300567 ^ _32412_/I (gf180mcu_fd_sc_mcu7t5v0__inv_4)
    13    0.263285    0.867472    0.718453    5.019020 v _32412_/ZN (gf180mcu_fd_sc_mcu7t5v0__inv_4)
                                                         _05514_ (net)
                      0.867543    0.004456    5.023476 v _33260_/A1 (gf180mcu_fd_sc_mcu7t5v0__nand2_4)
    22    0.434628    2.821383    1.914286    6.937762 ^ _33260_/ZN (gf180mcu_fd_sc_mcu7t5v0__nand2_4)
                                                         _06347_ (net)
                      2.822454    0.030911    6.968673 ^ _39420_/A2 (gf180mcu_fd_sc_mcu7t5v0__nor4_4)
     3    0.031748    0.880611    0.519975    7.488648 v _39420_/ZN (gf180mcu_fd_sc_mcu7t5v0__nor4_4)
                                                         _11821_ (net)
                      0.880611    0.000594    7.489243 v load_slew429/I (gf180mcu_fd_sc_mcu7t5v0__clkbuf_1)
     2    0.028470    0.598515    0.754573    8.243815 v load_slew429/Z (gf180mcu_fd_sc_mcu7t5v0__clkbuf_1)
                                                         net429 (net)
                      0.598524    0.001319    8.245134 v load_slew428/I (gf180mcu_fd_sc_mcu7t5v0__clkbuf_1)
     2    0.034933    0.719113    0.771113    9.016248 v load_slew428/Z (gf180mcu_fd_sc_mcu7t5v0__clkbuf_1)
                                                         net428 (net)
                      0.719122    0.001471    9.017718 v load_slew427/I (gf180mcu_fd_sc_mcu7t5v0__clkbuf_1)
     2    0.034863    0.718210    0.798393    9.816112 v load_slew427/Z (gf180mcu_fd_sc_mcu7t5v0__clkbuf_1)
                                                         net427 (net)
                      0.718217    0.001286    9.817398 v _39485_/C1 (gf180mcu_fd_sc_mcu7t5v0__aoi222_1)
     1    0.016526    2.034282    1.485200   11.302598 ^ _39485_/ZN (gf180mcu_fd_sc_mcu7t5v0__aoi222_1)
                                                         _11886_ (net)
                      2.034282    0.000640   11.303239 ^ _39489_/A2 (gf180mcu_fd_sc_mcu7t5v0__and4_1)
     1    0.018998    0.622325    1.087490   12.390729 ^ _39489_/Z (gf180mcu_fd_sc_mcu7t5v0__and4_1)
                                                         _11890_ (net)
                      0.622325    0.000823   12.391552 ^ _39490_/A1 (gf180mcu_fd_sc_mcu7t5v0__nand3_1)
     1    0.007007    0.635957    0.309472   12.701025 v _39490_/ZN (gf180mcu_fd_sc_mcu7t5v0__nand3_1)
                                                         _11891_ (net)
                      0.635957    0.000092   12.701117 v _39491_/C (gf180mcu_fd_sc_mcu7t5v0__aoi211_1)
     1    0.019393    1.735583    1.272884   13.974001 ^ _39491_/ZN (gf180mcu_fd_sc_mcu7t5v0__aoi211_1)
                                                         _11892_ (net)
                      1.735583    0.000823   13.974824 ^ _39497_/A1 (gf180mcu_fd_sc_mcu7t5v0__nand4_1)
     1    0.005434    0.631182    0.398741   14.373565 v _39497_/ZN (gf180mcu_fd_sc_mcu7t5v0__nand4_1)
                                                         _11898_ (net)
                      0.631182    0.000107   14.373672 v _39498_/A4 (gf180mcu_fd_sc_mcu7t5v0__nor4_1)
     1    0.059192    5.441052    3.484017   17.857689 ^ _39498_/ZN (gf180mcu_fd_sc_mcu7t5v0__nor4_1)
                                                         _11899_ (net)
                      5.441052    0.002899   17.860588 ^ _39530_/A2 (gf180mcu_fd_sc_mcu7t5v0__nand4_1)
     1    0.006811    1.175830    0.396842   18.257429 v _39530_/ZN (gf180mcu_fd_sc_mcu7t5v0__nand4_1)
                                                         _11931_ (net)
                      1.175830    0.000098   18.257528 v _39531_/A1 (gf180mcu_fd_sc_mcu7t5v0__and2_1)
     1    0.011161    0.248856    0.717311   18.974838 v _39531_/Z (gf180mcu_fd_sc_mcu7t5v0__and2_1)
                                                         _00011_ (net)
                      0.248856    0.000409   18.975246 v _70398_/D (gf180mcu_fd_sc_mcu7t5v0__dffnrnq_1)
                                             18.975246   data arrival time

                                250.000000  250.000000   clock SPI_SCK (fall edge)
                                  0.000000  250.000000   clock source latency
     1    0.013123    0.000000    0.000000  250.000000 v SPI_SCK (in)
                                                         SPI_SCK (net)
                      0.000216    0.000085  250.000092 v input17/I (gf180mcu_fd_sc_mcu7t5v0__clkbuf_8)
    51    0.398260    1.097531    0.880249  250.880341 v input17/Z (gf180mcu_fd_sc_mcu7t5v0__clkbuf_8)
                                                         net17 (net)
                      1.107299    0.056843  250.937180 v _70398_/CLKN (gf180mcu_fd_sc_mcu7t5v0__dffnrnq_1)
                                  0.000000  250.937180   clock reconvergence pessimism
                                 -0.123494  250.813690   library setup time
                                            250.813690   data required time
---------------------------------------------------------------------------------------------
                                            250.813690   data required time
                                            -18.975246   data arrival time
---------------------------------------------------------------------------------------------
                                            231.838455   slack (MET)




===========================================================================
report_checks --slack_max -0.01
============================================================================
======================= nom_tt_025C_3v30 Corner ===================================

No paths found.


===========================================================================
 report_check_types -max_slew -max_cap -max_fanout -violators
============================================================================
======================= nom_tt_025C_3v30 Corner ===================================



===========================================================================
report_parasitic_annotation -report_unannotated
============================================================================
Found 195 unannotated drivers.
 DBG0_IN
 IRQ_OUT_IN
 PSRAM_CE_N_IN
 PSRAM_SCK_IN
 REMOD_A_I_IN
 REMOD_A_Q_IN
 SPI_MISO_IN
 clkload0/ZN
 clkload1/ZN
 clkload10/ZN
 clkload100/Z
 clkload101/ZN
 clkload102/ZN
 clkload103/ZN
 clkload104/ZN
 clkload105/ZN
 clkload106/ZN
 clkload107/Z
 clkload108/ZN
 clkload109/Z
 clkload11/ZN
 clkload110/ZN
 clkload111/Z
 clkload112/Z
 clkload113/ZN
 clkload114/ZN
 clkload115/Z
 clkload116/ZN
 clkload117/Z
 clkload118/Z
 clkload119/ZN
 clkload12/ZN
 clkload120/ZN
 clkload121/Z
 clkload122/ZN
 clkload123/ZN
 clkload124/ZN
 clkload125/ZN
 clkload126/ZN
 clkload127/Z
 clkload128/ZN
 clkload129/Z
 clkload13/Z
 clkload130/ZN
 clkload131/ZN
 clkload132/Z
 clkload133/Z
 clkload134/Z
 clkload135/Z
 clkload136/ZN
 clkload137/ZN
 clkload138/ZN
 clkload139/ZN
 clkload14/ZN
 clkload140/Z
 clkload141/Z
 clkload142/ZN
 clkload143/ZN
 clkload144/ZN
 clkload145/Z
 clkload146/ZN
 clkload147/ZN
 clkload148/Z
 clkload149/ZN
 clkload15/Z
 clkload150/ZN
 clkload151/Z
 clkload152/ZN
 clkload153/ZN
 clkload154/ZN
 clkload155/ZN
 clkload156/Z
 clkload157/ZN
 clkload158/Z
 clkload159/Z
 clkload16/Z
 clkload160/ZN
 clkload161/ZN
 clkload162/ZN
 clkload163/ZN
 clkload164/ZN
 clkload165/ZN
 clkload166/ZN
 clkload167/ZN
 clkload168/ZN
 clkload169/Z
 clkload17/ZN
 clkload170/Z
 clkload171/ZN
 clkload172/Z
 clkload173/Z
 clkload174/ZN
 clkload175/Z
 clkload176/ZN
 clkload177/ZN
 clkload178/ZN
 clkload179/ZN
 clkload18/Z
 clkload180/Z
 clkload181/ZN
 clkload182/Z
 clkload183/ZN
 clkload184/Z
 clkload185/Z
 clkload186/Z
 clkload187/ZN
 clkload19/ZN
 clkload2/ZN
 clkload20/Z
 clkload21/ZN
 clkload22/Z
 clkload23/Z
 clkload24/Z
 clkload25/ZN
 clkload26/Z
 clkload27/ZN
 clkload28/ZN
 clkload29/ZN
 clkload3/ZN
 clkload30/Z
 clkload31/Z
 clkload32/ZN
 clkload33/ZN
 clkload34/ZN
 clkload35/ZN
 clkload36/ZN
 clkload37/Z
 clkload38/ZN
 clkload39/ZN
 clkload4/ZN
 clkload40/ZN
 clkload41/ZN
 clkload42/Z
 clkload43/Z
 clkload44/Z
 clkload45/ZN
 clkload46/ZN
 clkload47/Z
 clkload48/ZN
 clkload49/ZN
 clkload5/ZN
 clkload50/ZN
 clkload51/ZN
 clkload52/ZN
 clkload53/ZN
 clkload54/Z
 clkload55/ZN
 clkload56/Z
 clkload57/Z
 clkload58/Z
 clkload59/Z
 clkload6/ZN
 clkload60/ZN
 clkload61/ZN
 clkload62/ZN
 clkload63/ZN
 clkload64/ZN
 clkload65/Z
 clkload66/Z
 clkload67/Z
 clkload68/ZN
 clkload69/ZN
 clkload7/Z
 clkload70/ZN
 clkload71/Z
 clkload72/ZN
 clkload73/ZN
 clkload74/ZN
 clkload75/ZN
 clkload76/ZN
 clkload77/ZN
 clkload78/ZN
 clkload79/Z
 clkload8/ZN
 clkload80/ZN
 clkload81/ZN
 clkload82/ZN
 clkload83/ZN
 clkload84/ZN
 clkload85/ZN
 clkload86/ZN
 clkload87/Z
 clkload88/ZN
 clkload89/ZN
 clkload9/ZN
 clkload90/ZN
 clkload91/Z
 clkload92/Z
 clkload93/ZN
 clkload94/ZN
 clkload95/ZN
 clkload96/Z
 clkload97/Z
 clkload98/ZN
 clkload99/ZN
Found 0 partially unannotated drivers.

===========================================================================
max slew violation count 0
max fanout violation count 0
max cap violation count 0
============================================================================

===========================================================================
check_setup -verbose -unconstrained_endpoints -multiple_clock -no_clock -no_input_delay -loops -generated_clocks
===========================================================================
Warning: There are 10 input ports missing set_input_delay.
  ARRAY_ACQ_N_IN
  DBG0_IN
  HOST_CS
  IRQ_OUT_IN
  PSRAM_CE_N_IN
  PSRAM_SCK_IN
  REMOD_A_I_IN
  REMOD_A_Q_IN
  RESETB
  SPI_MISO_IN
Warning: There are 2 unconstrained endpoints.
  PSRAM_SCK_OUT
  _70160_/D
