
===========================================================================
report_checks -unconstrained
===========================================================================
======================= nom_tt_025C_3v30 Corner ===================================

Startpoint: PSRAM_SIO_3_IN (input port clocked by PSRAM_SCK)
Endpoint: _67606_ (rising edge-triggered flip-flop clocked by IQ_CLK)
Path Group: IQ_CLK
Path Type: max

Fanout         Cap        Slew       Delay        Time   Description
---------------------------------------------------------------------------------------------
                                 15.625000   15.625000   clock PSRAM_SCK (fall edge)
                                  5.727216   21.352217   clock network delay (propagated)
                                  5.500000   26.852217 ^ input external delay
     1    0.005373    0.000000    0.000000   26.852217 ^ PSRAM_SIO_3_IN (in)
                                                         PSRAM_SIO_3_IN (net)
                      0.000087    0.000036   26.852253 ^ input14/I (gf180mcu_fd_sc_mcu7t5v0__dlyb_1)
     1    0.074434    1.787162    2.237480   29.089733 ^ input14/Z (gf180mcu_fd_sc_mcu7t5v0__dlyb_1)
                                                         net14 (net)
                      1.787255    0.007264   29.096996 ^ _64802_/I1 (gf180mcu_fd_sc_mcu7t5v0__mux2_2)
     1    0.004224    0.178259    0.477662   29.574657 ^ _64802_/Z (gf180mcu_fd_sc_mcu7t5v0__mux2_2)
                                                         _05493_ (net)
                      0.178259    0.000046   29.574705 ^ _67606_/D (gf180mcu_fd_sc_mcu7t5v0__dffrnq_1)
                                             29.574705   data arrival time

                                 31.250000   31.250000   clock IQ_CLK (rise edge)
                                  0.000000   31.250000   clock source latency
     2    0.215718    0.000000    0.000000   31.250000 ^ IQ_CLK (in)
                                                         IQ_CLK (net)
                      0.083208    0.034035   31.284037 ^ clkbuf_regs_0_IQ_CLK/I (gf180mcu_fd_sc_mcu7t5v0__clkbuf_16)
     1    0.022992    0.122425    0.289937   31.573973 ^ clkbuf_regs_0_IQ_CLK/Z (gf180mcu_fd_sc_mcu7t5v0__clkbuf_16)
                                                         IQ_CLK_regs (net)
                      0.122425    0.000270   31.574244 ^ clkbuf_0_IQ_CLK_regs/I (gf180mcu_fd_sc_mcu7t5v0__clkbuf_16)
     4    0.188724    0.333352    0.449809   32.024052 ^ clkbuf_0_IQ_CLK_regs/Z (gf180mcu_fd_sc_mcu7t5v0__clkbuf_16)
                                                         clknet_0_IQ_CLK_regs (net)
                      0.333907    0.013948   32.037998 ^ clkbuf_2_1_0_IQ_CLK_regs/I (gf180mcu_fd_sc_mcu7t5v0__clkbuf_16)
     4    0.214923    0.365572    0.515868   32.553867 ^ clkbuf_2_1_0_IQ_CLK_regs/Z (gf180mcu_fd_sc_mcu7t5v0__clkbuf_16)
                                                         clknet_2_1_0_IQ_CLK_regs (net)
                      0.368559    0.021988   32.575855 ^ clkbuf_4_6_0_IQ_CLK_regs/I (gf180mcu_fd_sc_mcu7t5v0__clkbuf_16)
    14    0.502073    0.773232    0.765617   33.341473 ^ clkbuf_4_6_0_IQ_CLK_regs/Z (gf180mcu_fd_sc_mcu7t5v0__clkbuf_16)
                                                         clknet_4_6_0_IQ_CLK_regs (net)
                      0.774756    0.019135   33.360607 ^ clkbuf_leaf_73_IQ_CLK_regs/I (gf180mcu_fd_sc_mcu7t5v0__clkbuf_16)
    34    0.178512    0.330314    0.578716   33.939323 ^ clkbuf_leaf_73_IQ_CLK_regs/Z (gf180mcu_fd_sc_mcu7t5v0__clkbuf_16)
                                                         clknet_leaf_73_IQ_CLK_regs (net)
                      0.330407    0.004508   33.943832 ^ _67606_/CLK (gf180mcu_fd_sc_mcu7t5v0__dffrnq_1)
                                 -0.500000   33.443832   clock uncertainty
                                  0.000000   33.443832   clock reconvergence pessimism
                                 -0.405840   33.037994   library setup time
                                             33.037994   data required time
---------------------------------------------------------------------------------------------
                                             33.037994   data required time
                                            -29.574705   data arrival time
---------------------------------------------------------------------------------------------
                                              3.463288   slack (MET)


Startpoint: _69653_ (falling edge-triggered flip-flop clocked by IQ_CLK)
Endpoint: PSRAM_CE_N_OUT (output port clocked by PSRAM_SCK)
Path Group: PSRAM_SCK
Path Type: max

Fanout         Cap        Slew       Delay        Time   Description
---------------------------------------------------------------------------------------------
                                 15.625000   15.625000   clock IQ_CLK (fall edge)
                                  0.000000   15.625000   clock source latency
     2    0.215718    0.000000    0.000000   15.625000 v IQ_CLK (in)
                                                         IQ_CLK (net)
                      0.083208    0.034035   15.659036 v clkbuf_regs_0_IQ_CLK/I (gf180mcu_fd_sc_mcu7t5v0__clkbuf_16)
     1    0.022992    0.119586    0.301302   15.960338 v clkbuf_regs_0_IQ_CLK/Z (gf180mcu_fd_sc_mcu7t5v0__clkbuf_16)
                                                         IQ_CLK_regs (net)
                      0.119586    0.000266   15.960604 v clkbuf_0_IQ_CLK_regs/I (gf180mcu_fd_sc_mcu7t5v0__clkbuf_16)
     4    0.188724    0.300642    0.460975   16.421579 v clkbuf_0_IQ_CLK_regs/Z (gf180mcu_fd_sc_mcu7t5v0__clkbuf_16)
                                                         clknet_0_IQ_CLK_regs (net)
                      0.301418    0.013937   16.435516 v clkbuf_2_1_0_IQ_CLK_regs/I (gf180mcu_fd_sc_mcu7t5v0__clkbuf_16)
     4    0.214923    0.325900    0.533349   16.968866 v clkbuf_2_1_0_IQ_CLK_regs/Z (gf180mcu_fd_sc_mcu7t5v0__clkbuf_16)
                                                         clknet_2_1_0_IQ_CLK_regs (net)
                      0.330395    0.023171   16.992037 v clkbuf_4_7_0_IQ_CLK_regs/I (gf180mcu_fd_sc_mcu7t5v0__clkbuf_16)
    11    0.497404    0.652783    0.759385   17.751423 v clkbuf_4_7_0_IQ_CLK_regs/Z (gf180mcu_fd_sc_mcu7t5v0__clkbuf_16)
                                                         clknet_4_7_0_IQ_CLK_regs (net)
                      0.656386    0.027867   17.779289 v clkbuf_leaf_64_IQ_CLK_regs/I (gf180mcu_fd_sc_mcu7t5v0__clkbuf_16)
    26    0.172656    0.291940    0.618721   18.398010 v clkbuf_leaf_64_IQ_CLK_regs/Z (gf180mcu_fd_sc_mcu7t5v0__clkbuf_16)
                                                         clknet_leaf_64_IQ_CLK_regs (net)
                      0.291944    0.000750   18.398760 v _69653_/CLKN (gf180mcu_fd_sc_mcu7t5v0__dffnsnq_1)
     1    0.049207    1.204520    1.702853   20.101614 ^ _69653_/Q (gf180mcu_fd_sc_mcu7t5v0__dffnsnq_1)
                                                         net21 (net)
                      1.204541    0.002862   20.104475 ^ output21/I (gf180mcu_fd_sc_mcu7t5v0__dlyb_1)
     1    0.002514    0.187004    1.352952   21.457426 ^ output21/Z (gf180mcu_fd_sc_mcu7t5v0__dlyb_1)
                                                         PSRAM_CE_N_OUT (net)
                      0.187004    0.000032   21.457458 ^ PSRAM_CE_N_OUT (out)
                                             21.457458   data arrival time

                                 31.250000   31.250000   clock PSRAM_SCK (rise edge)
                                  0.000000   31.250000   clock source latency
     2    0.215718    0.000000    0.000000   31.250000 ^ IQ_CLK (in)
                                                         IQ_CLK (net)
                      0.047859    0.019575   31.269577 ^ clkbuf_0_IQ_CLK/I (gf180mcu_fd_sc_mcu7t5v0__clkbuf_16)
     1    0.023035    0.122453    0.282100   31.551676 ^ clkbuf_0_IQ_CLK/Z (gf180mcu_fd_sc_mcu7t5v0__clkbuf_16)
                                                         clknet_0_IQ_CLK (net)
                      0.122453    0.000266   31.551943 ^ clkbuf_1_0__f_IQ_CLK/I (gf180mcu_fd_sc_mcu7t5v0__clkbuf_16)
     1    0.005230    0.097983    0.278760   31.830702 ^ clkbuf_1_0__f_IQ_CLK/Z (gf180mcu_fd_sc_mcu7t5v0__clkbuf_16)
                                                         clknet_1_0__leaf_IQ_CLK (net)
                      0.097983    0.000110   31.830812 ^ _33317_/A1 (gf180mcu_fd_sc_mcu7t5v0__and2_1)
     1    0.021590    0.582313    0.619924   32.450737 ^ _33317_/Z (gf180mcu_fd_sc_mcu7t5v0__and2_1)
                                                         net22 (net)
                      0.582314    0.000931   32.451668 ^ output22/I (gf180mcu_fd_sc_mcu7t5v0__dlyb_1)
     1    0.002030    0.177764    1.328072   33.779739 ^ output22/Z (gf180mcu_fd_sc_mcu7t5v0__dlyb_1)
                                                         PSRAM_SCK_OUT (net)
                      0.177764    0.000014   33.779755 ^ PSRAM_SCK_OUT (out)
                                  0.000000   33.779755   clock reconvergence pessimism
                                 -2.500000   31.279755   output external delay
                                             31.279755   data required time
---------------------------------------------------------------------------------------------
                                             31.279755   data required time
                                            -21.457458   data arrival time
---------------------------------------------------------------------------------------------
                                              9.822296   slack (MET)


Startpoint: _68818_ (rising edge-triggered flip-flop clocked by SPI_SCK)
Endpoint: _70405_ (falling edge-triggered flip-flop clocked by SPI_SCK)
Path Group: SPI_SCK
Path Type: max

Fanout         Cap        Slew       Delay        Time   Description
---------------------------------------------------------------------------------------------
                                  0.000000    0.000000   clock SPI_SCK (rise edge)
                                  0.000000    0.000000   clock source latency
     1    0.013188    0.000000    0.000000    0.000000 ^ SPI_SCK (in)
                                                         SPI_SCK (net)
                      0.000217    0.000089    0.000089 ^ input17/I (gf180mcu_fd_sc_mcu7t5v0__clkbuf_8)
    51    0.361500    1.066537    0.818504    0.818592 ^ input17/Z (gf180mcu_fd_sc_mcu7t5v0__clkbuf_8)
                                                         net17 (net)
                      1.079558    0.064420    0.883013 ^ _68818_/CLK (gf180mcu_fd_sc_mcu7t5v0__dffrnq_4)
    16    0.305852    1.836960    2.708718    3.591730 ^ _68818_/Q (gf180mcu_fd_sc_mcu7t5v0__dffrnq_4)
                                                         rb_raddr[4] (net)
                      1.837049    0.007244    3.598975 ^ _32411_/I (gf180mcu_fd_sc_mcu7t5v0__inv_4)
    13    0.287812    1.171818    0.950194    4.549169 v _32411_/ZN (gf180mcu_fd_sc_mcu7t5v0__inv_4)
                                                         _05513_ (net)
                      1.173216    0.023004    4.572173 v _39352_/A1 (gf180mcu_fd_sc_mcu7t5v0__nand2_4)
    21    0.348440    2.286182    1.704584    6.276757 ^ _39352_/ZN (gf180mcu_fd_sc_mcu7t5v0__nand2_4)
                                                         _11753_ (net)
                      2.286724    0.019741    6.296498 ^ _39431_/A3 (gf180mcu_fd_sc_mcu7t5v0__nor4_4)
     2    0.023202    0.808830    0.539328    6.835826 v _39431_/ZN (gf180mcu_fd_sc_mcu7t5v0__nor4_4)
                                                         _11832_ (net)
                      0.808830    0.000433    6.836260 v wire403/I (gf180mcu_fd_sc_mcu7t5v0__clkbuf_1)
     3    0.042917    0.871957    0.909346    7.745606 v wire403/Z (gf180mcu_fd_sc_mcu7t5v0__clkbuf_1)
                                                         net403 (net)
                      0.871969    0.001851    7.747457 v wire402/I (gf180mcu_fd_sc_mcu7t5v0__clkbuf_1)
     3    0.047128    0.952242    0.970277    8.717734 v wire402/Z (gf180mcu_fd_sc_mcu7t5v0__clkbuf_1)
                                                         net402 (net)
                      0.952249    0.001467    8.719202 v _40058_/C1 (gf180mcu_fd_sc_mcu7t5v0__aoi222_1)
     1    0.007643    1.422650    1.158721    9.877923 ^ _40058_/ZN (gf180mcu_fd_sc_mcu7t5v0__aoi222_1)
                                                         _12452_ (net)
                      1.422650    0.000165    9.878088 ^ _40060_/A1 (gf180mcu_fd_sc_mcu7t5v0__nand2_1)
     1    0.022692    0.732713    0.562792   10.440881 v _40060_/ZN (gf180mcu_fd_sc_mcu7t5v0__nand2_1)
                                                         _12454_ (net)
                      0.732717    0.001033   10.441914 v _40061_/C (gf180mcu_fd_sc_mcu7t5v0__aoi221_1)
     1    0.008080    1.128950    0.920148   11.362061 ^ _40061_/ZN (gf180mcu_fd_sc_mcu7t5v0__aoi221_1)
                                                         _12455_ (net)
                      1.128950    0.000243   11.362305 ^ _40062_/B (gf180mcu_fd_sc_mcu7t5v0__oai21_1)
     1    0.046975    1.344855    0.862059   12.224363 v _40062_/ZN (gf180mcu_fd_sc_mcu7t5v0__oai21_1)
                                                         _12456_ (net)
                      1.344858    0.002869   12.227232 v _40063_/A4 (gf180mcu_fd_sc_mcu7t5v0__nor4_1)
     1    0.085635    7.670756    4.861625   17.088858 ^ _40063_/ZN (gf180mcu_fd_sc_mcu7t5v0__nor4_1)
                                                         _12457_ (net)
                      7.670756    0.004690   17.093546 ^ _40064_/A1 (gf180mcu_fd_sc_mcu7t5v0__nand3_1)
     1    0.007083    1.341490    0.309056   17.402603 v _40064_/ZN (gf180mcu_fd_sc_mcu7t5v0__nand3_1)
                                                         _12458_ (net)
                      1.341490    0.000092   17.402695 v _40065_/A1 (gf180mcu_fd_sc_mcu7t5v0__aoi22_1)
     1    0.056787    2.821834    2.012316   19.415010 ^ _40065_/ZN (gf180mcu_fd_sc_mcu7t5v0__aoi22_1)
                                                         _12459_ (net)
                      2.821863    0.005123   19.420134 ^ _40066_/I (gf180mcu_fd_sc_mcu7t5v0__clkinv_1)
     1    0.007684    0.639629    0.347601   19.767735 v _40066_/ZN (gf180mcu_fd_sc_mcu7t5v0__clkinv_1)
                                                         _00329_ (net)
                      0.639629    0.000179   19.767914 v _70405_/D (gf180mcu_fd_sc_mcu7t5v0__dffnrnq_1)
                                             19.767914   data arrival time

                                250.000000  250.000000   clock SPI_SCK (fall edge)
                                  0.000000  250.000000   clock source latency
     1    0.013188    0.000000    0.000000  250.000000 v SPI_SCK (in)
                                                         SPI_SCK (net)
                      0.000217    0.000085  250.000092 v input17/I (gf180mcu_fd_sc_mcu7t5v0__clkbuf_8)
    51    0.361500    1.001908    0.830141  250.830231 v input17/Z (gf180mcu_fd_sc_mcu7t5v0__clkbuf_8)
                                                         net17 (net)
                      1.002029    0.006565  250.836792 v _70405_/CLKN (gf180mcu_fd_sc_mcu7t5v0__dffnrnq_1)
                                  0.000000  250.836792   clock reconvergence pessimism
                                 -0.263360  250.573441   library setup time
                                            250.573441   data required time
---------------------------------------------------------------------------------------------
                                            250.573441   data required time
                                            -19.767914   data arrival time
---------------------------------------------------------------------------------------------
                                            230.805527   slack (MET)




===========================================================================
report_checks --slack_max -0.01
============================================================================
======================= nom_tt_025C_3v30 Corner ===================================

No paths found.


===========================================================================
 report_check_types -max_slew -max_cap -max_fanout -violators
============================================================================
======================= nom_tt_025C_3v30 Corner ===================================



===========================================================================
report_parasitic_annotation -report_unannotated
============================================================================
Found 192 unannotated drivers.
 DBG0_IN
 IRQ_OUT_IN
 PSRAM_CE_N_IN
 PSRAM_SCK_IN
 REMOD_A_I_IN
 REMOD_A_Q_IN
 SPI_MISO_IN
 clkload0/ZN
 clkload1/ZN
 clkload10/ZN
 clkload100/Z
 clkload101/ZN
 clkload102/Z
 clkload103/ZN
 clkload104/ZN
 clkload105/Z
 clkload106/Z
 clkload107/Z
 clkload108/ZN
 clkload109/Z
 clkload11/Z
 clkload110/ZN
 clkload111/Z
 clkload112/ZN
 clkload113/ZN
 clkload114/Z
 clkload115/ZN
 clkload116/ZN
 clkload117/ZN
 clkload118/Z
 clkload119/Z
 clkload12/ZN
 clkload120/Z
 clkload121/ZN
 clkload122/Z
 clkload123/ZN
 clkload124/Z
 clkload125/ZN
 clkload126/Z
 clkload127/Z
 clkload128/Z
 clkload129/ZN
 clkload13/Z
 clkload130/Z
 clkload131/Z
 clkload132/Z
 clkload133/ZN
 clkload134/Z
 clkload135/Z
 clkload136/ZN
 clkload137/ZN
 clkload138/ZN
 clkload139/ZN
 clkload14/Z
 clkload140/ZN
 clkload141/ZN
 clkload142/Z
 clkload143/Z
 clkload144/Z
 clkload145/Z
 clkload146/ZN
 clkload147/Z
 clkload148/ZN
 clkload149/ZN
 clkload15/ZN
 clkload150/ZN
 clkload151/ZN
 clkload152/Z
 clkload153/ZN
 clkload154/Z
 clkload155/ZN
 clkload156/ZN
 clkload157/ZN
 clkload158/ZN
 clkload159/ZN
 clkload16/ZN
 clkload160/ZN
 clkload161/ZN
 clkload162/ZN
 clkload163/ZN
 clkload164/Z
 clkload165/ZN
 clkload166/ZN
 clkload167/ZN
 clkload168/ZN
 clkload169/ZN
 clkload17/ZN
 clkload170/Z
 clkload171/ZN
 clkload172/ZN
 clkload173/Z
 clkload174/ZN
 clkload175/Z
 clkload176/ZN
 clkload177/ZN
 clkload178/ZN
 clkload179/ZN
 clkload18/ZN
 clkload180/ZN
 clkload181/ZN
 clkload182/ZN
 clkload183/ZN
 clkload184/ZN
 clkload19/Z
 clkload2/ZN
 clkload20/Z
 clkload21/ZN
 clkload22/Z
 clkload23/ZN
 clkload24/Z
 clkload25/ZN
 clkload26/ZN
 clkload27/Z
 clkload28/ZN
 clkload29/Z
 clkload3/ZN
 clkload30/Z
 clkload31/Z
 clkload32/Z
 clkload33/ZN
 clkload34/Z
 clkload35/Z
 clkload36/ZN
 clkload37/ZN
 clkload38/ZN
 clkload39/Z
 clkload4/ZN
 clkload40/ZN
 clkload41/Z
 clkload42/Z
 clkload43/ZN
 clkload44/Z
 clkload45/Z
 clkload46/ZN
 clkload47/ZN
 clkload48/ZN
 clkload49/Z
 clkload5/ZN
 clkload50/ZN
 clkload51/ZN
 clkload52/ZN
 clkload53/Z
 clkload54/Z
 clkload55/Z
 clkload56/Z
 clkload57/Z
 clkload58/ZN
 clkload59/Z
 clkload6/Z
 clkload60/ZN
 clkload61/ZN
 clkload62/ZN
 clkload63/Z
 clkload64/ZN
 clkload65/ZN
 clkload66/ZN
 clkload67/ZN
 clkload68/Z
 clkload69/Z
 clkload7/ZN
 clkload70/Z
 clkload71/ZN
 clkload72/ZN
 clkload73/ZN
 clkload74/ZN
 clkload75/ZN
 clkload76/ZN
 clkload77/ZN
 clkload78/ZN
 clkload79/ZN
 clkload8/ZN
 clkload80/ZN
 clkload81/Z
 clkload82/ZN
 clkload83/ZN
 clkload84/ZN
 clkload85/Z
 clkload86/ZN
 clkload87/ZN
 clkload88/Z
 clkload89/ZN
 clkload9/ZN
 clkload90/ZN
 clkload91/ZN
 clkload92/ZN
 clkload93/Z
 clkload94/ZN
 clkload95/ZN
 clkload96/Z
 clkload97/Z
 clkload98/Z
 clkload99/ZN
Found 0 partially unannotated drivers.

===========================================================================
max slew violation count 0
max fanout violation count 0
max cap violation count 0
============================================================================

===========================================================================
check_setup -verbose -unconstrained_endpoints -multiple_clock -no_clock -no_input_delay -loops -generated_clocks
===========================================================================
Warning: There are 10 input ports missing set_input_delay.
  ARRAY_ACQ_N_IN
  DBG0_IN
  HOST_CS
  IRQ_OUT_IN
  PSRAM_CE_N_IN
  PSRAM_SCK_IN
  REMOD_A_I_IN
  REMOD_A_Q_IN
  RESETB
  SPI_MISO_IN
Warning: There are 2 unconstrained endpoints.
  PSRAM_SCK_OUT
  _70160_/D
